﻿  Determinando los proyectos que se van a restaurar...
  Todos los proyectos est├ín actualizados para la restauraci├│n.
D:\Programacion\File Wizard\File Wizard\Form1.Designer.cs(31,130): error CS0246: El nombre del tipo o del espacio de nombres 'Form1' no se encontr├│ (┬┐falta una directiva using o una referencia de ensamblado?) [D:\Programacion\File Wizard\File Wizard\File Wizard.csproj]
D:\Programacion\File Wizard\File Wizard\ApplicationConfigurationRenamed.cs(9,13): warning CA1416: Se puede acceder a este sitio de llamada en todas las plataformas. "Application.SetHighDpiMode(HighDpiMode)" solo se admite en "windows" 6.1 y versiones posteriores. (https://learn.microsoft.com/dotnet/fundamentals/code-analysis/quality-rules/ca1416) [D:\Programacion\File Wizard\File Wizard\File Wizard.csproj]
D:\Programacion\File Wizard\File Wizard\ApplicationConfigurationRenamed.cs(11,13): warning CA1416: Se puede acceder a este sitio de llamada en todas las plataformas. "Application.SetCompatibleTextRenderingDefault(bool)" solo se admite en "windows" 6.1 y versiones posteriores. (https://learn.microsoft.com/dotnet/fundamentals/code-analysis/quality-rules/ca1416) [D:\Programacion\File Wizard\File Wizard\File Wizard.csproj]
D:\Programacion\File Wizard\File Wizard\ApplicationConfigurationRenamed.cs(9,40): warning CA1416: Se puede acceder a este sitio de llamada en todas las plataformas. "HighDpiMode.SystemAware" solo se admite en "windows" 6.1 y versiones posteriores. (https://learn.microsoft.com/dotnet/fundamentals/code-analysis/quality-rules/ca1416) [D:\Programacion\File Wizard\File Wizard\File Wizard.csproj]
D:\Programacion\File Wizard\File Wizard\ApplicationConfigurationRenamed.cs(10,13): warning CA1416: Se puede acceder a este sitio de llamada en todas las plataformas. "Application.EnableVisualStyles()" solo se admite en "windows" 6.1 y versiones posteriores. (https://learn.microsoft.com/dotnet/fundamentals/code-analysis/quality-rules/ca1416) [D:\Programacion\File Wizard\File Wizard\File Wizard.csproj]
D:\Programacion\File Wizard\File Wizard\Form1.cs(40,13): warning CA1416: Se puede acceder a este sitio de llamada en todas las plataformas. "Control.Show()" solo se admite en "windows" 6.1 y versiones posteriores. (https://learn.microsoft.com/dotnet/fundamentals/code-analysis/quality-rules/ca1416) [D:\Programacion\File Wizard\File Wizard\File Wizard.csproj]
D:\Programacion\File Wizard\File Wizard\Form1.cs(23,13): warning CA1416: Se puede acceder a este sitio de llamada en todas las plataformas. "Control.Show()" solo se admite en "windows" 6.1 y versiones posteriores. (https://learn.microsoft.com/dotnet/fundamentals/code-analysis/quality-rules/ca1416) [D:\Programacion\File Wizard\File Wizard\File Wizard.csproj]
D:\Programacion\File Wizard\File Wizard\Form1.cs(34,13): warning CA1416: Se puede acceder a este sitio de llamada en todas las plataformas. "Control.Show()" solo se admite en "windows" 6.1 y versiones posteriores. (https://learn.microsoft.com/dotnet/fundamentals/code-analysis/quality-rules/ca1416) [D:\Programacion\File Wizard\File Wizard\File Wizard.csproj]
D:\Programacion\File Wizard\File Wizard\Form1.cs(28,13): warning CA1416: Se puede acceder a este sitio de llamada en todas las plataformas. "MessageBox.Show(string?)" solo se admite en "windows" 6.1 y versiones posteriores. (https://learn.microsoft.com/dotnet/fundamentals/code-analysis/quality-rules/ca1416) [D:\Programacion\File Wizard\File Wizard\File Wizard.csproj]
D:\Programacion\File Wizard\File Wizard\Program.cs(18,13): warning CA1416: Se puede acceder a este sitio de llamada en todas las plataformas. "Application.Run(Form)" solo se admite en "windows" 6.1 y versiones posteriores. (https://learn.microsoft.com/dotnet/fundamentals/code-analysis/quality-rules/ca1416) [D:\Programacion\File Wizard\File Wizard\File Wizard.csproj]
D:\Programacion\File Wizard\File Wizard\Form2.cs(45,17): warning CA1416: Se puede acceder a este sitio de llamada en todas las plataformas. "MessageBox.Show(string?)" solo se admite en "windows" 6.1 y versiones posteriores. (https://learn.microsoft.com/dotnet/fundamentals/code-analysis/quality-rules/ca1416) [D:\Programacion\File Wizard\File Wizard\File Wizard.csproj]
D:\Programacion\File Wizard\File Wizard\Form2.cs(38,17): warning CA1416: Se puede acceder a este sitio de llamada en todas las plataformas. "CommonDialog.ShowDialog()" solo se admite en "windows" 6.1 y versiones posteriores. (https://learn.microsoft.com/dotnet/fundamentals/code-analysis/quality-rules/ca1416) [D:\Programacion\File Wizard\File Wizard\File Wizard.csproj]
D:\Programacion\File Wizard\File Wizard\Form2.cs(37,13): warning CA1416: Se puede acceder a este sitio de llamada en todas las plataformas. "FolderBrowserDialog.ShowNewFolderButton" solo se admite en "windows" 6.1 y versiones posteriores. (https://learn.microsoft.com/dotnet/fundamentals/code-analysis/quality-rules/ca1416) [D:\Programacion\File Wizard\File Wizard\File Wizard.csproj]
D:\Programacion\File Wizard\File Wizard\Form2.cs(41,29): warning CA1416: Se puede acceder a este sitio de llamada en todas las plataformas. "FolderBrowserDialog.SelectedPath" solo se admite en "windows" 6.1 y versiones posteriores. (https://learn.microsoft.com/dotnet/fundamentals/code-analysis/quality-rules/ca1416) [D:\Programacion\File Wizard\File Wizard\File Wizard.csproj]
D:\Programacion\File Wizard\File Wizard\Form2.cs(40,17): warning CA1416: Se puede acceder a este sitio de llamada en todas las plataformas. "TextBox.Text" solo se admite en "windows" 6.1 y versiones posteriores. (https://learn.microsoft.com/dotnet/fundamentals/code-analysis/quality-rules/ca1416) [D:\Programacion\File Wizard\File Wizard\File Wizard.csproj]
D:\Programacion\File Wizard\File Wizard\Form2.cs(36,13): warning CA1416: Se puede acceder a este sitio de llamada en todas las plataformas. "FolderBrowserDialog.Description" solo se admite en "windows" 6.1 y versiones posteriores. (https://learn.microsoft.com/dotnet/fundamentals/code-analysis/quality-rules/ca1416) [D:\Programacion\File Wizard\File Wizard\File Wizard.csproj]
D:\Programacion\File Wizard\File Wizard\Form2.cs(34,41): warning CA1416: Se puede acceder a este sitio de llamada en todas las plataformas. "FolderBrowserDialog" solo se admite en "windows" 6.1 y versiones posteriores. (https://learn.microsoft.com/dotnet/fundamentals/code-analysis/quality-rules/ca1416) [D:\Programacion\File Wizard\File Wizard\File Wizard.csproj]
D:\Programacion\File Wizard\File Wizard\Form2.cs(40,31): warning CA1416: Se puede acceder a este sitio de llamada en todas las plataformas. "FolderBrowserDialog.SelectedPath" solo se admite en "windows" 6.1 y versiones posteriores. (https://learn.microsoft.com/dotnet/fundamentals/code-analysis/quality-rules/ca1416) [D:\Programacion\File Wizard\File Wizard\File Wizard.csproj]
D:\Programacion\File Wizard\File Wizard\Form2.cs(35,13): warning CA1416: Se puede acceder a este sitio de llamada en todas las plataformas. "FolderBrowserDialog.SelectedPath" solo se admite en "windows" 6.1 y versiones posteriores. (https://learn.microsoft.com/dotnet/fundamentals/code-analysis/quality-rules/ca1416) [D:\Programacion\File Wizard\File Wizard\File Wizard.csproj]
D:\Programacion\File Wizard\File Wizard\Form4.cs(34,31): warning CA1416: Se puede acceder a este sitio de llamada en todas las plataformas. "FolderBrowserDialog.SelectedPath" solo se admite en "windows" 6.1 y versiones posteriores. (https://learn.microsoft.com/dotnet/fundamentals/code-analysis/quality-rules/ca1416) [D:\Programacion\File Wizard\File Wizard\File Wizard.csproj]
D:\Programacion\File Wizard\File Wizard\Form4.cs(32,17): warning CA1416: Se puede acceder a este sitio de llamada en todas las plataformas. "CommonDialog.ShowDialog()" solo se admite en "windows" 6.1 y versiones posteriores. (https://learn.microsoft.com/dotnet/fundamentals/code-analysis/quality-rules/ca1416) [D:\Programacion\File Wizard\File Wizard\File Wizard.csproj]
D:\Programacion\File Wizard\File Wizard\Form4.cs(30,13): warning CA1416: Se puede acceder a este sitio de llamada en todas las plataformas. "FolderBrowserDialog.Description" solo se admite en "windows" 6.1 y versiones posteriores. (https://learn.microsoft.com/dotnet/fundamentals/code-analysis/quality-rules/ca1416) [D:\Programacion\File Wizard\File Wizard\File Wizard.csproj]
D:\Programacion\File Wizard\File Wizard\Form4.cs(28,41): warning CA1416: Se puede acceder a este sitio de llamada en todas las plataformas. "FolderBrowserDialog" solo se admite en "windows" 6.1 y versiones posteriores. (https://learn.microsoft.com/dotnet/fundamentals/code-analysis/quality-rules/ca1416) [D:\Programacion\File Wizard\File Wizard\File Wizard.csproj]
D:\Programacion\File Wizard\File Wizard\Form4.cs(35,29): warning CA1416: Se puede acceder a este sitio de llamada en todas las plataformas. "FolderBrowserDialog.SelectedPath" solo se admite en "windows" 6.1 y versiones posteriores. (https://learn.microsoft.com/dotnet/fundamentals/code-analysis/quality-rules/ca1416) [D:\Programacion\File Wizard\File Wizard\File Wizard.csproj]
D:\Programacion\File Wizard\File Wizard\Form4.cs(29,13): warning CA1416: Se puede acceder a este sitio de llamada en todas las plataformas. "FolderBrowserDialog.SelectedPath" solo se admite en "windows" 6.1 y versiones posteriores. (https://learn.microsoft.com/dotnet/fundamentals/code-analysis/quality-rules/ca1416) [D:\Programacion\File Wizard\File Wizard\File Wizard.csproj]
D:\Programacion\File Wizard\File Wizard\Form4.cs(34,17): warning CA1416: Se puede acceder a este sitio de llamada en todas las plataformas. "TextBox.Text" solo se admite en "windows" 6.1 y versiones posteriores. (https://learn.microsoft.com/dotnet/fundamentals/code-analysis/quality-rules/ca1416) [D:\Programacion\File Wizard\File Wizard\File Wizard.csproj]
D:\Programacion\File Wizard\File Wizard\Form3.cs(34,13): warning CA1416: Se puede acceder a este sitio de llamada en todas las plataformas. "FolderBrowserDialog.SelectedPath" solo se admite en "windows" 6.1 y versiones posteriores. (https://learn.microsoft.com/dotnet/fundamentals/code-analysis/quality-rules/ca1416) [D:\Programacion\File Wizard\File Wizard\File Wizard.csproj]
D:\Programacion\File Wizard\File Wizard\Form4.cs(31,13): warning CA1416: Se puede acceder a este sitio de llamada en todas las plataformas. "FolderBrowserDialog.ShowNewFolderButton" solo se admite en "windows" 6.1 y versiones posteriores. (https://learn.microsoft.com/dotnet/fundamentals/code-analysis/quality-rules/ca1416) [D:\Programacion\File Wizard\File Wizard\File Wizard.csproj]
D:\Programacion\File Wizard\File Wizard\Form3.cs(36,13): warning CA1416: Se puede acceder a este sitio de llamada en todas las plataformas. "FolderBrowserDialog.ShowNewFolderButton" solo se admite en "windows" 6.1 y versiones posteriores. (https://learn.microsoft.com/dotnet/fundamentals/code-analysis/quality-rules/ca1416) [D:\Programacion\File Wizard\File Wizard\File Wizard.csproj]
D:\Programacion\File Wizard\File Wizard\Form3.cs(37,17): warning CA1416: Se puede acceder a este sitio de llamada en todas las plataformas. "CommonDialog.ShowDialog()" solo se admite en "windows" 6.1 y versiones posteriores. (https://learn.microsoft.com/dotnet/fundamentals/code-analysis/quality-rules/ca1416) [D:\Programacion\File Wizard\File Wizard\File Wizard.csproj]
D:\Programacion\File Wizard\File Wizard\Form4.cs(39,17): warning CA1416: Se puede acceder a este sitio de llamada en todas las plataformas. "MessageBox.Show(string?)" solo se admite en "windows" 6.1 y versiones posteriores. (https://learn.microsoft.com/dotnet/fundamentals/code-analysis/quality-rules/ca1416) [D:\Programacion\File Wizard\File Wizard\File Wizard.csproj]
D:\Programacion\File Wizard\File Wizard\Form3.cs(39,17): warning CA1416: Se puede acceder a este sitio de llamada en todas las plataformas. "TextBox.Text" solo se admite en "windows" 6.1 y versiones posteriores. (https://learn.microsoft.com/dotnet/fundamentals/code-analysis/quality-rules/ca1416) [D:\Programacion\File Wizard\File Wizard\File Wizard.csproj]
D:\Programacion\File Wizard\File Wizard\Form3.cs(35,13): warning CA1416: Se puede acceder a este sitio de llamada en todas las plataformas. "FolderBrowserDialog.Description" solo se admite en "windows" 6.1 y versiones posteriores. (https://learn.microsoft.com/dotnet/fundamentals/code-analysis/quality-rules/ca1416) [D:\Programacion\File Wizard\File Wizard\File Wizard.csproj]
D:\Programacion\File Wizard\File Wizard\Form3.cs(39,31): warning CA1416: Se puede acceder a este sitio de llamada en todas las plataformas. "FolderBrowserDialog.SelectedPath" solo se admite en "windows" 6.1 y versiones posteriores. (https://learn.microsoft.com/dotnet/fundamentals/code-analysis/quality-rules/ca1416) [D:\Programacion\File Wizard\File Wizard\File Wizard.csproj]
D:\Programacion\File Wizard\File Wizard\Form3.cs(44,17): warning CA1416: Se puede acceder a este sitio de llamada en todas las plataformas. "MessageBox.Show(string?)" solo se admite en "windows" 6.1 y versiones posteriores. (https://learn.microsoft.com/dotnet/fundamentals/code-analysis/quality-rules/ca1416) [D:\Programacion\File Wizard\File Wizard\File Wizard.csproj]
D:\Programacion\File Wizard\File Wizard\Form3.cs(33,41): warning CA1416: Se puede acceder a este sitio de llamada en todas las plataformas. "FolderBrowserDialog" solo se admite en "windows" 6.1 y versiones posteriores. (https://learn.microsoft.com/dotnet/fundamentals/code-analysis/quality-rules/ca1416) [D:\Programacion\File Wizard\File Wizard\File Wizard.csproj]
D:\Programacion\File Wizard\File Wizard\Form3.cs(40,29): warning CA1416: Se puede acceder a este sitio de llamada en todas las plataformas. "FolderBrowserDialog.SelectedPath" solo se admite en "windows" 6.1 y versiones posteriores. (https://learn.microsoft.com/dotnet/fundamentals/code-analysis/quality-rules/ca1416) [D:\Programacion\File Wizard\File Wizard\File Wizard.csproj]
D:\Programacion\File Wizard\File Wizard\Form3.cs(79,21): warning CA1416: Se puede acceder a este sitio de llamada en todas las plataformas. "ButtonBase.BackColor" solo se admite en "windows" 6.1 y versiones posteriores. (https://learn.microsoft.com/dotnet/fundamentals/code-analysis/quality-rules/ca1416) [D:\Programacion\File Wizard\File Wizard\File Wizard.csproj]
D:\Programacion\File Wizard\File Wizard\Form3.cs(87,17): warning CA1416: Se puede acceder a este sitio de llamada en todas las plataformas. "Label.Text" solo se admite en "windows" 6.1 y versiones posteriores. (https://learn.microsoft.com/dotnet/fundamentals/code-analysis/quality-rules/ca1416) [D:\Programacion\File Wizard\File Wizard\File Wizard.csproj]
D:\Programacion\File Wizard\File Wizard\Form3.cs(75,21): warning CA1416: Se puede acceder a este sitio de llamada en todas las plataformas. "ButtonBase.BackColor" solo se admite en "windows" 6.1 y versiones posteriores. (https://learn.microsoft.com/dotnet/fundamentals/code-analysis/quality-rules/ca1416) [D:\Programacion\File Wizard\File Wizard\File Wizard.csproj]
D:\Programacion\File Wizard\File Wizard\Form3.cs(65,21): warning CA1416: Se puede acceder a este sitio de llamada en todas las plataformas. "ButtonBase.BackColor" solo se admite en "windows" 6.1 y versiones posteriores. (https://learn.microsoft.com/dotnet/fundamentals/code-analysis/quality-rules/ca1416) [D:\Programacion\File Wizard\File Wizard\File Wizard.csproj]
D:\Programacion\File Wizard\File Wizard\Form3.cs(60,21): warning CA1416: Se puede acceder a este sitio de llamada en todas las plataformas. "Control.Enabled" solo se admite en "windows" 6.1 y versiones posteriores. (https://learn.microsoft.com/dotnet/fundamentals/code-analysis/quality-rules/ca1416) [D:\Programacion\File Wizard\File Wizard\File Wizard.csproj]
D:\Programacion\File Wizard\File Wizard\Form3.cs(73,21): warning CA1416: Se puede acceder a este sitio de llamada en todas las plataformas. "Control.BackColor" solo se admite en "windows" 6.1 y versiones posteriores. (https://learn.microsoft.com/dotnet/fundamentals/code-analysis/quality-rules/ca1416) [D:\Programacion\File Wizard\File Wizard\File Wizard.csproj]
D:\Programacion\File Wizard\File Wizard\Form3.cs(58,21): warning CA1416: Se puede acceder a este sitio de llamada en todas las plataformas. "Label.Text" solo se admite en "windows" 6.1 y versiones posteriores. (https://learn.microsoft.com/dotnet/fundamentals/code-analysis/quality-rules/ca1416) [D:\Programacion\File Wizard\File Wizard\File Wizard.csproj]
D:\Programacion\File Wizard\File Wizard\Form3.cs(59,21): warning CA1416: Se puede acceder a este sitio de llamada en todas las plataformas. "Control.BackColor" solo se admite en "windows" 6.1 y versiones posteriores. (https://learn.microsoft.com/dotnet/fundamentals/code-analysis/quality-rules/ca1416) [D:\Programacion\File Wizard\File Wizard\File Wizard.csproj]
D:\Programacion\File Wizard\File Wizard\Form3.cs(93,17): warning CA1416: Se puede acceder a este sitio de llamada en todas las plataformas. "Control.Enabled" solo se admite en "windows" 6.1 y versiones posteriores. (https://learn.microsoft.com/dotnet/fundamentals/code-analysis/quality-rules/ca1416) [D:\Programacion\File Wizard\File Wizard\File Wizard.csproj]
D:\Programacion\File Wizard\File Wizard\Form3.cs(96,17): warning CA1416: Se puede acceder a este sitio de llamada en todas las plataformas. "ButtonBase.BackColor" solo se admite en "windows" 6.1 y versiones posteriores. (https://learn.microsoft.com/dotnet/fundamentals/code-analysis/quality-rules/ca1416) [D:\Programacion\File Wizard\File Wizard\File Wizard.csproj]
D:\Programacion\File Wizard\File Wizard\Form3.cs(74,21): warning CA1416: Se puede acceder a este sitio de llamada en todas las plataformas. "Control.Enabled" solo se admite en "windows" 6.1 y versiones posteriores. (https://learn.microsoft.com/dotnet/fundamentals/code-analysis/quality-rules/ca1416) [D:\Programacion\File Wizard\File Wizard\File Wizard.csproj]
D:\Programacion\File Wizard\File Wizard\Form3.cs(72,21): warning CA1416: Se puede acceder a este sitio de llamada en todas las plataformas. "Label.Text" solo se admite en "windows" 6.1 y versiones posteriores. (https://learn.microsoft.com/dotnet/fundamentals/code-analysis/quality-rules/ca1416) [D:\Programacion\File Wizard\File Wizard\File Wizard.csproj]
D:\Programacion\File Wizard\File Wizard\Form3.cs(64,21): warning CA1416: Se puede acceder a este sitio de llamada en todas las plataformas. "Control.Enabled" solo se admite en "windows" 6.1 y versiones posteriores. (https://learn.microsoft.com/dotnet/fundamentals/code-analysis/quality-rules/ca1416) [D:\Programacion\File Wizard\File Wizard\File Wizard.csproj]
D:\Programacion\File Wizard\File Wizard\Form3.cs(88,17): warning CA1416: Se puede acceder a este sitio de llamada en todas las plataformas. "Control.BackColor" solo se admite en "windows" 6.1 y versiones posteriores. (https://learn.microsoft.com/dotnet/fundamentals/code-analysis/quality-rules/ca1416) [D:\Programacion\File Wizard\File Wizard\File Wizard.csproj]
D:\Programacion\File Wizard\File Wizard\Form3.cs(67,21): warning CA1416: Se puede acceder a este sitio de llamada en todas las plataformas. "ButtonBase.BackColor" solo se admite en "windows" 6.1 y versiones posteriores. (https://learn.microsoft.com/dotnet/fundamentals/code-analysis/quality-rules/ca1416) [D:\Programacion\File Wizard\File Wizard\File Wizard.csproj]
D:\Programacion\File Wizard\File Wizard\Form3.cs(61,21): warning CA1416: Se puede acceder a este sitio de llamada en todas las plataformas. "ButtonBase.BackColor" solo se admite en "windows" 6.1 y versiones posteriores. (https://learn.microsoft.com/dotnet/fundamentals/code-analysis/quality-rules/ca1416) [D:\Programacion\File Wizard\File Wizard\File Wizard.csproj]
D:\Programacion\File Wizard\File Wizard\Form3.cs(78,21): warning CA1416: Se puede acceder a este sitio de llamada en todas las plataformas. "Control.Enabled" solo se admite en "windows" 6.1 y versiones posteriores. (https://learn.microsoft.com/dotnet/fundamentals/code-analysis/quality-rules/ca1416) [D:\Programacion\File Wizard\File Wizard\File Wizard.csproj]
D:\Programacion\File Wizard\File Wizard\Form3.cs(94,17): warning CA1416: Se puede acceder a este sitio de llamada en todas las plataformas. "ButtonBase.BackColor" solo se admite en "windows" 6.1 y versiones posteriores. (https://learn.microsoft.com/dotnet/fundamentals/code-analysis/quality-rules/ca1416) [D:\Programacion\File Wizard\File Wizard\File Wizard.csproj]
D:\Programacion\File Wizard\File Wizard\Form3.cs(86,17): warning CA1416: Se puede acceder a este sitio de llamada en todas las plataformas. "MessageBox.Show(string?)" solo se admite en "windows" 6.1 y versiones posteriores. (https://learn.microsoft.com/dotnet/fundamentals/code-analysis/quality-rules/ca1416) [D:\Programacion\File Wizard\File Wizard\File Wizard.csproj]
D:\Programacion\File Wizard\File Wizard\Form3.cs(63,21): warning CA1416: Se puede acceder a este sitio de llamada en todas las plataformas. "ButtonBase.BackColor" solo se admite en "windows" 6.1 y versiones posteriores. (https://learn.microsoft.com/dotnet/fundamentals/code-analysis/quality-rules/ca1416) [D:\Programacion\File Wizard\File Wizard\File Wizard.csproj]
D:\Programacion\File Wizard\File Wizard\Form3.cs(95,17): warning CA1416: Se puede acceder a este sitio de llamada en todas las plataformas. "Control.Enabled" solo se admite en "windows" 6.1 y versiones posteriores. (https://learn.microsoft.com/dotnet/fundamentals/code-analysis/quality-rules/ca1416) [D:\Programacion\File Wizard\File Wizard\File Wizard.csproj]
D:\Programacion\File Wizard\File Wizard\Form3.cs(81,21): warning CA1416: Se puede acceder a este sitio de llamada en todas las plataformas. "ButtonBase.BackColor" solo se admite en "windows" 6.1 y versiones posteriores. (https://learn.microsoft.com/dotnet/fundamentals/code-analysis/quality-rules/ca1416) [D:\Programacion\File Wizard\File Wizard\File Wizard.csproj]
D:\Programacion\File Wizard\File Wizard\Form3.cs(90,17): warning CA1416: Se puede acceder a este sitio de llamada en todas las plataformas. "ButtonBase.BackColor" solo se admite en "windows" 6.1 y versiones posteriores. (https://learn.microsoft.com/dotnet/fundamentals/code-analysis/quality-rules/ca1416) [D:\Programacion\File Wizard\File Wizard\File Wizard.csproj]
D:\Programacion\File Wizard\File Wizard\Form3.cs(91,17): warning CA1416: Se puede acceder a este sitio de llamada en todas las plataformas. "Control.Enabled" solo se admite en "windows" 6.1 y versiones posteriores. (https://learn.microsoft.com/dotnet/fundamentals/code-analysis/quality-rules/ca1416) [D:\Programacion\File Wizard\File Wizard\File Wizard.csproj]
D:\Programacion\File Wizard\File Wizard\Form3.cs(57,21): warning CA1416: Se puede acceder a este sitio de llamada en todas las plataformas. "Timer.Start()" solo se admite en "windows" 6.1 y versiones posteriores. (https://learn.microsoft.com/dotnet/fundamentals/code-analysis/quality-rules/ca1416) [D:\Programacion\File Wizard\File Wizard\File Wizard.csproj]
D:\Programacion\File Wizard\File Wizard\Form3.cs(92,17): warning CA1416: Se puede acceder a este sitio de llamada en todas las plataformas. "ButtonBase.BackColor" solo se admite en "windows" 6.1 y versiones posteriores. (https://learn.microsoft.com/dotnet/fundamentals/code-analysis/quality-rules/ca1416) [D:\Programacion\File Wizard\File Wizard\File Wizard.csproj]
D:\Programacion\File Wizard\File Wizard\Form3.cs(66,21): warning CA1416: Se puede acceder a este sitio de llamada en todas las plataformas. "Control.Enabled" solo se admite en "windows" 6.1 y versiones posteriores. (https://learn.microsoft.com/dotnet/fundamentals/code-analysis/quality-rules/ca1416) [D:\Programacion\File Wizard\File Wizard\File Wizard.csproj]
D:\Programacion\File Wizard\File Wizard\Form3.cs(77,21): warning CA1416: Se puede acceder a este sitio de llamada en todas las plataformas. "ButtonBase.BackColor" solo se admite en "windows" 6.1 y versiones posteriores. (https://learn.microsoft.com/dotnet/fundamentals/code-analysis/quality-rules/ca1416) [D:\Programacion\File Wizard\File Wizard\File Wizard.csproj]
D:\Programacion\File Wizard\File Wizard\Form3.cs(71,21): warning CA1416: Se puede acceder a este sitio de llamada en todas las plataformas. "MessageBox.Show(string?)" solo se admite en "windows" 6.1 y versiones posteriores. (https://learn.microsoft.com/dotnet/fundamentals/code-analysis/quality-rules/ca1416) [D:\Programacion\File Wizard\File Wizard\File Wizard.csproj]
D:\Programacion\File Wizard\File Wizard\Form3.cs(89,17): warning CA1416: Se puede acceder a este sitio de llamada en todas las plataformas. "Control.Enabled" solo se admite en "windows" 6.1 y versiones posteriores. (https://learn.microsoft.com/dotnet/fundamentals/code-analysis/quality-rules/ca1416) [D:\Programacion\File Wizard\File Wizard\File Wizard.csproj]
D:\Programacion\File Wizard\File Wizard\Form3.cs(80,21): warning CA1416: Se puede acceder a este sitio de llamada en todas las plataformas. "Control.Enabled" solo se admite en "windows" 6.1 y versiones posteriores. (https://learn.microsoft.com/dotnet/fundamentals/code-analysis/quality-rules/ca1416) [D:\Programacion\File Wizard\File Wizard\File Wizard.csproj]
D:\Programacion\File Wizard\File Wizard\Form3.cs(76,21): warning CA1416: Se puede acceder a este sitio de llamada en todas las plataformas. "Control.Enabled" solo se admite en "windows" 6.1 y versiones posteriores. (https://learn.microsoft.com/dotnet/fundamentals/code-analysis/quality-rules/ca1416) [D:\Programacion\File Wizard\File Wizard\File Wizard.csproj]
D:\Programacion\File Wizard\File Wizard\Form3.cs(62,21): warning CA1416: Se puede acceder a este sitio de llamada en todas las plataformas. "Control.Enabled" solo se admite en "windows" 6.1 y versiones posteriores. (https://learn.microsoft.com/dotnet/fundamentals/code-analysis/quality-rules/ca1416) [D:\Programacion\File Wizard\File Wizard\File Wizard.csproj]
D:\Programacion\File Wizard\File Wizard\Form4.cs(55,21): warning CA1416: Se puede acceder a este sitio de llamada en todas las plataformas. "Control.Enabled" solo se admite en "windows" 6.1 y versiones posteriores. (https://learn.microsoft.com/dotnet/fundamentals/code-analysis/quality-rules/ca1416) [D:\Programacion\File Wizard\File Wizard\File Wizard.csproj]
D:\Programacion\File Wizard\File Wizard\Form4.cs(60,21): warning CA1416: Se puede acceder a este sitio de llamada en todas las plataformas. "ButtonBase.BackColor" solo se admite en "windows" 6.1 y versiones posteriores. (https://learn.microsoft.com/dotnet/fundamentals/code-analysis/quality-rules/ca1416) [D:\Programacion\File Wizard\File Wizard\File Wizard.csproj]
D:\Programacion\File Wizard\File Wizard\Form4.cs(58,21): warning CA1416: Se puede acceder a este sitio de llamada en todas las plataformas. "ButtonBase.BackColor" solo se admite en "windows" 6.1 y versiones posteriores. (https://learn.microsoft.com/dotnet/fundamentals/code-analysis/quality-rules/ca1416) [D:\Programacion\File Wizard\File Wizard\File Wizard.csproj]
D:\Programacion\File Wizard\File Wizard\Form4.cs(81,17): warning CA1416: Se puede acceder a este sitio de llamada en todas las plataformas. "ButtonBase.BackColor" solo se admite en "windows" 6.1 y versiones posteriores. (https://learn.microsoft.com/dotnet/fundamentals/code-analysis/quality-rules/ca1416) [D:\Programacion\File Wizard\File Wizard\File Wizard.csproj]
D:\Programacion\File Wizard\File Wizard\Form4.cs(72,21): warning CA1416: Se puede acceder a este sitio de llamada en todas las plataformas. "ButtonBase.BackColor" solo se admite en "windows" 6.1 y versiones posteriores. (https://learn.microsoft.com/dotnet/fundamentals/code-analysis/quality-rules/ca1416) [D:\Programacion\File Wizard\File Wizard\File Wizard.csproj]
D:\Programacion\File Wizard\File Wizard\Form4.cs(79,17): warning CA1416: Se puede acceder a este sitio de llamada en todas las plataformas. "Control.BackColor" solo se admite en "windows" 6.1 y versiones posteriores. (https://learn.microsoft.com/dotnet/fundamentals/code-analysis/quality-rules/ca1416) [D:\Programacion\File Wizard\File Wizard\File Wizard.csproj]
D:\Programacion\File Wizard\File Wizard\Form4.cs(71,21): warning CA1416: Se puede acceder a este sitio de llamada en todas las plataformas. "Control.Enabled" solo se admite en "windows" 6.1 y versiones posteriores. (https://learn.microsoft.com/dotnet/fundamentals/code-analysis/quality-rules/ca1416) [D:\Programacion\File Wizard\File Wizard\File Wizard.csproj]
D:\Programacion\File Wizard\File Wizard\Form4.cs(78,17): warning CA1416: Se puede acceder a este sitio de llamada en todas las plataformas. "Label.Text" solo se admite en "windows" 6.1 y versiones posteriores. (https://learn.microsoft.com/dotnet/fundamentals/code-analysis/quality-rules/ca1416) [D:\Programacion\File Wizard\File Wizard\File Wizard.csproj]
D:\Programacion\File Wizard\File Wizard\Form4.cs(54,21): warning CA1416: Se puede acceder a este sitio de llamada en todas las plataformas. "Control.BackColor" solo se admite en "windows" 6.1 y versiones posteriores. (https://learn.microsoft.com/dotnet/fundamentals/code-analysis/quality-rules/ca1416) [D:\Programacion\File Wizard\File Wizard\File Wizard.csproj]
D:\Programacion\File Wizard\File Wizard\Form4.cs(69,21): warning CA1416: Se puede acceder a este sitio de llamada en todas las plataformas. "Control.Enabled" solo se admite en "windows" 6.1 y versiones posteriores. (https://learn.microsoft.com/dotnet/fundamentals/code-analysis/quality-rules/ca1416) [D:\Programacion\File Wizard\File Wizard\File Wizard.csproj]
D:\Programacion\File Wizard\File Wizard\Form4.cs(59,21): warning CA1416: Se puede acceder a este sitio de llamada en todas las plataformas. "Control.Enabled" solo se admite en "windows" 6.1 y versiones posteriores. (https://learn.microsoft.com/dotnet/fundamentals/code-analysis/quality-rules/ca1416) [D:\Programacion\File Wizard\File Wizard\File Wizard.csproj]
D:\Programacion\File Wizard\File Wizard\Form4.cs(67,21): warning CA1416: Se puede acceder a este sitio de llamada en todas las plataformas. "Control.Enabled" solo se admite en "windows" 6.1 y versiones posteriores. (https://learn.microsoft.com/dotnet/fundamentals/code-analysis/quality-rules/ca1416) [D:\Programacion\File Wizard\File Wizard\File Wizard.csproj]
D:\Programacion\File Wizard\File Wizard\Form4.cs(66,21): warning CA1416: Se puede acceder a este sitio de llamada en todas las plataformas. "Control.BackColor" solo se admite en "windows" 6.1 y versiones posteriores. (https://learn.microsoft.com/dotnet/fundamentals/code-analysis/quality-rules/ca1416) [D:\Programacion\File Wizard\File Wizard\File Wizard.csproj]
D:\Programacion\File Wizard\File Wizard\Form4.cs(57,21): warning CA1416: Se puede acceder a este sitio de llamada en todas las plataformas. "Control.Enabled" solo se admite en "windows" 6.1 y versiones posteriores. (https://learn.microsoft.com/dotnet/fundamentals/code-analysis/quality-rules/ca1416) [D:\Programacion\File Wizard\File Wizard\File Wizard.csproj]
D:\Programacion\File Wizard\File Wizard\Form2.cs(60,21): warning CA1416: Se puede acceder a este sitio de llamada en todas las plataformas. "Control.BackColor" solo se admite en "windows" 6.1 y versiones posteriores. (https://learn.microsoft.com/dotnet/fundamentals/code-analysis/quality-rules/ca1416) [D:\Programacion\File Wizard\File Wizard\File Wizard.csproj]
D:\Programacion\File Wizard\File Wizard\Form4.cs(70,21): warning CA1416: Se puede acceder a este sitio de llamada en todas las plataformas. "ButtonBase.BackColor" solo se admite en "windows" 6.1 y versiones posteriores. (https://learn.microsoft.com/dotnet/fundamentals/code-analysis/quality-rules/ca1416) [D:\Programacion\File Wizard\File Wizard\File Wizard.csproj]
D:\Programacion\File Wizard\File Wizard\Form4.cs(65,21): warning CA1416: Se puede acceder a este sitio de llamada en todas las plataformas. "Label.Text" solo se admite en "windows" 6.1 y versiones posteriores. (https://learn.microsoft.com/dotnet/fundamentals/code-analysis/quality-rules/ca1416) [D:\Programacion\File Wizard\File Wizard\File Wizard.csproj]
D:\Programacion\File Wizard\File Wizard\Form4.cs(68,21): warning CA1416: Se puede acceder a este sitio de llamada en todas las plataformas. "ButtonBase.BackColor" solo se admite en "windows" 6.1 y versiones posteriores. (https://learn.microsoft.com/dotnet/fundamentals/code-analysis/quality-rules/ca1416) [D:\Programacion\File Wizard\File Wizard\File Wizard.csproj]
D:\Programacion\File Wizard\File Wizard\Form2.cs(89,17): warning CA1416: Se puede acceder a este sitio de llamada en todas las plataformas. "Control.BackColor" solo se admite en "windows" 6.1 y versiones posteriores. (https://learn.microsoft.com/dotnet/fundamentals/code-analysis/quality-rules/ca1416) [D:\Programacion\File Wizard\File Wizard\File Wizard.csproj]
D:\Programacion\File Wizard\File Wizard\Form4.cs(52,21): warning CA1416: Se puede acceder a este sitio de llamada en todas las plataformas. "Timer.Start()" solo se admite en "windows" 6.1 y versiones posteriores. (https://learn.microsoft.com/dotnet/fundamentals/code-analysis/quality-rules/ca1416) [D:\Programacion\File Wizard\File Wizard\File Wizard.csproj]
D:\Programacion\File Wizard\File Wizard\Form2.cs(81,21): warning CA1416: Se puede acceder a este sitio de llamada en todas las plataformas. "Control.Enabled" solo se admite en "windows" 6.1 y versiones posteriores. (https://learn.microsoft.com/dotnet/fundamentals/code-analysis/quality-rules/ca1416) [D:\Programacion\File Wizard\File Wizard\File Wizard.csproj]
D:\Programacion\File Wizard\File Wizard\Form4.cs(85,17): warning CA1416: Se puede acceder a este sitio de llamada en todas las plataformas. "ButtonBase.BackColor" solo se admite en "windows" 6.1 y versiones posteriores. (https://learn.microsoft.com/dotnet/fundamentals/code-analysis/quality-rules/ca1416) [D:\Programacion\File Wizard\File Wizard\File Wizard.csproj]
D:\Programacion\File Wizard\File Wizard\Form4.cs(80,17): warning CA1416: Se puede acceder a este sitio de llamada en todas las plataformas. "Control.Enabled" solo se admite en "windows" 6.1 y versiones posteriores. (https://learn.microsoft.com/dotnet/fundamentals/code-analysis/quality-rules/ca1416) [D:\Programacion\File Wizard\File Wizard\File Wizard.csproj]
D:\Programacion\File Wizard\File Wizard\Form2.cs(68,21): warning CA1416: Se puede acceder a este sitio de llamada en todas las plataformas. "ButtonBase.BackColor" solo se admite en "windows" 6.1 y versiones posteriores. (https://learn.microsoft.com/dotnet/fundamentals/code-analysis/quality-rules/ca1416) [D:\Programacion\File Wizard\File Wizard\File Wizard.csproj]
D:\Programacion\File Wizard\File Wizard\Form4.cs(82,17): warning CA1416: Se puede acceder a este sitio de llamada en todas las plataformas. "Control.Enabled" solo se admite en "windows" 6.1 y versiones posteriores. (https://learn.microsoft.com/dotnet/fundamentals/code-analysis/quality-rules/ca1416) [D:\Programacion\File Wizard\File Wizard\File Wizard.csproj]
D:\Programacion\File Wizard\File Wizard\Form4.cs(84,17): warning CA1416: Se puede acceder a este sitio de llamada en todas las plataformas. "Control.Enabled" solo se admite en "windows" 6.1 y versiones posteriores. (https://learn.microsoft.com/dotnet/fundamentals/code-analysis/quality-rules/ca1416) [D:\Programacion\File Wizard\File Wizard\File Wizard.csproj]
D:\Programacion\File Wizard\File Wizard\Form4.cs(83,17): warning CA1416: Se puede acceder a este sitio de llamada en todas las plataformas. "ButtonBase.BackColor" solo se admite en "windows" 6.1 y versiones posteriores. (https://learn.microsoft.com/dotnet/fundamentals/code-analysis/quality-rules/ca1416) [D:\Programacion\File Wizard\File Wizard\File Wizard.csproj]
D:\Programacion\File Wizard\File Wizard\Form4.cs(56,21): warning CA1416: Se puede acceder a este sitio de llamada en todas las plataformas. "ButtonBase.BackColor" solo se admite en "windows" 6.1 y versiones posteriores. (https://learn.microsoft.com/dotnet/fundamentals/code-analysis/quality-rules/ca1416) [D:\Programacion\File Wizard\File Wizard\File Wizard.csproj]
D:\Programacion\File Wizard\File Wizard\Form2.cs(97,17): warning CA1416: Se puede acceder a este sitio de llamada en todas las plataformas. "ButtonBase.BackColor" solo se admite en "windows" 6.1 y versiones posteriores. (https://learn.microsoft.com/dotnet/fundamentals/code-analysis/quality-rules/ca1416) [D:\Programacion\File Wizard\File Wizard\File Wizard.csproj]
D:\Programacion\File Wizard\File Wizard\Form4.cs(77,17): warning CA1416: Se puede acceder a este sitio de llamada en todas las plataformas. "MessageBox.Show(string?)" solo se admite en "windows" 6.1 y versiones posteriores. (https://learn.microsoft.com/dotnet/fundamentals/code-analysis/quality-rules/ca1416) [D:\Programacion\File Wizard\File Wizard\File Wizard.csproj]
D:\Programacion\File Wizard\File Wizard\Form2.cs(96,17): warning CA1416: Se puede acceder a este sitio de llamada en todas las plataformas. "Control.Enabled" solo se admite en "windows" 6.1 y versiones posteriores. (https://learn.microsoft.com/dotnet/fundamentals/code-analysis/quality-rules/ca1416) [D:\Programacion\File Wizard\File Wizard\File Wizard.csproj]
D:\Programacion\File Wizard\File Wizard\Form4.cs(53,21): warning CA1416: Se puede acceder a este sitio de llamada en todas las plataformas. "Label.Text" solo se admite en "windows" 6.1 y versiones posteriores. (https://learn.microsoft.com/dotnet/fundamentals/code-analysis/quality-rules/ca1416) [D:\Programacion\File Wizard\File Wizard\File Wizard.csproj]
D:\Programacion\File Wizard\File Wizard\Form4.cs(64,21): warning CA1416: Se puede acceder a este sitio de llamada en todas las plataformas. "MessageBox.Show(string?)" solo se admite en "windows" 6.1 y versiones posteriores. (https://learn.microsoft.com/dotnet/fundamentals/code-analysis/quality-rules/ca1416) [D:\Programacion\File Wizard\File Wizard\File Wizard.csproj]
D:\Programacion\File Wizard\File Wizard\Form2.cs(79,21): warning CA1416: Se puede acceder a este sitio de llamada en todas las plataformas. "Control.Enabled" solo se admite en "windows" 6.1 y versiones posteriores. (https://learn.microsoft.com/dotnet/fundamentals/code-analysis/quality-rules/ca1416) [D:\Programacion\File Wizard\File Wizard\File Wizard.csproj]
D:\Programacion\File Wizard\File Wizard\Form2.cs(93,17): warning CA1416: Se puede acceder a este sitio de llamada en todas las plataformas. "ButtonBase.BackColor" solo se admite en "windows" 6.1 y versiones posteriores. (https://learn.microsoft.com/dotnet/fundamentals/code-analysis/quality-rules/ca1416) [D:\Programacion\File Wizard\File Wizard\File Wizard.csproj]
D:\Programacion\File Wizard\File Wizard\Form2.cs(87,17): warning CA1416: Se puede acceder a este sitio de llamada en todas las plataformas. "MessageBox.Show(string?)" solo se admite en "windows" 6.1 y versiones posteriores. (https://learn.microsoft.com/dotnet/fundamentals/code-analysis/quality-rules/ca1416) [D:\Programacion\File Wizard\File Wizard\File Wizard.csproj]
D:\Programacion\File Wizard\File Wizard\Form2.cs(94,17): warning CA1416: Se puede acceder a este sitio de llamada en todas las plataformas. "Control.Enabled" solo se admite en "windows" 6.1 y versiones posteriores. (https://learn.microsoft.com/dotnet/fundamentals/code-analysis/quality-rules/ca1416) [D:\Programacion\File Wizard\File Wizard\File Wizard.csproj]
D:\Programacion\File Wizard\File Wizard\Form2.cs(82,21): warning CA1416: Se puede acceder a este sitio de llamada en todas las plataformas. "ButtonBase.BackColor" solo se admite en "windows" 6.1 y versiones posteriores. (https://learn.microsoft.com/dotnet/fundamentals/code-analysis/quality-rules/ca1416) [D:\Programacion\File Wizard\File Wizard\File Wizard.csproj]
D:\Programacion\File Wizard\File Wizard\Form2.cs(75,21): warning CA1416: Se puede acceder a este sitio de llamada en todas las plataformas. "Control.Enabled" solo se admite en "windows" 6.1 y versiones posteriores. (https://learn.microsoft.com/dotnet/fundamentals/code-analysis/quality-rules/ca1416) [D:\Programacion\File Wizard\File Wizard\File Wizard.csproj]
D:\Programacion\File Wizard\File Wizard\Form2.cs(95,17): warning CA1416: Se puede acceder a este sitio de llamada en todas las plataformas. "ButtonBase.BackColor" solo se admite en "windows" 6.1 y versiones posteriores. (https://learn.microsoft.com/dotnet/fundamentals/code-analysis/quality-rules/ca1416) [D:\Programacion\File Wizard\File Wizard\File Wizard.csproj]
D:\Programacion\File Wizard\File Wizard\Form2.cs(91,17): warning CA1416: Se puede acceder a este sitio de llamada en todas las plataformas. "ButtonBase.BackColor" solo se admite en "windows" 6.1 y versiones posteriores. (https://learn.microsoft.com/dotnet/fundamentals/code-analysis/quality-rules/ca1416) [D:\Programacion\File Wizard\File Wizard\File Wizard.csproj]
D:\Programacion\File Wizard\File Wizard\Form2.cs(67,21): warning CA1416: Se puede acceder a este sitio de llamada en todas las plataformas. "Control.Enabled" solo se admite en "windows" 6.1 y versiones posteriores. (https://learn.microsoft.com/dotnet/fundamentals/code-analysis/quality-rules/ca1416) [D:\Programacion\File Wizard\File Wizard\File Wizard.csproj]
D:\Programacion\File Wizard\File Wizard\Form2.cs(58,21): warning CA1416: Se puede acceder a este sitio de llamada en todas las plataformas. "Timer.Start()" solo se admite en "windows" 6.1 y versiones posteriores. (https://learn.microsoft.com/dotnet/fundamentals/code-analysis/quality-rules/ca1416) [D:\Programacion\File Wizard\File Wizard\File Wizard.csproj]
D:\Programacion\File Wizard\File Wizard\Form2.cs(62,21): warning CA1416: Se puede acceder a este sitio de llamada en todas las plataformas. "ButtonBase.BackColor" solo se admite en "windows" 6.1 y versiones posteriores. (https://learn.microsoft.com/dotnet/fundamentals/code-analysis/quality-rules/ca1416) [D:\Programacion\File Wizard\File Wizard\File Wizard.csproj]
D:\Programacion\File Wizard\File Wizard\Form2.cs(88,17): warning CA1416: Se puede acceder a este sitio de llamada en todas las plataformas. "Label.Text" solo se admite en "windows" 6.1 y versiones posteriores. (https://learn.microsoft.com/dotnet/fundamentals/code-analysis/quality-rules/ca1416) [D:\Programacion\File Wizard\File Wizard\File Wizard.csproj]
D:\Programacion\File Wizard\File Wizard\Form2.cs(61,21): warning CA1416: Se puede acceder a este sitio de llamada en todas las plataformas. "Control.Enabled" solo se admite en "windows" 6.1 y versiones posteriores. (https://learn.microsoft.com/dotnet/fundamentals/code-analysis/quality-rules/ca1416) [D:\Programacion\File Wizard\File Wizard\File Wizard.csproj]
D:\Programacion\File Wizard\File Wizard\Form2.cs(76,21): warning CA1416: Se puede acceder a este sitio de llamada en todas las plataformas. "ButtonBase.BackColor" solo se admite en "windows" 6.1 y versiones posteriores. (https://learn.microsoft.com/dotnet/fundamentals/code-analysis/quality-rules/ca1416) [D:\Programacion\File Wizard\File Wizard\File Wizard.csproj]
D:\Programacion\File Wizard\File Wizard\Form2.cs(63,21): warning CA1416: Se puede acceder a este sitio de llamada en todas las plataformas. "Control.Enabled" solo se admite en "windows" 6.1 y versiones posteriores. (https://learn.microsoft.com/dotnet/fundamentals/code-analysis/quality-rules/ca1416) [D:\Programacion\File Wizard\File Wizard\File Wizard.csproj]
D:\Programacion\File Wizard\File Wizard\Form2.cs(90,17): warning CA1416: Se puede acceder a este sitio de llamada en todas las plataformas. "Control.Enabled" solo se admite en "windows" 6.1 y versiones posteriores. (https://learn.microsoft.com/dotnet/fundamentals/code-analysis/quality-rules/ca1416) [D:\Programacion\File Wizard\File Wizard\File Wizard.csproj]
D:\Programacion\File Wizard\File Wizard\Form2.cs(73,21): warning CA1416: Se puede acceder a este sitio de llamada en todas las plataformas. "Label.Text" solo se admite en "windows" 6.1 y versiones posteriores. (https://learn.microsoft.com/dotnet/fundamentals/code-analysis/quality-rules/ca1416) [D:\Programacion\File Wizard\File Wizard\File Wizard.csproj]
D:\Programacion\File Wizard\File Wizard\Form2.cs(74,21): warning CA1416: Se puede acceder a este sitio de llamada en todas las plataformas. "Control.BackColor" solo se admite en "windows" 6.1 y versiones posteriores. (https://learn.microsoft.com/dotnet/fundamentals/code-analysis/quality-rules/ca1416) [D:\Programacion\File Wizard\File Wizard\File Wizard.csproj]
D:\Programacion\File Wizard\File Wizard\Form2.cs(92,17): warning CA1416: Se puede acceder a este sitio de llamada en todas las plataformas. "Control.Enabled" solo se admite en "windows" 6.1 y versiones posteriores. (https://learn.microsoft.com/dotnet/fundamentals/code-analysis/quality-rules/ca1416) [D:\Programacion\File Wizard\File Wizard\File Wizard.csproj]
D:\Programacion\File Wizard\File Wizard\Form2.cs(65,21): warning CA1416: Se puede acceder a este sitio de llamada en todas las plataformas. "Control.Enabled" solo se admite en "windows" 6.1 y versiones posteriores. (https://learn.microsoft.com/dotnet/fundamentals/code-analysis/quality-rules/ca1416) [D:\Programacion\File Wizard\File Wizard\File Wizard.csproj]
D:\Programacion\File Wizard\File Wizard\Form2.cs(80,21): warning CA1416: Se puede acceder a este sitio de llamada en todas las plataformas. "ButtonBase.BackColor" solo se admite en "windows" 6.1 y versiones posteriores. (https://learn.microsoft.com/dotnet/fundamentals/code-analysis/quality-rules/ca1416) [D:\Programacion\File Wizard\File Wizard\File Wizard.csproj]
D:\Programacion\File Wizard\File Wizard\Form2.cs(59,21): warning CA1416: Se puede acceder a este sitio de llamada en todas las plataformas. "Label.Text" solo se admite en "windows" 6.1 y versiones posteriores. (https://learn.microsoft.com/dotnet/fundamentals/code-analysis/quality-rules/ca1416) [D:\Programacion\File Wizard\File Wizard\File Wizard.csproj]
D:\Programacion\File Wizard\File Wizard\Form2.cs(66,21): warning CA1416: Se puede acceder a este sitio de llamada en todas las plataformas. "ButtonBase.BackColor" solo se admite en "windows" 6.1 y versiones posteriores. (https://learn.microsoft.com/dotnet/fundamentals/code-analysis/quality-rules/ca1416) [D:\Programacion\File Wizard\File Wizard\File Wizard.csproj]
D:\Programacion\File Wizard\File Wizard\Form2.cs(72,21): warning CA1416: Se puede acceder a este sitio de llamada en todas las plataformas. "MessageBox.Show(string?)" solo se admite en "windows" 6.1 y versiones posteriores. (https://learn.microsoft.com/dotnet/fundamentals/code-analysis/quality-rules/ca1416) [D:\Programacion\File Wizard\File Wizard\File Wizard.csproj]
D:\Programacion\File Wizard\File Wizard\Form2.cs(64,21): warning CA1416: Se puede acceder a este sitio de llamada en todas las plataformas. "ButtonBase.BackColor" solo se admite en "windows" 6.1 y versiones posteriores. (https://learn.microsoft.com/dotnet/fundamentals/code-analysis/quality-rules/ca1416) [D:\Programacion\File Wizard\File Wizard\File Wizard.csproj]
D:\Programacion\File Wizard\File Wizard\Form2.cs(121,17): warning CA1416: Se puede acceder a este sitio de llamada en todas las plataformas. "TextBox.Text" solo se admite en "windows" 6.1 y versiones posteriores. (https://learn.microsoft.com/dotnet/fundamentals/code-analysis/quality-rules/ca1416) [D:\Programacion\File Wizard\File Wizard\File Wizard.csproj]
D:\Programacion\File Wizard\File Wizard\Form2.cs(77,21): warning CA1416: Se puede acceder a este sitio de llamada en todas las plataformas. "Control.Enabled" solo se admite en "windows" 6.1 y versiones posteriores. (https://learn.microsoft.com/dotnet/fundamentals/code-analysis/quality-rules/ca1416) [D:\Programacion\File Wizard\File Wizard\File Wizard.csproj]
D:\Programacion\File Wizard\File Wizard\Form2.cs(113,17): warning CA1416: Se puede acceder a este sitio de llamada en todas las plataformas. "MessageBox.Show(string?)" solo se admite en "windows" 6.1 y versiones posteriores. (https://learn.microsoft.com/dotnet/fundamentals/code-analysis/quality-rules/ca1416) [D:\Programacion\File Wizard\File Wizard\File Wizard.csproj]
D:\Programacion\File Wizard\File Wizard\Form2.cs(123,17): warning CA1416: Se puede acceder a este sitio de llamada en todas las plataformas. "MessageBox.Show(string?)" solo se admite en "windows" 6.1 y versiones posteriores. (https://learn.microsoft.com/dotnet/fundamentals/code-analysis/quality-rules/ca1416) [D:\Programacion\File Wizard\File Wizard\File Wizard.csproj]
D:\Programacion\File Wizard\File Wizard\Form2.cs(78,21): warning CA1416: Se puede acceder a este sitio de llamada en todas las plataformas. "ButtonBase.BackColor" solo se admite en "windows" 6.1 y versiones posteriores. (https://learn.microsoft.com/dotnet/fundamentals/code-analysis/quality-rules/ca1416) [D:\Programacion\File Wizard\File Wizard\File Wizard.csproj]
D:\Programacion\File Wizard\File Wizard\Form2.cs(131,17): warning CA1416: Se puede acceder a este sitio de llamada en todas las plataformas. "Control.Invoke(Action)" solo se admite en "windows" 6.1 y versiones posteriores. (https://learn.microsoft.com/dotnet/fundamentals/code-analysis/quality-rules/ca1416) [D:\Programacion\File Wizard\File Wizard\File Wizard.csproj]
D:\Programacion\File Wizard\File Wizard\Form2.cs(118,17): warning CA1416: Se puede acceder a este sitio de llamada en todas las plataformas. "MessageBox.Show(string?)" solo se admite en "windows" 6.1 y versiones posteriores. (https://learn.microsoft.com/dotnet/fundamentals/code-analysis/quality-rules/ca1416) [D:\Programacion\File Wizard\File Wizard\File Wizard.csproj]
D:\Programacion\File Wizard\File Wizard\Form2.cs(116,43): warning CA1416: Se puede acceder a este sitio de llamada en todas las plataformas. "TextBox.Text" solo se admite en "windows" 6.1 y versiones posteriores. (https://learn.microsoft.com/dotnet/fundamentals/code-analysis/quality-rules/ca1416) [D:\Programacion\File Wizard\File Wizard\File Wizard.csproj]
D:\Programacion\File Wizard\File Wizard\Form3.cs(125,67): warning CA1416: Se puede acceder a este sitio de llamada en todas las plataformas. "TextBox.Text" solo se admite en "windows" 6.1 y versiones posteriores. (https://learn.microsoft.com/dotnet/fundamentals/code-analysis/quality-rules/ca1416) [D:\Programacion\File Wizard\File Wizard\File Wizard.csproj]
D:\Programacion\File Wizard\File Wizard\Form3.cs(135,17): warning CA1416: Se puede acceder a este sitio de llamada en todas las plataformas. "Control.Invoke(Action)" solo se admite en "windows" 6.1 y versiones posteriores. (https://learn.microsoft.com/dotnet/fundamentals/code-analysis/quality-rules/ca1416) [D:\Programacion\File Wizard\File Wizard\File Wizard.csproj]
D:\Programacion\File Wizard\File Wizard\Form3.cs(125,17): warning CA1416: Se puede acceder a este sitio de llamada en todas las plataformas. "RadioButton.Checked" solo se admite en "windows" 6.1 y versiones posteriores. (https://learn.microsoft.com/dotnet/fundamentals/code-analysis/quality-rules/ca1416) [D:\Programacion\File Wizard\File Wizard\File Wizard.csproj]
D:\Programacion\File Wizard\File Wizard\Form3.cs(115,43): warning CA1416: Se puede acceder a este sitio de llamada en todas las plataformas. "TextBox.Text" solo se admite en "windows" 6.1 y versiones posteriores. (https://learn.microsoft.com/dotnet/fundamentals/code-analysis/quality-rules/ca1416) [D:\Programacion\File Wizard\File Wizard\File Wizard.csproj]
D:\Programacion\File Wizard\File Wizard\Form3.cs(127,17): warning CA1416: Se puede acceder a este sitio de llamada en todas las plataformas. "MessageBox.Show(string?)" solo se admite en "windows" 6.1 y versiones posteriores. (https://learn.microsoft.com/dotnet/fundamentals/code-analysis/quality-rules/ca1416) [D:\Programacion\File Wizard\File Wizard\File Wizard.csproj]
D:\Programacion\File Wizard\File Wizard\Form3.cs(120,17): warning CA1416: Se puede acceder a este sitio de llamada en todas las plataformas. "TextBox.Text" solo se admite en "windows" 6.1 y versiones posteriores. (https://learn.microsoft.com/dotnet/fundamentals/code-analysis/quality-rules/ca1416) [D:\Programacion\File Wizard\File Wizard\File Wizard.csproj]
D:\Programacion\File Wizard\File Wizard\Form3.cs(112,17): warning CA1416: Se puede acceder a este sitio de llamada en todas las plataformas. "MessageBox.Show(string?)" solo se admite en "windows" 6.1 y versiones posteriores. (https://learn.microsoft.com/dotnet/fundamentals/code-analysis/quality-rules/ca1416) [D:\Programacion\File Wizard\File Wizard\File Wizard.csproj]
D:\Programacion\File Wizard\File Wizard\Form3.cs(122,17): warning CA1416: Se puede acceder a este sitio de llamada en todas las plataformas. "MessageBox.Show(string?)" solo se admite en "windows" 6.1 y versiones posteriores. (https://learn.microsoft.com/dotnet/fundamentals/code-analysis/quality-rules/ca1416) [D:\Programacion\File Wizard\File Wizard\File Wizard.csproj]
D:\Programacion\File Wizard\File Wizard\Form3.cs(117,17): warning CA1416: Se puede acceder a este sitio de llamada en todas las plataformas. "MessageBox.Show(string?)" solo se admite en "windows" 6.1 y versiones posteriores. (https://learn.microsoft.com/dotnet/fundamentals/code-analysis/quality-rules/ca1416) [D:\Programacion\File Wizard\File Wizard\File Wizard.csproj]
D:\Programacion\File Wizard\File Wizard\Form4.cs(111,17): warning CA1416: Se puede acceder a este sitio de llamada en todas las plataformas. "MessageBox.Show(string?)" solo se admite en "windows" 6.1 y versiones posteriores. (https://learn.microsoft.com/dotnet/fundamentals/code-analysis/quality-rules/ca1416) [D:\Programacion\File Wizard\File Wizard\File Wizard.csproj]
D:\Programacion\File Wizard\File Wizard\Form4.cs(119,30): warning CA1416: Se puede acceder a este sitio de llamada en todas las plataformas. "TextBox.Text" solo se admite en "windows" 6.1 y versiones posteriores. (https://learn.microsoft.com/dotnet/fundamentals/code-analysis/quality-rules/ca1416) [D:\Programacion\File Wizard\File Wizard\File Wizard.csproj]
D:\Programacion\File Wizard\File Wizard\Form4.cs(104,18): warning CA1416: Se puede acceder a este sitio de llamada en todas las plataformas. "RadioButton.Checked" solo se admite en "windows" 6.1 y versiones posteriores. (https://learn.microsoft.com/dotnet/fundamentals/code-analysis/quality-rules/ca1416) [D:\Programacion\File Wizard\File Wizard\File Wizard.csproj]
D:\Programacion\File Wizard\File Wizard\Form4.cs(116,17): warning CA1416: Se puede acceder a este sitio de llamada en todas las plataformas. "MessageBox.Show(string?)" solo se admite en "windows" 6.1 y versiones posteriores. (https://learn.microsoft.com/dotnet/fundamentals/code-analysis/quality-rules/ca1416) [D:\Programacion\File Wizard\File Wizard\File Wizard.csproj]
D:\Programacion\File Wizard\File Wizard\Form4.cs(101,17): warning CA1416: Se puede acceder a este sitio de llamada en todas las plataformas. "MessageBox.Show(string?)" solo se admite en "windows" 6.1 y versiones posteriores. (https://learn.microsoft.com/dotnet/fundamentals/code-analysis/quality-rules/ca1416) [D:\Programacion\File Wizard\File Wizard\File Wizard.csproj]
D:\Programacion\File Wizard\File Wizard\Form4.cs(132,17): warning CA1416: Se puede acceder a este sitio de llamada en todas las plataformas. "MessageBox.Show(string?)" solo se admite en "windows" 6.1 y versiones posteriores. (https://learn.microsoft.com/dotnet/fundamentals/code-analysis/quality-rules/ca1416) [D:\Programacion\File Wizard\File Wizard\File Wizard.csproj]
D:\Programacion\File Wizard\File Wizard\Form4.cs(106,17): warning CA1416: Se puede acceder a este sitio de llamada en todas las plataformas. "MessageBox.Show(string?)" solo se admite en "windows" 6.1 y versiones posteriores. (https://learn.microsoft.com/dotnet/fundamentals/code-analysis/quality-rules/ca1416) [D:\Programacion\File Wizard\File Wizard\File Wizard.csproj]
D:\Programacion\File Wizard\File Wizard\Form4.cs(122,17): warning CA1416: Se puede acceder a este sitio de llamada en todas las plataformas. "MessageBox.Show(string?)" solo se admite en "windows" 6.1 y versiones posteriores. (https://learn.microsoft.com/dotnet/fundamentals/code-analysis/quality-rules/ca1416) [D:\Programacion\File Wizard\File Wizard\File Wizard.csproj]
D:\Programacion\File Wizard\File Wizard\Form4.cs(104,43): warning CA1416: Se puede acceder a este sitio de llamada en todas las plataformas. "RadioButton.Checked" solo se admite en "windows" 6.1 y versiones posteriores. (https://learn.microsoft.com/dotnet/fundamentals/code-analysis/quality-rules/ca1416) [D:\Programacion\File Wizard\File Wizard\File Wizard.csproj]
D:\Programacion\File Wizard\File Wizard\Form4.cs(125,48): warning CA1416: Se puede acceder a este sitio de llamada en todas las plataformas. "TextBox.Text" solo se admite en "windows" 6.1 y versiones posteriores. (https://learn.microsoft.com/dotnet/fundamentals/code-analysis/quality-rules/ca1416) [D:\Programacion\File Wizard\File Wizard\File Wizard.csproj]
D:\Programacion\File Wizard\File Wizard\Form4.cs(109,43): warning CA1416: Se puede acceder a este sitio de llamada en todas las plataformas. "TextBox.Text" solo se admite en "windows" 6.1 y versiones posteriores. (https://learn.microsoft.com/dotnet/fundamentals/code-analysis/quality-rules/ca1416) [D:\Programacion\File Wizard\File Wizard\File Wizard.csproj]
D:\Programacion\File Wizard\File Wizard\Form4.cs(114,17): warning CA1416: Se puede acceder a este sitio de llamada en todas las plataformas. "TextBox.Text" solo se admite en "windows" 6.1 y versiones posteriores. (https://learn.microsoft.com/dotnet/fundamentals/code-analysis/quality-rules/ca1416) [D:\Programacion\File Wizard\File Wizard\File Wizard.csproj]
D:\Programacion\File Wizard\File Wizard\Form4.cs(206,29): warning CA1416: Se puede acceder a este sitio de llamada en todas las plataformas. "MessageBox.Show(string?)" solo se admite en "windows" 6.1 y versiones posteriores. (https://learn.microsoft.com/dotnet/fundamentals/code-analysis/quality-rules/ca1416) [D:\Programacion\File Wizard\File Wizard\File Wizard.csproj]
D:\Programacion\File Wizard\File Wizard\Form4.cs(141,17): warning CA1416: Se puede acceder a este sitio de llamada en todas las plataformas. "RadioButton.Checked" solo se admite en "windows" 6.1 y versiones posteriores. (https://learn.microsoft.com/dotnet/fundamentals/code-analysis/quality-rules/ca1416) [D:\Programacion\File Wizard\File Wizard\File Wizard.csproj]
D:\Programacion\File Wizard\File Wizard\Form4.cs(223,17): warning CA1416: Se puede acceder a este sitio de llamada en todas las plataformas. "MessageBox.Show(string?)" solo se admite en "windows" 6.1 y versiones posteriores. (https://learn.microsoft.com/dotnet/fundamentals/code-analysis/quality-rules/ca1416) [D:\Programacion\File Wizard\File Wizard\File Wizard.csproj]
D:\Programacion\File Wizard\File Wizard\Form4.cs(214,21): warning CA1416: Se puede acceder a este sitio de llamada en todas las plataformas. "MessageBox.Show(string?)" solo se admite en "windows" 6.1 y versiones posteriores. (https://learn.microsoft.com/dotnet/fundamentals/code-analysis/quality-rules/ca1416) [D:\Programacion\File Wizard\File Wizard\File Wizard.csproj]
D:\Programacion\File Wizard\File Wizard\Form4.cs(204,109): warning CA1416: Se puede acceder a este sitio de llamada en todas las plataformas. "MessageBoxButtons.YesNo" solo se admite en "windows" 6.1 y versiones posteriores. (https://learn.microsoft.com/dotnet/fundamentals/code-analysis/quality-rules/ca1416) [D:\Programacion\File Wizard\File Wizard\File Wizard.csproj]
D:\Programacion\File Wizard\File Wizard\Form4.cs(204,29): warning CA1416: Se puede acceder a este sitio de llamada en todas las plataformas. "MessageBox.Show(string?, string?, MessageBoxButtons)" solo se admite en "windows" 6.1 y versiones posteriores. (https://learn.microsoft.com/dotnet/fundamentals/code-analysis/quality-rules/ca1416) [D:\Programacion\File Wizard\File Wizard\File Wizard.csproj]
D:\Programacion\File Wizard\File Wizard\Form4.cs(218,21): warning CA1416: Se puede acceder a este sitio de llamada en todas las plataformas. "MessageBox.Show(string?)" solo se admite en "windows" 6.1 y versiones posteriores. (https://learn.microsoft.com/dotnet/fundamentals/code-analysis/quality-rules/ca1416) [D:\Programacion\File Wizard\File Wizard\File Wizard.csproj]
D:\Programacion\File Wizard\File Wizard\Form4.cs(309,25): warning CA1416: Se puede acceder a este sitio de llamada en todas las plataformas. "MessageBox.Show(string?, string?, MessageBoxButtons)" solo se admite en "windows" 6.1 y versiones posteriores. (https://learn.microsoft.com/dotnet/fundamentals/code-analysis/quality-rules/ca1416) [D:\Programacion\File Wizard\File Wizard\File Wizard.csproj]
D:\Programacion\File Wizard\File Wizard\Form4.cs(326,17): warning CA1416: Se puede acceder a este sitio de llamada en todas las plataformas. "MessageBox.Show(string?)" solo se admite en "windows" 6.1 y versiones posteriores. (https://learn.microsoft.com/dotnet/fundamentals/code-analysis/quality-rules/ca1416) [D:\Programacion\File Wizard\File Wizard\File Wizard.csproj]
D:\Programacion\File Wizard\File Wizard\Form4.cs(309,105): warning CA1416: Se puede acceder a este sitio de llamada en todas las plataformas. "MessageBoxButtons.YesNo" solo se admite en "windows" 6.1 y versiones posteriores. (https://learn.microsoft.com/dotnet/fundamentals/code-analysis/quality-rules/ca1416) [D:\Programacion\File Wizard\File Wizard\File Wizard.csproj]
D:\Programacion\File Wizard\File Wizard\Form4.cs(312,25): warning CA1416: Se puede acceder a este sitio de llamada en todas las plataformas. "MessageBox.Show(string?)" solo se admite en "windows" 6.1 y versiones posteriores. (https://learn.microsoft.com/dotnet/fundamentals/code-analysis/quality-rules/ca1416) [D:\Programacion\File Wizard\File Wizard\File Wizard.csproj]
D:\Programacion\File Wizard\File Wizard\Form4.cs(321,17): warning CA1416: Se puede acceder a este sitio de llamada en todas las plataformas. "MessageBox.Show(string?)" solo se admite en "windows" 6.1 y versiones posteriores. (https://learn.microsoft.com/dotnet/fundamentals/code-analysis/quality-rules/ca1416) [D:\Programacion\File Wizard\File Wizard\File Wizard.csproj]
D:\Programacion\File Wizard\File Wizard\Form4.cs(337,43): warning CA1416: Se puede acceder a este sitio de llamada en todas las plataformas. "TextBox.Text" solo se admite en "windows" 6.1 y versiones posteriores. (https://learn.microsoft.com/dotnet/fundamentals/code-analysis/quality-rules/ca1416) [D:\Programacion\File Wizard\File Wizard\File Wizard.csproj]
D:\Programacion\File Wizard\File Wizard\Form4.cs(351,51): warning CA1416: Se puede acceder a este sitio de llamada en todas las plataformas. "TextBox.Text" solo se admite en "windows" 6.1 y versiones posteriores. (https://learn.microsoft.com/dotnet/fundamentals/code-analysis/quality-rules/ca1416) [D:\Programacion\File Wizard\File Wizard\File Wizard.csproj]
D:\Programacion\File Wizard\File Wizard\Form4.cs(344,17): warning CA1416: Se puede acceder a este sitio de llamada en todas las plataformas. "MessageBox.Show(string?)" solo se admite en "windows" 6.1 y versiones posteriores. (https://learn.microsoft.com/dotnet/fundamentals/code-analysis/quality-rules/ca1416) [D:\Programacion\File Wizard\File Wizard\File Wizard.csproj]
D:\Programacion\File Wizard\File Wizard\Form4.cs(347,41): warning CA1416: Se puede acceder a este sitio de llamada en todas las plataformas. "TextBox.Text" solo se admite en "windows" 6.1 y versiones posteriores. (https://learn.microsoft.com/dotnet/fundamentals/code-analysis/quality-rules/ca1416) [D:\Programacion\File Wizard\File Wizard\File Wizard.csproj]
D:\Programacion\File Wizard\File Wizard\Form4.cs(334,17): warning CA1416: Se puede acceder a este sitio de llamada en todas las plataformas. "MessageBox.Show(string?)" solo se admite en "windows" 6.1 y versiones posteriores. (https://learn.microsoft.com/dotnet/fundamentals/code-analysis/quality-rules/ca1416) [D:\Programacion\File Wizard\File Wizard\File Wizard.csproj]
D:\Programacion\File Wizard\File Wizard\Form4.cs(363,21): warning CA1416: Se puede acceder a este sitio de llamada en todas las plataformas. "TextBoxBase.Clear()" solo se admite en "windows" 6.1 y versiones posteriores. (https://learn.microsoft.com/dotnet/fundamentals/code-analysis/quality-rules/ca1416) [D:\Programacion\File Wizard\File Wizard\File Wizard.csproj]
D:\Programacion\File Wizard\File Wizard\Form4.cs(342,17): warning CA1416: Se puede acceder a este sitio de llamada en todas las plataformas. "TextBox.Text" solo se admite en "windows" 6.1 y versiones posteriores. (https://learn.microsoft.com/dotnet/fundamentals/code-analysis/quality-rules/ca1416) [D:\Programacion\File Wizard\File Wizard\File Wizard.csproj]
D:\Programacion\File Wizard\File Wizard\Form4.cs(368,17): warning CA1416: Se puede acceder a este sitio de llamada en todas las plataformas. "MessageBox.Show(string?)" solo se admite en "windows" 6.1 y versiones posteriores. (https://learn.microsoft.com/dotnet/fundamentals/code-analysis/quality-rules/ca1416) [D:\Programacion\File Wizard\File Wizard\File Wizard.csproj]
D:\Programacion\File Wizard\File Wizard\Form4.cs(352,57): warning CA1416: Se puede acceder a este sitio de llamada en todas las plataformas. "TextBox.Text" solo se admite en "windows" 6.1 y versiones posteriores. (https://learn.microsoft.com/dotnet/fundamentals/code-analysis/quality-rules/ca1416) [D:\Programacion\File Wizard\File Wizard\File Wizard.csproj]
D:\Programacion\File Wizard\File Wizard\Form4.cs(339,17): warning CA1416: Se puede acceder a este sitio de llamada en todas las plataformas. "MessageBox.Show(string?)" solo se admite en "windows" 6.1 y versiones posteriores. (https://learn.microsoft.com/dotnet/fundamentals/code-analysis/quality-rules/ca1416) [D:\Programacion\File Wizard\File Wizard\File Wizard.csproj]
D:\Programacion\File Wizard\File Wizard\Form4.cs(355,21): warning CA1416: Se puede acceder a este sitio de llamada en todas las plataformas. "MessageBox.Show(string?)" solo se admite en "windows" 6.1 y versiones posteriores. (https://learn.microsoft.com/dotnet/fundamentals/code-analysis/quality-rules/ca1416) [D:\Programacion\File Wizard\File Wizard\File Wizard.csproj]
D:\Programacion\File Wizard\File Wizard\Form4.cs(281,17): warning CA1416: Se puede acceder a este sitio de llamada en todas las plataformas. "TextBoxBase.SelectionStart" solo se admite en "windows" 6.1 y versiones posteriores. (https://learn.microsoft.com/dotnet/fundamentals/code-analysis/quality-rules/ca1416) [D:\Programacion\File Wizard\File Wizard\File Wizard.csproj]
D:\Programacion\File Wizard\File Wizard\Form4.cs(250,55): warning CA1416: Se puede acceder a este sitio de llamada en todas las plataformas. "TextBox.Text" solo se admite en "windows" 6.1 y versiones posteriores. (https://learn.microsoft.com/dotnet/fundamentals/code-analysis/quality-rules/ca1416) [D:\Programacion\File Wizard\File Wizard\File Wizard.csproj]
D:\Programacion\File Wizard\File Wizard\Form4.cs(280,17): warning CA1416: Se puede acceder a este sitio de llamada en todas las plataformas. "TextBox.Text" solo se admite en "windows" 6.1 y versiones posteriores. (https://learn.microsoft.com/dotnet/fundamentals/code-analysis/quality-rules/ca1416) [D:\Programacion\File Wizard\File Wizard\File Wizard.csproj]
D:\Programacion\File Wizard\File Wizard\Form4.cs(263,25): warning CA1416: Se puede acceder a este sitio de llamada en todas las plataformas. "TextBoxBase.Clear()" solo se admite en "windows" 6.1 y versiones posteriores. (https://learn.microsoft.com/dotnet/fundamentals/code-analysis/quality-rules/ca1416) [D:\Programacion\File Wizard\File Wizard\File Wizard.csproj]
D:\Programacion\File Wizard\File Wizard\Form4.cs(246,45): warning CA1416: Se puede acceder a este sitio de llamada en todas las plataformas. "TextBox.Text" solo se admite en "windows" 6.1 y versiones posteriores. (https://learn.microsoft.com/dotnet/fundamentals/code-analysis/quality-rules/ca1416) [D:\Programacion\File Wizard\File Wizard\File Wizard.csproj]
D:\Programacion\File Wizard\File Wizard\Form4.cs(241,21): warning CA1416: Se puede acceder a este sitio de llamada en todas las plataformas. "TextBox.Text" solo se admite en "windows" 6.1 y versiones posteriores. (https://learn.microsoft.com/dotnet/fundamentals/code-analysis/quality-rules/ca1416) [D:\Programacion\File Wizard\File Wizard\File Wizard.csproj]
D:\Programacion\File Wizard\File Wizard\Form4.cs(243,21): warning CA1416: Se puede acceder a este sitio de llamada en todas las plataformas. "MessageBox.Show(string?)" solo se admite en "windows" 6.1 y versiones posteriores. (https://learn.microsoft.com/dotnet/fundamentals/code-analysis/quality-rules/ca1416) [D:\Programacion\File Wizard\File Wizard\File Wizard.csproj]
D:\Programacion\File Wizard\File Wizard\Form4.cs(284,22): warning CA1416: Se puede acceder a este sitio de llamada en todas las plataformas. "KeyEventArgs.KeyCode" solo se admite en "windows" 6.1 y versiones posteriores. (https://learn.microsoft.com/dotnet/fundamentals/code-analysis/quality-rules/ca1416) [D:\Programacion\File Wizard\File Wizard\File Wizard.csproj]
D:\Programacion\File Wizard\File Wizard\Form4.cs(297,21): warning CA1416: Se puede acceder a este sitio de llamada en todas las plataformas. "TextBoxBase.SelectionStart" solo se admite en "windows" 6.1 y versiones posteriores. (https://learn.microsoft.com/dotnet/fundamentals/code-analysis/quality-rules/ca1416) [D:\Programacion\File Wizard\File Wizard\File Wizard.csproj]
D:\Programacion\File Wizard\File Wizard\Form4.cs(254,25): warning CA1416: Se puede acceder a este sitio de llamada en todas las plataformas. "MessageBox.Show(string?)" solo se admite en "windows" 6.1 y versiones posteriores. (https://learn.microsoft.com/dotnet/fundamentals/code-analysis/quality-rules/ca1416) [D:\Programacion\File Wizard\File Wizard\File Wizard.csproj]
D:\Programacion\File Wizard\File Wizard\Form4.cs(233,21): warning CA1416: Se puede acceder a este sitio de llamada en todas las plataformas. "MessageBox.Show(string?)" solo se admite en "windows" 6.1 y versiones posteriores. (https://learn.microsoft.com/dotnet/fundamentals/code-analysis/quality-rules/ca1416) [D:\Programacion\File Wizard\File Wizard\File Wizard.csproj]
D:\Programacion\File Wizard\File Wizard\Form4.cs(281,43): warning CA1416: Se puede acceder a este sitio de llamada en todas las plataformas. "TextBox.Text" solo se admite en "windows" 6.1 y versiones posteriores. (https://learn.microsoft.com/dotnet/fundamentals/code-analysis/quality-rules/ca1416) [D:\Programacion\File Wizard\File Wizard\File Wizard.csproj]
D:\Programacion\File Wizard\File Wizard\Form4.cs(296,21): warning CA1416: Se puede acceder a este sitio de llamada en todas las plataformas. "TextBox.Text" solo se admite en "windows" 6.1 y versiones posteriores. (https://learn.microsoft.com/dotnet/fundamentals/code-analysis/quality-rules/ca1416) [D:\Programacion\File Wizard\File Wizard\File Wizard.csproj]
D:\Programacion\File Wizard\File Wizard\Form4.cs(299,17): warning CA1416: Se puede acceder a este sitio de llamada en todas las plataformas. "KeyEventArgs.SuppressKeyPress" solo se admite en "windows" 6.1 y versiones posteriores. (https://learn.microsoft.com/dotnet/fundamentals/code-analysis/quality-rules/ca1416) [D:\Programacion\File Wizard\File Wizard\File Wizard.csproj]
D:\Programacion\File Wizard\File Wizard\Form4.cs(268,21): warning CA1416: Se puede acceder a este sitio de llamada en todas las plataformas. "MessageBox.Show(string?)" solo se admite en "windows" 6.1 y versiones posteriores. (https://learn.microsoft.com/dotnet/fundamentals/code-analysis/quality-rules/ca1416) [D:\Programacion\File Wizard\File Wizard\File Wizard.csproj]
D:\Programacion\File Wizard\File Wizard\Form4.cs(238,21): warning CA1416: Se puede acceder a este sitio de llamada en todas las plataformas. "MessageBox.Show(string?)" solo se admite en "windows" 6.1 y versiones posteriores. (https://learn.microsoft.com/dotnet/fundamentals/code-analysis/quality-rules/ca1416) [D:\Programacion\File Wizard\File Wizard\File Wizard.csproj]
D:\Programacion\File Wizard\File Wizard\Form4.cs(272,22): warning CA1416: Se puede acceder a este sitio de llamada en todas las plataformas. "KeyEventArgs.KeyCode" solo se admite en "windows" 6.1 y versiones posteriores. (https://learn.microsoft.com/dotnet/fundamentals/code-analysis/quality-rules/ca1416) [D:\Programacion\File Wizard\File Wizard\File Wizard.csproj]
D:\Programacion\File Wizard\File Wizard\Form4.cs(251,61): warning CA1416: Se puede acceder a este sitio de llamada en todas las plataformas. "TextBox.Text" solo se admite en "windows" 6.1 y versiones posteriores. (https://learn.microsoft.com/dotnet/fundamentals/code-analysis/quality-rules/ca1416) [D:\Programacion\File Wizard\File Wizard\File Wizard.csproj]
D:\Programacion\File Wizard\File Wizard\Form4.cs(260,25): warning CA1416: Se puede acceder a este sitio de llamada en todas las plataformas. "KeyEventArgs.SuppressKeyPress" solo se admite en "windows" 6.1 y versiones posteriores. (https://learn.microsoft.com/dotnet/fundamentals/code-analysis/quality-rules/ca1416) [D:\Programacion\File Wizard\File Wizard\File Wizard.csproj]
D:\Programacion\File Wizard\File Wizard\Form4.cs(282,17): warning CA1416: Se puede acceder a este sitio de llamada en todas las plataformas. "KeyEventArgs.SuppressKeyPress" solo se admite en "windows" 6.1 y versiones posteriores. (https://learn.microsoft.com/dotnet/fundamentals/code-analysis/quality-rules/ca1416) [D:\Programacion\File Wizard\File Wizard\File Wizard.csproj]
D:\Programacion\File Wizard\File Wizard\Form4.cs(236,47): warning CA1416: Se puede acceder a este sitio de llamada en todas las plataformas. "TextBox.Text" solo se admite en "windows" 6.1 y versiones posteriores. (https://learn.microsoft.com/dotnet/fundamentals/code-analysis/quality-rules/ca1416) [D:\Programacion\File Wizard\File Wizard\File Wizard.csproj]
D:\Programacion\File Wizard\File Wizard\Form4.cs(229,17): warning CA1416: Se puede acceder a este sitio de llamada en todas las plataformas. "KeyEventArgs.KeyCode" solo se admite en "windows" 6.1 y versiones posteriores. (https://learn.microsoft.com/dotnet/fundamentals/code-analysis/quality-rules/ca1416) [D:\Programacion\File Wizard\File Wizard\File Wizard.csproj]
D:\Programacion\File Wizard\File Wizard\Form4.cs(297,47): warning CA1416: Se puede acceder a este sitio de llamada en todas las plataformas. "TextBox.Text" solo se admite en "windows" 6.1 y versiones posteriores. (https://learn.microsoft.com/dotnet/fundamentals/code-analysis/quality-rules/ca1416) [D:\Programacion\File Wizard\File Wizard\File Wizard.csproj]
D:\Programacion\File Wizard\File Wizard\Form4.cs(292,21): warning CA1416: Se puede acceder a este sitio de llamada en todas las plataformas. "TextBoxBase.Clear()" solo se admite en "windows" 6.1 y versiones posteriores. (https://learn.microsoft.com/dotnet/fundamentals/code-analysis/quality-rules/ca1416) [D:\Programacion\File Wizard\File Wizard\File Wizard.csproj]
D:\Programacion\File Wizard\File Wizard\Form3.cs(607,13): warning CA1416: Se puede acceder a este sitio de llamada en todas las plataformas. "MessageBox.Show(string?)" solo se admite en "windows" 6.1 y versiones posteriores. (https://learn.microsoft.com/dotnet/fundamentals/code-analysis/quality-rules/ca1416) [D:\Programacion\File Wizard\File Wizard\File Wizard.csproj]
D:\Programacion\File Wizard\File Wizard\Form2.cs(525,21): warning CA1416: Se puede acceder a este sitio de llamada en todas las plataformas. "Control.Enabled" solo se admite en "windows" 6.1 y versiones posteriores. (https://learn.microsoft.com/dotnet/fundamentals/code-analysis/quality-rules/ca1416) [D:\Programacion\File Wizard\File Wizard\File Wizard.csproj]
D:\Programacion\File Wizard\File Wizard\Form2.cs(518,21): warning CA1416: Se puede acceder a este sitio de llamada en todas las plataformas. "Timer.Stop()" solo se admite en "windows" 6.1 y versiones posteriores. (https://learn.microsoft.com/dotnet/fundamentals/code-analysis/quality-rules/ca1416) [D:\Programacion\File Wizard\File Wizard\File Wizard.csproj]
D:\Programacion\File Wizard\File Wizard\Form2.cs(523,21): warning CA1416: Se puede acceder a este sitio de llamada en todas las plataformas. "Control.Enabled" solo se admite en "windows" 6.1 y versiones posteriores. (https://learn.microsoft.com/dotnet/fundamentals/code-analysis/quality-rules/ca1416) [D:\Programacion\File Wizard\File Wizard\File Wizard.csproj]
D:\Programacion\File Wizard\File Wizard\Form2.cs(526,21): warning CA1416: Se puede acceder a este sitio de llamada en todas las plataformas. "ButtonBase.BackColor" solo se admite en "windows" 6.1 y versiones posteriores. (https://learn.microsoft.com/dotnet/fundamentals/code-analysis/quality-rules/ca1416) [D:\Programacion\File Wizard\File Wizard\File Wizard.csproj]
D:\Programacion\File Wizard\File Wizard\Form2.cs(524,21): warning CA1416: Se puede acceder a este sitio de llamada en todas las plataformas. "ButtonBase.BackColor" solo se admite en "windows" 6.1 y versiones posteriores. (https://learn.microsoft.com/dotnet/fundamentals/code-analysis/quality-rules/ca1416) [D:\Programacion\File Wizard\File Wizard\File Wizard.csproj]
D:\Programacion\File Wizard\File Wizard\Form2.cs(522,21): warning CA1416: Se puede acceder a este sitio de llamada en todas las plataformas. "Control.BackColor" solo se admite en "windows" 6.1 y versiones posteriores. (https://learn.microsoft.com/dotnet/fundamentals/code-analysis/quality-rules/ca1416) [D:\Programacion\File Wizard\File Wizard\File Wizard.csproj]
D:\Programacion\File Wizard\File Wizard\Form2.cs(536,17): warning CA1416: Se puede acceder a este sitio de llamada en todas las plataformas. "Timer.Stop()" solo se admite en "windows" 6.1 y versiones posteriores. (https://learn.microsoft.com/dotnet/fundamentals/code-analysis/quality-rules/ca1416) [D:\Programacion\File Wizard\File Wizard\File Wizard.csproj]
D:\Programacion\File Wizard\File Wizard\Form2.cs(527,21): warning CA1416: Se puede acceder a este sitio de llamada en todas las plataformas. "Control.Enabled" solo se admite en "windows" 6.1 y versiones posteriores. (https://learn.microsoft.com/dotnet/fundamentals/code-analysis/quality-rules/ca1416) [D:\Programacion\File Wizard\File Wizard\File Wizard.csproj]
D:\Programacion\File Wizard\File Wizard\Form2.cs(530,21): warning CA1416: Se puede acceder a este sitio de llamada en todas las plataformas. "ButtonBase.BackColor" solo se admite en "windows" 6.1 y versiones posteriores. (https://learn.microsoft.com/dotnet/fundamentals/code-analysis/quality-rules/ca1416) [D:\Programacion\File Wizard\File Wizard\File Wizard.csproj]
D:\Programacion\File Wizard\File Wizard\Form2.cs(531,21): warning CA1416: Se puede acceder a este sitio de llamada en todas las plataformas. "MessageBox.Show(string?)" solo se admite en "windows" 6.1 y versiones posteriores. (https://learn.microsoft.com/dotnet/fundamentals/code-analysis/quality-rules/ca1416) [D:\Programacion\File Wizard\File Wizard\File Wizard.csproj]
D:\Programacion\File Wizard\File Wizard\Form2.cs(528,21): warning CA1416: Se puede acceder a este sitio de llamada en todas las plataformas. "ButtonBase.BackColor" solo se admite en "windows" 6.1 y versiones posteriores. (https://learn.microsoft.com/dotnet/fundamentals/code-analysis/quality-rules/ca1416) [D:\Programacion\File Wizard\File Wizard\File Wizard.csproj]
D:\Programacion\File Wizard\File Wizard\Form2.cs(521,21): warning CA1416: Se puede acceder a este sitio de llamada en todas las plataformas. "Label.Text" solo se admite en "windows" 6.1 y versiones posteriores. (https://learn.microsoft.com/dotnet/fundamentals/code-analysis/quality-rules/ca1416) [D:\Programacion\File Wizard\File Wizard\File Wizard.csproj]
D:\Programacion\File Wizard\File Wizard\Form2.cs(529,21): warning CA1416: Se puede acceder a este sitio de llamada en todas las plataformas. "Control.Enabled" solo se admite en "windows" 6.1 y versiones posteriores. (https://learn.microsoft.com/dotnet/fundamentals/code-analysis/quality-rules/ca1416) [D:\Programacion\File Wizard\File Wizard\File Wizard.csproj]
D:\Programacion\File Wizard\File Wizard\Form2.cs(520,21): warning CA1416: Se puede acceder a este sitio de llamada en todas las plataformas. "Label.Text" solo se admite en "windows" 6.1 y versiones posteriores. (https://learn.microsoft.com/dotnet/fundamentals/code-analysis/quality-rules/ca1416) [D:\Programacion\File Wizard\File Wizard\File Wizard.csproj]
D:\Programacion\File Wizard\File Wizard\Form2.cs(537,17): warning CA1416: Se puede acceder a este sitio de llamada en todas las plataformas. "MessageBox.Show(string?)" solo se admite en "windows" 6.1 y versiones posteriores. (https://learn.microsoft.com/dotnet/fundamentals/code-analysis/quality-rules/ca1416) [D:\Programacion\File Wizard\File Wizard\File Wizard.csproj]
D:\Programacion\File Wizard\File Wizard\Form3.cs(615,17): warning CA1416: Se puede acceder a este sitio de llamada en todas las plataformas. "Control.Visible" solo se admite en "windows" 6.1 y versiones posteriores. (https://learn.microsoft.com/dotnet/fundamentals/code-analysis/quality-rules/ca1416) [D:\Programacion\File Wizard\File Wizard\File Wizard.csproj]
D:\Programacion\File Wizard\File Wizard\Form3.cs(614,17): warning CA1416: Se puede acceder a este sitio de llamada en todas las plataformas. "TextBox.Text" solo se admite en "windows" 6.1 y versiones posteriores. (https://learn.microsoft.com/dotnet/fundamentals/code-analysis/quality-rules/ca1416) [D:\Programacion\File Wizard\File Wizard\File Wizard.csproj]
D:\Programacion\File Wizard\File Wizard\Form3.cs(612,17): warning CA1416: Se puede acceder a este sitio de llamada en todas las plataformas. "RadioButton.Checked" solo se admite en "windows" 6.1 y versiones posteriores. (https://learn.microsoft.com/dotnet/fundamentals/code-analysis/quality-rules/ca1416) [D:\Programacion\File Wizard\File Wizard\File Wizard.csproj]
D:\Programacion\File Wizard\File Wizard\Form3.cs(619,17): warning CA1416: Se puede acceder a este sitio de llamada en todas las plataformas. "Control.Visible" solo se admite en "windows" 6.1 y versiones posteriores. (https://learn.microsoft.com/dotnet/fundamentals/code-analysis/quality-rules/ca1416) [D:\Programacion\File Wizard\File Wizard\File Wizard.csproj]
D:\Programacion\File Wizard\File Wizard\Form2.cs(549,13): warning CA1416: Se puede acceder a este sitio de llamada en todas las plataformas. "MessageBox.Show(string?)" solo se admite en "windows" 6.1 y versiones posteriores. (https://learn.microsoft.com/dotnet/fundamentals/code-analysis/quality-rules/ca1416) [D:\Programacion\File Wizard\File Wizard\File Wizard.csproj]
D:\Programacion\File Wizard\File Wizard\Form3.cs(595,17): warning CA1416: Se puede acceder a este sitio de llamada en todas las plataformas. "MessageBox.Show(string?)" solo se admite en "windows" 6.1 y versiones posteriores. (https://learn.microsoft.com/dotnet/fundamentals/code-analysis/quality-rules/ca1416) [D:\Programacion\File Wizard\File Wizard\File Wizard.csproj]
D:\Programacion\File Wizard\File Wizard\Form3.cs(589,21): warning CA1416: Se puede acceder a este sitio de llamada en todas las plataformas. "MessageBox.Show(string?)" solo se admite en "windows" 6.1 y versiones posteriores. (https://learn.microsoft.com/dotnet/fundamentals/code-analysis/quality-rules/ca1416) [D:\Programacion\File Wizard\File Wizard\File Wizard.csproj]
D:\Programacion\File Wizard\File Wizard\Form3.cs(579,21): warning CA1416: Se puede acceder a este sitio de llamada en todas las plataformas. "Label.Text" solo se admite en "windows" 6.1 y versiones posteriores. (https://learn.microsoft.com/dotnet/fundamentals/code-analysis/quality-rules/ca1416) [D:\Programacion\File Wizard\File Wizard\File Wizard.csproj]
D:\Programacion\File Wizard\File Wizard\Form3.cs(576,21): warning CA1416: Se puede acceder a este sitio de llamada en todas las plataformas. "Timer.Stop()" solo se admite en "windows" 6.1 y versiones posteriores. (https://learn.microsoft.com/dotnet/fundamentals/code-analysis/quality-rules/ca1416) [D:\Programacion\File Wizard\File Wizard\File Wizard.csproj]
D:\Programacion\File Wizard\File Wizard\Form3.cs(584,21): warning CA1416: Se puede acceder a este sitio de llamada en todas las plataformas. "ButtonBase.BackColor" solo se admite en "windows" 6.1 y versiones posteriores. (https://learn.microsoft.com/dotnet/fundamentals/code-analysis/quality-rules/ca1416) [D:\Programacion\File Wizard\File Wizard\File Wizard.csproj]
D:\Programacion\File Wizard\File Wizard\Form3.cs(578,21): warning CA1416: Se puede acceder a este sitio de llamada en todas las plataformas. "Label.Text" solo se admite en "windows" 6.1 y versiones posteriores. (https://learn.microsoft.com/dotnet/fundamentals/code-analysis/quality-rules/ca1416) [D:\Programacion\File Wizard\File Wizard\File Wizard.csproj]
D:\Programacion\File Wizard\File Wizard\Form3.cs(582,21): warning CA1416: Se puede acceder a este sitio de llamada en todas las plataformas. "ButtonBase.BackColor" solo se admite en "windows" 6.1 y versiones posteriores. (https://learn.microsoft.com/dotnet/fundamentals/code-analysis/quality-rules/ca1416) [D:\Programacion\File Wizard\File Wizard\File Wizard.csproj]
D:\Programacion\File Wizard\File Wizard\Form3.cs(586,21): warning CA1416: Se puede acceder a este sitio de llamada en todas las plataformas. "ButtonBase.BackColor" solo se admite en "windows" 6.1 y versiones posteriores. (https://learn.microsoft.com/dotnet/fundamentals/code-analysis/quality-rules/ca1416) [D:\Programacion\File Wizard\File Wizard\File Wizard.csproj]
D:\Programacion\File Wizard\File Wizard\Form3.cs(580,21): warning CA1416: Se puede acceder a este sitio de llamada en todas las plataformas. "Control.BackColor" solo se admite en "windows" 6.1 y versiones posteriores. (https://learn.microsoft.com/dotnet/fundamentals/code-analysis/quality-rules/ca1416) [D:\Programacion\File Wizard\File Wizard\File Wizard.csproj]
D:\Programacion\File Wizard\File Wizard\Form3.cs(581,21): warning CA1416: Se puede acceder a este sitio de llamada en todas las plataformas. "Control.Enabled" solo se admite en "windows" 6.1 y versiones posteriores. (https://learn.microsoft.com/dotnet/fundamentals/code-analysis/quality-rules/ca1416) [D:\Programacion\File Wizard\File Wizard\File Wizard.csproj]
D:\Programacion\File Wizard\File Wizard\Form3.cs(588,21): warning CA1416: Se puede acceder a este sitio de llamada en todas las plataformas. "ButtonBase.BackColor" solo se admite en "windows" 6.1 y versiones posteriores. (https://learn.microsoft.com/dotnet/fundamentals/code-analysis/quality-rules/ca1416) [D:\Programacion\File Wizard\File Wizard\File Wizard.csproj]
D:\Programacion\File Wizard\File Wizard\Form3.cs(583,21): warning CA1416: Se puede acceder a este sitio de llamada en todas las plataformas. "Control.Enabled" solo se admite en "windows" 6.1 y versiones posteriores. (https://learn.microsoft.com/dotnet/fundamentals/code-analysis/quality-rules/ca1416) [D:\Programacion\File Wizard\File Wizard\File Wizard.csproj]
D:\Programacion\File Wizard\File Wizard\Form3.cs(585,21): warning CA1416: Se puede acceder a este sitio de llamada en todas las plataformas. "Control.Enabled" solo se admite en "windows" 6.1 y versiones posteriores. (https://learn.microsoft.com/dotnet/fundamentals/code-analysis/quality-rules/ca1416) [D:\Programacion\File Wizard\File Wizard\File Wizard.csproj]
D:\Programacion\File Wizard\File Wizard\Form3.cs(594,17): warning CA1416: Se puede acceder a este sitio de llamada en todas las plataformas. "Timer.Stop()" solo se admite en "windows" 6.1 y versiones posteriores. (https://learn.microsoft.com/dotnet/fundamentals/code-analysis/quality-rules/ca1416) [D:\Programacion\File Wizard\File Wizard\File Wizard.csproj]
D:\Programacion\File Wizard\File Wizard\Form3.cs(587,21): warning CA1416: Se puede acceder a este sitio de llamada en todas las plataformas. "Control.Enabled" solo se admite en "windows" 6.1 y versiones posteriores. (https://learn.microsoft.com/dotnet/fundamentals/code-analysis/quality-rules/ca1416) [D:\Programacion\File Wizard\File Wizard\File Wizard.csproj]
D:\Programacion\File Wizard\File Wizard\Form2.cs(569,41): warning CA1416: Se puede acceder a este sitio de llamada en todas las plataformas. "TextBox.Text" solo se admite en "windows" 6.1 y versiones posteriores. (https://learn.microsoft.com/dotnet/fundamentals/code-analysis/quality-rules/ca1416) [D:\Programacion\File Wizard\File Wizard\File Wizard.csproj]
D:\Programacion\File Wizard\File Wizard\Form2.cs(556,17): warning CA1416: Se puede acceder a este sitio de llamada en todas las plataformas. "MessageBox.Show(string?)" solo se admite en "windows" 6.1 y versiones posteriores. (https://learn.microsoft.com/dotnet/fundamentals/code-analysis/quality-rules/ca1416) [D:\Programacion\File Wizard\File Wizard\File Wizard.csproj]
D:\Programacion\File Wizard\File Wizard\Form2.cs(566,17): warning CA1416: Se puede acceder a este sitio de llamada en todas las plataformas. "MessageBox.Show(string?)" solo se admite en "windows" 6.1 y versiones posteriores. (https://learn.microsoft.com/dotnet/fundamentals/code-analysis/quality-rules/ca1416) [D:\Programacion\File Wizard\File Wizard\File Wizard.csproj]
D:\Programacion\File Wizard\File Wizard\Form2.cs(561,17): warning CA1416: Se puede acceder a este sitio de llamada en todas las plataformas. "MessageBox.Show(string?)" solo se admite en "windows" 6.1 y versiones posteriores. (https://learn.microsoft.com/dotnet/fundamentals/code-analysis/quality-rules/ca1416) [D:\Programacion\File Wizard\File Wizard\File Wizard.csproj]
D:\Programacion\File Wizard\File Wizard\Form2.cs(580,21): warning CA1416: Se puede acceder a este sitio de llamada en todas las plataformas. "TextBoxBase.Clear()" solo se admite en "windows" 6.1 y versiones posteriores. (https://learn.microsoft.com/dotnet/fundamentals/code-analysis/quality-rules/ca1416) [D:\Programacion\File Wizard\File Wizard\File Wizard.csproj]
D:\Programacion\File Wizard\File Wizard\Form2.cs(559,43): warning CA1416: Se puede acceder a este sitio de llamada en todas las plataformas. "TextBox.Text" solo se admite en "windows" 6.1 y versiones posteriores. (https://learn.microsoft.com/dotnet/fundamentals/code-analysis/quality-rules/ca1416) [D:\Programacion\File Wizard\File Wizard\File Wizard.csproj]
D:\Programacion\File Wizard\File Wizard\Form2.cs(570,40): warning CA1416: Se puede acceder a este sitio de llamada en todas las plataformas. "TextBox.Text" solo se admite en "windows" 6.1 y versiones posteriores. (https://learn.microsoft.com/dotnet/fundamentals/code-analysis/quality-rules/ca1416) [D:\Programacion\File Wizard\File Wizard\File Wizard.csproj]
D:\Programacion\File Wizard\File Wizard\Form2.cs(564,17): warning CA1416: Se puede acceder a este sitio de llamada en todas las plataformas. "TextBox.Text" solo se admite en "windows" 6.1 y versiones posteriores. (https://learn.microsoft.com/dotnet/fundamentals/code-analysis/quality-rules/ca1416) [D:\Programacion\File Wizard\File Wizard\File Wizard.csproj]
D:\Programacion\File Wizard\File Wizard\Form2.cs(585,17): warning CA1416: Se puede acceder a este sitio de llamada en todas las plataformas. "MessageBox.Show(string?)" solo se admite en "windows" 6.1 y versiones posteriores. (https://learn.microsoft.com/dotnet/fundamentals/code-analysis/quality-rules/ca1416) [D:\Programacion\File Wizard\File Wizard\File Wizard.csproj]
D:\Programacion\File Wizard\File Wizard\Form3.cs(632,17): warning CA1416: Se puede acceder a este sitio de llamada en todas las plataformas. "MessageBox.Show(string?)" solo se admite en "windows" 6.1 y versiones posteriores. (https://learn.microsoft.com/dotnet/fundamentals/code-analysis/quality-rules/ca1416) [D:\Programacion\File Wizard\File Wizard\File Wizard.csproj]
D:\Programacion\File Wizard\File Wizard\Form3.cs(640,41): warning CA1416: Se puede acceder a este sitio de llamada en todas las plataformas. "TextBox.Text" solo se admite en "windows" 6.1 y versiones posteriores. (https://learn.microsoft.com/dotnet/fundamentals/code-analysis/quality-rules/ca1416) [D:\Programacion\File Wizard\File Wizard\File Wizard.csproj]
D:\Programacion\File Wizard\File Wizard\Form3.cs(637,17): warning CA1416: Se puede acceder a este sitio de llamada en todas las plataformas. "MessageBox.Show(string?)" solo se admite en "windows" 6.1 y versiones posteriores. (https://learn.microsoft.com/dotnet/fundamentals/code-analysis/quality-rules/ca1416) [D:\Programacion\File Wizard\File Wizard\File Wizard.csproj]
D:\Programacion\File Wizard\File Wizard\Form3.cs(651,21): warning CA1416: Se puede acceder a este sitio de llamada en todas las plataformas. "TextBoxBase.Clear()" solo se admite en "windows" 6.1 y versiones posteriores. (https://learn.microsoft.com/dotnet/fundamentals/code-analysis/quality-rules/ca1416) [D:\Programacion\File Wizard\File Wizard\File Wizard.csproj]
D:\Programacion\File Wizard\File Wizard\Form3.cs(635,17): warning CA1416: Se puede acceder a este sitio de llamada en todas las plataformas. "TextBox.Text" solo se admite en "windows" 6.1 y versiones posteriores. (https://learn.microsoft.com/dotnet/fundamentals/code-analysis/quality-rules/ca1416) [D:\Programacion\File Wizard\File Wizard\File Wizard.csproj]
D:\Programacion\File Wizard\File Wizard\Form3.cs(630,43): warning CA1416: Se puede acceder a este sitio de llamada en todas las plataformas. "TextBox.Text" solo se admite en "windows" 6.1 y versiones posteriores. (https://learn.microsoft.com/dotnet/fundamentals/code-analysis/quality-rules/ca1416) [D:\Programacion\File Wizard\File Wizard\File Wizard.csproj]
D:\Programacion\File Wizard\File Wizard\Form3.cs(627,17): warning CA1416: Se puede acceder a este sitio de llamada en todas las plataformas. "MessageBox.Show(string?)" solo se admite en "windows" 6.1 y versiones posteriores. (https://learn.microsoft.com/dotnet/fundamentals/code-analysis/quality-rules/ca1416) [D:\Programacion\File Wizard\File Wizard\File Wizard.csproj]
D:\Programacion\File Wizard\File Wizard\Form3.cs(641,40): warning CA1416: Se puede acceder a este sitio de llamada en todas las plataformas. "TextBox.Text" solo se admite en "windows" 6.1 y versiones posteriores. (https://learn.microsoft.com/dotnet/fundamentals/code-analysis/quality-rules/ca1416) [D:\Programacion\File Wizard\File Wizard\File Wizard.csproj]
D:\Programacion\File Wizard\File Wizard\Form3.cs(656,17): warning CA1416: Se puede acceder a este sitio de llamada en todas las plataformas. "MessageBox.Show(string?)" solo se admite en "windows" 6.1 y versiones posteriores. (https://learn.microsoft.com/dotnet/fundamentals/code-analysis/quality-rules/ca1416) [D:\Programacion\File Wizard\File Wizard\File Wizard.csproj]
D:\Programacion\File Wizard\File Wizard\Form2.cs(641,22): warning CA1416: Se puede acceder a este sitio de llamada en todas las plataformas. "KeyEventArgs.KeyCode" solo se admite en "windows" 6.1 y versiones posteriores. (https://learn.microsoft.com/dotnet/fundamentals/code-analysis/quality-rules/ca1416) [D:\Programacion\File Wizard\File Wizard\File Wizard.csproj]
D:\Programacion\File Wizard\File Wizard\Form2.cs(638,43): warning CA1416: Se puede acceder a este sitio de llamada en todas las plataformas. "TextBox.Text" solo se admite en "windows" 6.1 y versiones posteriores. (https://learn.microsoft.com/dotnet/fundamentals/code-analysis/quality-rules/ca1416) [D:\Programacion\File Wizard\File Wizard\File Wizard.csproj]
D:\Programacion\File Wizard\File Wizard\Form2.cs(654,21): warning CA1416: Se puede acceder a este sitio de llamada en todas las plataformas. "TextBoxBase.SelectionStart" solo se admite en "windows" 6.1 y versiones posteriores. (https://learn.microsoft.com/dotnet/fundamentals/code-analysis/quality-rules/ca1416) [D:\Programacion\File Wizard\File Wizard\File Wizard.csproj]
D:\Programacion\File Wizard\File Wizard\Form2.cs(599,47): warning CA1416: Se puede acceder a este sitio de llamada en todas las plataformas. "TextBox.Text" solo se admite en "windows" 6.1 y versiones posteriores. (https://learn.microsoft.com/dotnet/fundamentals/code-analysis/quality-rules/ca1416) [D:\Programacion\File Wizard\File Wizard\File Wizard.csproj]
D:\Programacion\File Wizard\File Wizard\Form2.cs(601,21): warning CA1416: Se puede acceder a este sitio de llamada en todas las plataformas. "MessageBox.Show(string?)" solo se admite en "windows" 6.1 y versiones posteriores. (https://learn.microsoft.com/dotnet/fundamentals/code-analysis/quality-rules/ca1416) [D:\Programacion\File Wizard\File Wizard\File Wizard.csproj]
D:\Programacion\File Wizard\File Wizard\Form2.cs(617,25): warning CA1416: Se puede acceder a este sitio de llamada en todas las plataformas. "KeyEventArgs.SuppressKeyPress" solo se admite en "windows" 6.1 y versiones posteriores. (https://learn.microsoft.com/dotnet/fundamentals/code-analysis/quality-rules/ca1416) [D:\Programacion\File Wizard\File Wizard\File Wizard.csproj]
D:\Programacion\File Wizard\File Wizard\Form2.cs(653,21): warning CA1416: Se puede acceder a este sitio de llamada en todas las plataformas. "TextBox.Text" solo se admite en "windows" 6.1 y versiones posteriores. (https://learn.microsoft.com/dotnet/fundamentals/code-analysis/quality-rules/ca1416) [D:\Programacion\File Wizard\File Wizard\File Wizard.csproj]
D:\Programacion\File Wizard\File Wizard\Form2.cs(609,44): warning CA1416: Se puede acceder a este sitio de llamada en todas las plataformas. "TextBox.Text" solo se admite en "windows" 6.1 y versiones posteriores. (https://learn.microsoft.com/dotnet/fundamentals/code-analysis/quality-rules/ca1416) [D:\Programacion\File Wizard\File Wizard\File Wizard.csproj]
D:\Programacion\File Wizard\File Wizard\Form2.cs(610,45): warning CA1416: Se puede acceder a este sitio de llamada en todas las plataformas. "TextBox.Text" solo se admite en "windows" 6.1 y versiones posteriores. (https://learn.microsoft.com/dotnet/fundamentals/code-analysis/quality-rules/ca1416) [D:\Programacion\File Wizard\File Wizard\File Wizard.csproj]
D:\Programacion\File Wizard\File Wizard\Form2.cs(592,17): warning CA1416: Se puede acceder a este sitio de llamada en todas las plataformas. "KeyEventArgs.KeyCode" solo se admite en "windows" 6.1 y versiones posteriores. (https://learn.microsoft.com/dotnet/fundamentals/code-analysis/quality-rules/ca1416) [D:\Programacion\File Wizard\File Wizard\File Wizard.csproj]
D:\Programacion\File Wizard\File Wizard\Form2.cs(638,17): warning CA1416: Se puede acceder a este sitio de llamada en todas las plataformas. "TextBoxBase.SelectionStart" solo se admite en "windows" 6.1 y versiones posteriores. (https://learn.microsoft.com/dotnet/fundamentals/code-analysis/quality-rules/ca1416) [D:\Programacion\File Wizard\File Wizard\File Wizard.csproj]
D:\Programacion\File Wizard\File Wizard\Form2.cs(639,17): warning CA1416: Se puede acceder a este sitio de llamada en todas las plataformas. "KeyEventArgs.SuppressKeyPress" solo se admite en "windows" 6.1 y versiones posteriores. (https://learn.microsoft.com/dotnet/fundamentals/code-analysis/quality-rules/ca1416) [D:\Programacion\File Wizard\File Wizard\File Wizard.csproj]
D:\Programacion\File Wizard\File Wizard\Form2.cs(637,17): warning CA1416: Se puede acceder a este sitio de llamada en todas las plataformas. "TextBox.Text" solo se admite en "windows" 6.1 y versiones posteriores. (https://learn.microsoft.com/dotnet/fundamentals/code-analysis/quality-rules/ca1416) [D:\Programacion\File Wizard\File Wizard\File Wizard.csproj]
D:\Programacion\File Wizard\File Wizard\Form2.cs(625,21): warning CA1416: Se puede acceder a este sitio de llamada en todas las plataformas. "MessageBox.Show(string?)" solo se admite en "windows" 6.1 y versiones posteriores. (https://learn.microsoft.com/dotnet/fundamentals/code-analysis/quality-rules/ca1416) [D:\Programacion\File Wizard\File Wizard\File Wizard.csproj]
D:\Programacion\File Wizard\File Wizard\Form2.cs(654,47): warning CA1416: Se puede acceder a este sitio de llamada en todas las plataformas. "TextBox.Text" solo se admite en "windows" 6.1 y versiones posteriores. (https://learn.microsoft.com/dotnet/fundamentals/code-analysis/quality-rules/ca1416) [D:\Programacion\File Wizard\File Wizard\File Wizard.csproj]
D:\Programacion\File Wizard\File Wizard\Form2.cs(606,21): warning CA1416: Se puede acceder a este sitio de llamada en todas las plataformas. "MessageBox.Show(string?)" solo se admite en "windows" 6.1 y versiones posteriores. (https://learn.microsoft.com/dotnet/fundamentals/code-analysis/quality-rules/ca1416) [D:\Programacion\File Wizard\File Wizard\File Wizard.csproj]
D:\Programacion\File Wizard\File Wizard\Form2.cs(629,22): warning CA1416: Se puede acceder a este sitio de llamada en todas las plataformas. "KeyEventArgs.KeyCode" solo se admite en "windows" 6.1 y versiones posteriores. (https://learn.microsoft.com/dotnet/fundamentals/code-analysis/quality-rules/ca1416) [D:\Programacion\File Wizard\File Wizard\File Wizard.csproj]
D:\Programacion\File Wizard\File Wizard\Form2.cs(649,21): warning CA1416: Se puede acceder a este sitio de llamada en todas las plataformas. "TextBoxBase.Clear()" solo se admite en "windows" 6.1 y versiones posteriores. (https://learn.microsoft.com/dotnet/fundamentals/code-analysis/quality-rules/ca1416) [D:\Programacion\File Wizard\File Wizard\File Wizard.csproj]
D:\Programacion\File Wizard\File Wizard\Form2.cs(596,21): warning CA1416: Se puede acceder a este sitio de llamada en todas las plataformas. "MessageBox.Show(string?)" solo se admite en "windows" 6.1 y versiones posteriores. (https://learn.microsoft.com/dotnet/fundamentals/code-analysis/quality-rules/ca1416) [D:\Programacion\File Wizard\File Wizard\File Wizard.csproj]
D:\Programacion\File Wizard\File Wizard\Form2.cs(604,21): warning CA1416: Se puede acceder a este sitio de llamada en todas las plataformas. "TextBox.Text" solo se admite en "windows" 6.1 y versiones posteriores. (https://learn.microsoft.com/dotnet/fundamentals/code-analysis/quality-rules/ca1416) [D:\Programacion\File Wizard\File Wizard\File Wizard.csproj]
D:\Programacion\File Wizard\File Wizard\Form2.cs(620,25): warning CA1416: Se puede acceder a este sitio de llamada en todas las plataformas. "TextBoxBase.Clear()" solo se admite en "windows" 6.1 y versiones posteriores. (https://learn.microsoft.com/dotnet/fundamentals/code-analysis/quality-rules/ca1416) [D:\Programacion\File Wizard\File Wizard\File Wizard.csproj]
D:\Programacion\File Wizard\File Wizard\Form2.cs(656,17): warning CA1416: Se puede acceder a este sitio de llamada en todas las plataformas. "KeyEventArgs.SuppressKeyPress" solo se admite en "windows" 6.1 y versiones posteriores. (https://learn.microsoft.com/dotnet/fundamentals/code-analysis/quality-rules/ca1416) [D:\Programacion\File Wizard\File Wizard\File Wizard.csproj]
D:\Programacion\File Wizard\File Wizard\Form2.cs(710,13): warning CA1416: Se puede acceder a este sitio de llamada en todas las plataformas. "ButtonBase.BackColor" solo se admite en "windows" 6.1 y versiones posteriores. (https://learn.microsoft.com/dotnet/fundamentals/code-analysis/quality-rules/ca1416) [D:\Programacion\File Wizard\File Wizard\File Wizard.csproj]
D:\Programacion\File Wizard\File Wizard\Form2.cs(675,21): warning CA1416: Se puede acceder a este sitio de llamada en todas las plataformas. "MessageBox.Show(string?)" solo se admite en "windows" 6.1 y versiones posteriores. (https://learn.microsoft.com/dotnet/fundamentals/code-analysis/quality-rules/ca1416) [D:\Programacion\File Wizard\File Wizard\File Wizard.csproj]
D:\Programacion\File Wizard\File Wizard\Form2.cs(704,17): warning CA1416: Se puede acceder a este sitio de llamada en todas las plataformas. "Control.Enabled" solo se admite en "windows" 6.1 y versiones posteriores. (https://learn.microsoft.com/dotnet/fundamentals/code-analysis/quality-rules/ca1416) [D:\Programacion\File Wizard\File Wizard\File Wizard.csproj]
D:\Programacion\File Wizard\File Wizard\Form2.cs(668,21): warning CA1416: Se puede acceder a este sitio de llamada en todas las plataformas. "MessageBox.Show(string?)" solo se admite en "windows" 6.1 y versiones posteriores. (https://learn.microsoft.com/dotnet/fundamentals/code-analysis/quality-rules/ca1416) [D:\Programacion\File Wizard\File Wizard\File Wizard.csproj]
D:\Programacion\File Wizard\File Wizard\Form2.cs(684,17): warning CA1416: Se puede acceder a este sitio de llamada en todas las plataformas. "MessageBox.Show(string?)" solo se admite en "windows" 6.1 y versiones posteriores. (https://learn.microsoft.com/dotnet/fundamentals/code-analysis/quality-rules/ca1416) [D:\Programacion\File Wizard\File Wizard\File Wizard.csproj]
D:\Programacion\File Wizard\File Wizard\Form2.cs(714,13): warning CA1416: Se puede acceder a este sitio de llamada en todas las plataformas. "ButtonBase.BackColor" solo se admite en "windows" 6.1 y versiones posteriores. (https://learn.microsoft.com/dotnet/fundamentals/code-analysis/quality-rules/ca1416) [D:\Programacion\File Wizard\File Wizard\File Wizard.csproj]
D:\Programacion\File Wizard\File Wizard\Form2.cs(688,17): warning CA1416: Se puede acceder a este sitio de llamada en todas las plataformas. "MessageBox.Show(string?)" solo se admite en "windows" 6.1 y versiones posteriores. (https://learn.microsoft.com/dotnet/fundamentals/code-analysis/quality-rules/ca1416) [D:\Programacion\File Wizard\File Wizard\File Wizard.csproj]
D:\Programacion\File Wizard\File Wizard\Form2.cs(705,17): warning CA1416: Se puede acceder a este sitio de llamada en todas las plataformas. "ButtonBase.BackColor" solo se admite en "windows" 6.1 y versiones posteriores. (https://learn.microsoft.com/dotnet/fundamentals/code-analysis/quality-rules/ca1416) [D:\Programacion\File Wizard\File Wizard\File Wizard.csproj]
D:\Programacion\File Wizard\File Wizard\Form2.cs(699,17): warning CA1416: Se puede acceder a este sitio de llamada en todas las plataformas. "ButtonBase.BackColor" solo se admite en "windows" 6.1 y versiones posteriores. (https://learn.microsoft.com/dotnet/fundamentals/code-analysis/quality-rules/ca1416) [D:\Programacion\File Wizard\File Wizard\File Wizard.csproj]
D:\Programacion\File Wizard\File Wizard\Form2.cs(713,13): warning CA1416: Se puede acceder a este sitio de llamada en todas las plataformas. "Control.Enabled" solo se admite en "windows" 6.1 y versiones posteriores. (https://learn.microsoft.com/dotnet/fundamentals/code-analysis/quality-rules/ca1416) [D:\Programacion\File Wizard\File Wizard\File Wizard.csproj]
D:\Programacion\File Wizard\File Wizard\Form2.cs(711,13): warning CA1416: Se puede acceder a este sitio de llamada en todas las plataformas. "Control.Enabled" solo se admite en "windows" 6.1 y versiones posteriores. (https://learn.microsoft.com/dotnet/fundamentals/code-analysis/quality-rules/ca1416) [D:\Programacion\File Wizard\File Wizard\File Wizard.csproj]
D:\Programacion\File Wizard\File Wizard\Form2.cs(707,13): warning CA1416: Se puede acceder a este sitio de llamada en todas las plataformas. "Control.Enabled" solo se admite en "windows" 6.1 y versiones posteriores. (https://learn.microsoft.com/dotnet/fundamentals/code-analysis/quality-rules/ca1416) [D:\Programacion\File Wizard\File Wizard\File Wizard.csproj]
D:\Programacion\File Wizard\File Wizard\Form2.cs(709,13): warning CA1416: Se puede acceder a este sitio de llamada en todas las plataformas. "Control.Enabled" solo se admite en "windows" 6.1 y versiones posteriores. (https://learn.microsoft.com/dotnet/fundamentals/code-analysis/quality-rules/ca1416) [D:\Programacion\File Wizard\File Wizard\File Wizard.csproj]
D:\Programacion\File Wizard\File Wizard\Form2.cs(712,13): warning CA1416: Se puede acceder a este sitio de llamada en todas las plataformas. "ButtonBase.BackColor" solo se admite en "windows" 6.1 y versiones posteriores. (https://learn.microsoft.com/dotnet/fundamentals/code-analysis/quality-rules/ca1416) [D:\Programacion\File Wizard\File Wizard\File Wizard.csproj]
D:\Programacion\File Wizard\File Wizard\Form2.cs(718,13): warning CA1416: Se puede acceder a este sitio de llamada en todas las plataformas. "Control.Enabled" solo se admite en "windows" 6.1 y versiones posteriores. (https://learn.microsoft.com/dotnet/fundamentals/code-analysis/quality-rules/ca1416) [D:\Programacion\File Wizard\File Wizard\File Wizard.csproj]
D:\Programacion\File Wizard\File Wizard\Form2.cs(716,13): warning CA1416: Se puede acceder a este sitio de llamada en todas las plataformas. "Control.Enabled" solo se admite en "windows" 6.1 y versiones posteriores. (https://learn.microsoft.com/dotnet/fundamentals/code-analysis/quality-rules/ca1416) [D:\Programacion\File Wizard\File Wizard\File Wizard.csproj]
D:\Programacion\File Wizard\File Wizard\Form2.cs(715,13): warning CA1416: Se puede acceder a este sitio de llamada en todas las plataformas. "Control.Enabled" solo se admite en "windows" 6.1 y versiones posteriores. (https://learn.microsoft.com/dotnet/fundamentals/code-analysis/quality-rules/ca1416) [D:\Programacion\File Wizard\File Wizard\File Wizard.csproj]
D:\Programacion\File Wizard\File Wizard\Form2.cs(708,13): warning CA1416: Se puede acceder a este sitio de llamada en todas las plataformas. "ButtonBase.BackColor" solo se admite en "windows" 6.1 y versiones posteriores. (https://learn.microsoft.com/dotnet/fundamentals/code-analysis/quality-rules/ca1416) [D:\Programacion\File Wizard\File Wizard\File Wizard.csproj]
D:\Programacion\File Wizard\File Wizard\Form2.cs(698,17): warning CA1416: Se puede acceder a este sitio de llamada en todas las plataformas. "Control.Enabled" solo se admite en "windows" 6.1 y versiones posteriores. (https://learn.microsoft.com/dotnet/fundamentals/code-analysis/quality-rules/ca1416) [D:\Programacion\File Wizard\File Wizard\File Wizard.csproj]
D:\Programacion\File Wizard\File Wizard\Form2.cs(717,13): warning CA1416: Se puede acceder a este sitio de llamada en todas las plataformas. "Control.Enabled" solo se admite en "windows" 6.1 y versiones posteriores. (https://learn.microsoft.com/dotnet/fundamentals/code-analysis/quality-rules/ca1416) [D:\Programacion\File Wizard\File Wizard\File Wizard.csproj]
D:\Programacion\File Wizard\File Wizard\Form3.cs(759,17): warning CA1416: Se puede acceder a este sitio de llamada en todas las plataformas. "MessageBox.Show(string?)" solo se admite en "windows" 6.1 y versiones posteriores. (https://learn.microsoft.com/dotnet/fundamentals/code-analysis/quality-rules/ca1416) [D:\Programacion\File Wizard\File Wizard\File Wizard.csproj]
D:\Programacion\File Wizard\File Wizard\Form3.cs(739,21): warning CA1416: Se puede acceder a este sitio de llamada en todas las plataformas. "MessageBox.Show(string?)" solo se admite en "windows" 6.1 y versiones posteriores. (https://learn.microsoft.com/dotnet/fundamentals/code-analysis/quality-rules/ca1416) [D:\Programacion\File Wizard\File Wizard\File Wizard.csproj]
D:\Programacion\File Wizard\File Wizard\Form3.cs(755,17): warning CA1416: Se puede acceder a este sitio de llamada en todas las plataformas. "MessageBox.Show(string?)" solo se admite en "windows" 6.1 y versiones posteriores. (https://learn.microsoft.com/dotnet/fundamentals/code-analysis/quality-rules/ca1416) [D:\Programacion\File Wizard\File Wizard\File Wizard.csproj]
D:\Programacion\File Wizard\File Wizard\Form3.cs(746,21): warning CA1416: Se puede acceder a este sitio de llamada en todas las plataformas. "MessageBox.Show(string?)" solo se admite en "windows" 6.1 y versiones posteriores. (https://learn.microsoft.com/dotnet/fundamentals/code-analysis/quality-rules/ca1416) [D:\Programacion\File Wizard\File Wizard\File Wizard.csproj]
D:\Programacion\File Wizard\File Wizard\Form2.cs(732,17): warning CA1416: Se puede acceder a este sitio de llamada en todas las plataformas. "ButtonBase.BackColor" solo se admite en "windows" 6.1 y versiones posteriores. (https://learn.microsoft.com/dotnet/fundamentals/code-analysis/quality-rules/ca1416) [D:\Programacion\File Wizard\File Wizard\File Wizard.csproj]
D:\Programacion\File Wizard\File Wizard\Form3.cs(675,21): warning CA1416: Se puede acceder a este sitio de llamada en todas las plataformas. "TextBox.Text" solo se admite en "windows" 6.1 y versiones posteriores. (https://learn.microsoft.com/dotnet/fundamentals/code-analysis/quality-rules/ca1416) [D:\Programacion\File Wizard\File Wizard\File Wizard.csproj]
D:\Programacion\File Wizard\File Wizard\Form2.cs(751,13): warning CA1416: Se puede acceder a este sitio de llamada en todas las plataformas. "Control.Enabled" solo se admite en "windows" 6.1 y versiones posteriores. (https://learn.microsoft.com/dotnet/fundamentals/code-analysis/quality-rules/ca1416) [D:\Programacion\File Wizard\File Wizard\File Wizard.csproj]
D:\Programacion\File Wizard\File Wizard\Form2.cs(731,17): warning CA1416: Se puede acceder a este sitio de llamada en todas las plataformas. "Control.Enabled" solo se admite en "windows" 6.1 y versiones posteriores. (https://learn.microsoft.com/dotnet/fundamentals/code-analysis/quality-rules/ca1416) [D:\Programacion\File Wizard\File Wizard\File Wizard.csproj]
D:\Programacion\File Wizard\File Wizard\Form3.cs(672,21): warning CA1416: Se puede acceder a este sitio de llamada en todas las plataformas. "MessageBox.Show(string?)" solo se admite en "windows" 6.1 y versiones posteriores. (https://learn.microsoft.com/dotnet/fundamentals/code-analysis/quality-rules/ca1416) [D:\Programacion\File Wizard\File Wizard\File Wizard.csproj]
D:\Programacion\File Wizard\File Wizard\Form2.cs(739,17): warning CA1416: Se puede acceder a este sitio de llamada en todas las plataformas. "Control.Enabled" solo se admite en "windows" 6.1 y versiones posteriores. (https://learn.microsoft.com/dotnet/fundamentals/code-analysis/quality-rules/ca1416) [D:\Programacion\File Wizard\File Wizard\File Wizard.csproj]
D:\Programacion\File Wizard\File Wizard\Form2.cs(725,17): warning CA1416: Se puede acceder a este sitio de llamada en todas las plataformas. "Control.Enabled" solo se admite en "windows" 6.1 y versiones posteriores. (https://learn.microsoft.com/dotnet/fundamentals/code-analysis/quality-rules/ca1416) [D:\Programacion\File Wizard\File Wizard\File Wizard.csproj]
D:\Programacion\File Wizard\File Wizard\Form3.cs(725,21): warning CA1416: Se puede acceder a este sitio de llamada en todas las plataformas. "TextBoxBase.SelectionStart" solo se admite en "windows" 6.1 y versiones posteriores. (https://learn.microsoft.com/dotnet/fundamentals/code-analysis/quality-rules/ca1416) [D:\Programacion\File Wizard\File Wizard\File Wizard.csproj]
D:\Programacion\File Wizard\File Wizard\Form3.cs(769,17): warning CA1416: Se puede acceder a este sitio de llamada en todas las plataformas. "ButtonBase.BackColor" solo se admite en "windows" 6.1 y versiones posteriores. (https://learn.microsoft.com/dotnet/fundamentals/code-analysis/quality-rules/ca1416) [D:\Programacion\File Wizard\File Wizard\File Wizard.csproj]
D:\Programacion\File Wizard\File Wizard\Form2.cs(741,17): warning CA1416: Se puede acceder a este sitio de llamada en todas las plataformas. "Control.Enabled" solo se admite en "windows" 6.1 y versiones posteriores. (https://learn.microsoft.com/dotnet/fundamentals/code-analysis/quality-rules/ca1416) [D:\Programacion\File Wizard\File Wizard\File Wizard.csproj]
D:\Programacion\File Wizard\File Wizard\Form3.cs(768,17): warning CA1416: Se puede acceder a este sitio de llamada en todas las plataformas. "Control.Enabled" solo se admite en "windows" 6.1 y versiones posteriores. (https://learn.microsoft.com/dotnet/fundamentals/code-analysis/quality-rules/ca1416) [D:\Programacion\File Wizard\File Wizard\File Wizard.csproj]
D:\Programacion\File Wizard\File Wizard\Form2.cs(743,17): warning CA1416: Se puede acceder a este sitio de llamada en todas las plataformas. "Control.Enabled" solo se admite en "windows" 6.1 y versiones posteriores. (https://learn.microsoft.com/dotnet/fundamentals/code-analysis/quality-rules/ca1416) [D:\Programacion\File Wizard\File Wizard\File Wizard.csproj]
D:\Programacion\File Wizard\File Wizard\Form3.cs(663,17): warning CA1416: Se puede acceder a este sitio de llamada en todas las plataformas. "KeyEventArgs.KeyCode" solo se admite en "windows" 6.1 y versiones posteriores. (https://learn.microsoft.com/dotnet/fundamentals/code-analysis/quality-rules/ca1416) [D:\Programacion\File Wizard\File Wizard\File Wizard.csproj]
D:\Programacion\File Wizard\File Wizard\Form3.cs(789,13): warning CA1416: Se puede acceder a este sitio de llamada en todas las plataformas. "Control.Enabled" solo se admite en "windows" 6.1 y versiones posteriores. (https://learn.microsoft.com/dotnet/fundamentals/code-analysis/quality-rules/ca1416) [D:\Programacion\File Wizard\File Wizard\File Wizard.csproj]
D:\Programacion\File Wizard\File Wizard\Form3.cs(780,13): warning CA1416: Se puede acceder a este sitio de llamada en todas las plataformas. "ButtonBase.BackColor" solo se admite en "windows" 6.1 y versiones posteriores. (https://learn.microsoft.com/dotnet/fundamentals/code-analysis/quality-rules/ca1416) [D:\Programacion\File Wizard\File Wizard\File Wizard.csproj]
D:\Programacion\File Wizard\File Wizard\Form2.cs(737,17): warning CA1416: Se puede acceder a este sitio de llamada en todas las plataformas. "Control.Enabled" solo se admite en "windows" 6.1 y versiones posteriores. (https://learn.microsoft.com/dotnet/fundamentals/code-analysis/quality-rules/ca1416) [D:\Programacion\File Wizard\File Wizard\File Wizard.csproj]
D:\Programacion\File Wizard\File Wizard\Form3.cs(696,21): warning CA1416: Se puede acceder a este sitio de llamada en todas las plataformas. "MessageBox.Show(string?)" solo se admite en "windows" 6.1 y versiones posteriores. (https://learn.microsoft.com/dotnet/fundamentals/code-analysis/quality-rules/ca1416) [D:\Programacion\File Wizard\File Wizard\File Wizard.csproj]
D:\Programacion\File Wizard\File Wizard\Form2.cs(746,13): warning CA1416: Se puede acceder a este sitio de llamada en todas las plataformas. "Control.Enabled" solo se admite en "windows" 6.1 y versiones posteriores. (https://learn.microsoft.com/dotnet/fundamentals/code-analysis/quality-rules/ca1416) [D:\Programacion\File Wizard\File Wizard\File Wizard.csproj]
D:\Programacion\File Wizard\File Wizard\Form3.cs(785,13): warning CA1416: Se puede acceder a este sitio de llamada en todas las plataformas. "Control.Enabled" solo se admite en "windows" 6.1 y versiones posteriores. (https://learn.microsoft.com/dotnet/fundamentals/code-analysis/quality-rules/ca1416) [D:\Programacion\File Wizard\File Wizard\File Wizard.csproj]
D:\Programacion\File Wizard\File Wizard\Form2.cs(738,17): warning CA1416: Se puede acceder a este sitio de llamada en todas las plataformas. "ButtonBase.BackColor" solo se admite en "windows" 6.1 y versiones posteriores. (https://learn.microsoft.com/dotnet/fundamentals/code-analysis/quality-rules/ca1416) [D:\Programacion\File Wizard\File Wizard\File Wizard.csproj]
D:\Programacion\File Wizard\File Wizard\Form3.cs(781,13): warning CA1416: Se puede acceder a este sitio de llamada en todas las plataformas. "Control.Enabled" solo se admite en "windows" 6.1 y versiones posteriores. (https://learn.microsoft.com/dotnet/fundamentals/code-analysis/quality-rules/ca1416) [D:\Programacion\File Wizard\File Wizard\File Wizard.csproj]
D:\Programacion\File Wizard\File Wizard\Form3.cs(680,44): warning CA1416: Se puede acceder a este sitio de llamada en todas las plataformas. "TextBox.Text" solo se admite en "windows" 6.1 y versiones posteriores. (https://learn.microsoft.com/dotnet/fundamentals/code-analysis/quality-rules/ca1416) [D:\Programacion\File Wizard\File Wizard\File Wizard.csproj]
D:\Programacion\File Wizard\File Wizard\Form2.cs(744,17): warning CA1416: Se puede acceder a este sitio de llamada en todas las plataformas. "ButtonBase.BackColor" solo se admite en "windows" 6.1 y versiones posteriores. (https://learn.microsoft.com/dotnet/fundamentals/code-analysis/quality-rules/ca1416) [D:\Programacion\File Wizard\File Wizard\File Wizard.csproj]
D:\Programacion\File Wizard\File Wizard\Form3.cs(774,17): warning CA1416: Se puede acceder a este sitio de llamada en todas las plataformas. "Control.Enabled" solo se admite en "windows" 6.1 y versiones posteriores. (https://learn.microsoft.com/dotnet/fundamentals/code-analysis/quality-rules/ca1416) [D:\Programacion\File Wizard\File Wizard\File Wizard.csproj]
D:\Programacion\File Wizard\File Wizard\Form2.cs(730,17): warning CA1416: Se puede acceder a este sitio de llamada en todas las plataformas. "ButtonBase.BackColor" solo se admite en "windows" 6.1 y versiones posteriores. (https://learn.microsoft.com/dotnet/fundamentals/code-analysis/quality-rules/ca1416) [D:\Programacion\File Wizard\File Wizard\File Wizard.csproj]
D:\Programacion\File Wizard\File Wizard\Form3.cs(787,13): warning CA1416: Se puede acceder a este sitio de llamada en todas las plataformas. "Control.Enabled" solo se admite en "windows" 6.1 y versiones posteriores. (https://learn.microsoft.com/dotnet/fundamentals/code-analysis/quality-rules/ca1416) [D:\Programacion\File Wizard\File Wizard\File Wizard.csproj]
D:\Programacion\File Wizard\File Wizard\Form3.cs(779,13): warning CA1416: Se puede acceder a este sitio de llamada en todas las plataformas. "Control.Enabled" solo se admite en "windows" 6.1 y versiones posteriores. (https://learn.microsoft.com/dotnet/fundamentals/code-analysis/quality-rules/ca1416) [D:\Programacion\File Wizard\File Wizard\File Wizard.csproj]
D:\Programacion\File Wizard\File Wizard\Form3.cs(670,47): warning CA1416: Se puede acceder a este sitio de llamada en todas las plataformas. "TextBox.Text" solo se admite en "windows" 6.1 y versiones posteriores. (https://learn.microsoft.com/dotnet/fundamentals/code-analysis/quality-rules/ca1416) [D:\Programacion\File Wizard\File Wizard\File Wizard.csproj]
D:\Programacion\File Wizard\File Wizard\Form2.cs(740,17): warning CA1416: Se puede acceder a este sitio de llamada en todas las plataformas. "ButtonBase.BackColor" solo se admite en "windows" 6.1 y versiones posteriores. (https://learn.microsoft.com/dotnet/fundamentals/code-analysis/quality-rules/ca1416) [D:\Programacion\File Wizard\File Wizard\File Wizard.csproj]
D:\Programacion\File Wizard\File Wizard\Form3.cs(778,13): warning CA1416: Se puede acceder a este sitio de llamada en todas las plataformas. "ButtonBase.BackColor" solo se admite en "windows" 6.1 y versiones posteriores. (https://learn.microsoft.com/dotnet/fundamentals/code-analysis/quality-rules/ca1416) [D:\Programacion\File Wizard\File Wizard\File Wizard.csproj]
D:\Programacion\File Wizard\File Wizard\Form3.cs(788,13): warning CA1416: Se puede acceder a este sitio de llamada en todas las plataformas. "Control.Enabled" solo se admite en "windows" 6.1 y versiones posteriores. (https://learn.microsoft.com/dotnet/fundamentals/code-analysis/quality-rules/ca1416) [D:\Programacion\File Wizard\File Wizard\File Wizard.csproj]
D:\Programacion\File Wizard\File Wizard\Form2.cs(749,13): warning CA1416: Se puede acceder a este sitio de llamada en todas las plataformas. "Control.Enabled" solo se admite en "windows" 6.1 y versiones posteriores. (https://learn.microsoft.com/dotnet/fundamentals/code-analysis/quality-rules/ca1416) [D:\Programacion\File Wizard\File Wizard\File Wizard.csproj]
D:\Programacion\File Wizard\File Wizard\Form3.cs(712,22): warning CA1416: Se puede acceder a este sitio de llamada en todas las plataformas. "KeyEventArgs.KeyCode" solo se admite en "windows" 6.1 y versiones posteriores. (https://learn.microsoft.com/dotnet/fundamentals/code-analysis/quality-rules/ca1416) [D:\Programacion\File Wizard\File Wizard\File Wizard.csproj]
D:\Programacion\File Wizard\File Wizard\Form3.cs(777,13): warning CA1416: Se puede acceder a este sitio de llamada en todas las plataformas. "Control.Enabled" solo se admite en "windows" 6.1 y versiones posteriores. (https://learn.microsoft.com/dotnet/fundamentals/code-analysis/quality-rules/ca1416) [D:\Programacion\File Wizard\File Wizard\File Wizard.csproj]
D:\Programacion\File Wizard\File Wizard\Form2.cs(747,13): warning CA1416: Se puede acceder a este sitio de llamada en todas las plataformas. "ButtonBase.BackColor" solo se admite en "windows" 6.1 y versiones posteriores. (https://learn.microsoft.com/dotnet/fundamentals/code-analysis/quality-rules/ca1416) [D:\Programacion\File Wizard\File Wizard\File Wizard.csproj]
D:\Programacion\File Wizard\File Wizard\Form3.cs(784,13): warning CA1416: Se puede acceder a este sitio de llamada en todas las plataformas. "ButtonBase.BackColor" solo se admite en "windows" 6.1 y versiones posteriores. (https://learn.microsoft.com/dotnet/fundamentals/code-analysis/quality-rules/ca1416) [D:\Programacion\File Wizard\File Wizard\File Wizard.csproj]
D:\Programacion\File Wizard\File Wizard\Form2.cs(727,17): warning CA1416: Se puede acceder a este sitio de llamada en todas las plataformas. "Control.Enabled" solo se admite en "windows" 6.1 y versiones posteriores. (https://learn.microsoft.com/dotnet/fundamentals/code-analysis/quality-rules/ca1416) [D:\Programacion\File Wizard\File Wizard\File Wizard.csproj]
D:\Programacion\File Wizard\File Wizard\Form3.cs(708,17): warning CA1416: Se puede acceder a este sitio de llamada en todas las plataformas. "TextBox.Text" solo se admite en "windows" 6.1 y versiones posteriores. (https://learn.microsoft.com/dotnet/fundamentals/code-analysis/quality-rules/ca1416) [D:\Programacion\File Wizard\File Wizard\File Wizard.csproj]
D:\Programacion\File Wizard\File Wizard\Form2.cs(726,17): warning CA1416: Se puede acceder a este sitio de llamada en todas las plataformas. "ButtonBase.BackColor" solo se admite en "windows" 6.1 y versiones posteriores. (https://learn.microsoft.com/dotnet/fundamentals/code-analysis/quality-rules/ca1416) [D:\Programacion\File Wizard\File Wizard\File Wizard.csproj]
D:\Programacion\File Wizard\File Wizard\Form3.cs(775,17): warning CA1416: Se puede acceder a este sitio de llamada en todas las plataformas. "ButtonBase.BackColor" solo se admite en "windows" 6.1 y versiones posteriores. (https://learn.microsoft.com/dotnet/fundamentals/code-analysis/quality-rules/ca1416) [D:\Programacion\File Wizard\File Wizard\File Wizard.csproj]
D:\Programacion\File Wizard\File Wizard\Form3.cs(786,13): warning CA1416: Se puede acceder a este sitio de llamada en todas las plataformas. "Control.Enabled" solo se admite en "windows" 6.1 y versiones posteriores. (https://learn.microsoft.com/dotnet/fundamentals/code-analysis/quality-rules/ca1416) [D:\Programacion\File Wizard\File Wizard\File Wizard.csproj]
D:\Programacion\File Wizard\File Wizard\Form3.cs(782,13): warning CA1416: Se puede acceder a este sitio de llamada en todas las plataformas. "ButtonBase.BackColor" solo se admite en "windows" 6.1 y versiones posteriores. (https://learn.microsoft.com/dotnet/fundamentals/code-analysis/quality-rules/ca1416) [D:\Programacion\File Wizard\File Wizard\File Wizard.csproj]
D:\Programacion\File Wizard\File Wizard\Form3.cs(667,21): warning CA1416: Se puede acceder a este sitio de llamada en todas las plataformas. "MessageBox.Show(string?)" solo se admite en "windows" 6.1 y versiones posteriores. (https://learn.microsoft.com/dotnet/fundamentals/code-analysis/quality-rules/ca1416) [D:\Programacion\File Wizard\File Wizard\File Wizard.csproj]
D:\Programacion\File Wizard\File Wizard\Form2.cs(728,17): warning CA1416: Se puede acceder a este sitio de llamada en todas las plataformas. "ButtonBase.BackColor" solo se admite en "windows" 6.1 y versiones posteriores. (https://learn.microsoft.com/dotnet/fundamentals/code-analysis/quality-rules/ca1416) [D:\Programacion\File Wizard\File Wizard\File Wizard.csproj]
D:\Programacion\File Wizard\File Wizard\Form2.cs(729,17): warning CA1416: Se puede acceder a este sitio de llamada en todas las plataformas. "Control.Enabled" solo se admite en "windows" 6.1 y versiones posteriores. (https://learn.microsoft.com/dotnet/fundamentals/code-analysis/quality-rules/ca1416) [D:\Programacion\File Wizard\File Wizard\File Wizard.csproj]
D:\Programacion\File Wizard\File Wizard\Form3.cs(783,13): warning CA1416: Se puede acceder a este sitio de llamada en todas las plataformas. "Control.Enabled" solo se admite en "windows" 6.1 y versiones posteriores. (https://learn.microsoft.com/dotnet/fundamentals/code-analysis/quality-rules/ca1416) [D:\Programacion\File Wizard\File Wizard\File Wizard.csproj]
D:\Programacion\File Wizard\File Wizard\Form2.cs(750,13): warning CA1416: Se puede acceder a este sitio de llamada en todas las plataformas. "Control.Enabled" solo se admite en "windows" 6.1 y versiones posteriores. (https://learn.microsoft.com/dotnet/fundamentals/code-analysis/quality-rules/ca1416) [D:\Programacion\File Wizard\File Wizard\File Wizard.csproj]
D:\Programacion\File Wizard\File Wizard\Form3.cs(727,17): warning CA1416: Se puede acceder a este sitio de llamada en todas las plataformas. "KeyEventArgs.SuppressKeyPress" solo se admite en "windows" 6.1 y versiones posteriores. (https://learn.microsoft.com/dotnet/fundamentals/code-analysis/quality-rules/ca1416) [D:\Programacion\File Wizard\File Wizard\File Wizard.csproj]
D:\Programacion\File Wizard\File Wizard\Form2.cs(748,13): warning CA1416: Se puede acceder a este sitio de llamada en todas las plataformas. "Control.Enabled" solo se admite en "windows" 6.1 y versiones posteriores. (https://learn.microsoft.com/dotnet/fundamentals/code-analysis/quality-rules/ca1416) [D:\Programacion\File Wizard\File Wizard\File Wizard.csproj]
D:\Programacion\File Wizard\File Wizard\Form2.cs(742,17): warning CA1416: Se puede acceder a este sitio de llamada en todas las plataformas. "ButtonBase.BackColor" solo se admite en "windows" 6.1 y versiones posteriores. (https://learn.microsoft.com/dotnet/fundamentals/code-analysis/quality-rules/ca1416) [D:\Programacion\File Wizard\File Wizard\File Wizard.csproj]
D:\Programacion\File Wizard\File Wizard\Form3.cs(720,21): warning CA1416: Se puede acceder a este sitio de llamada en todas las plataformas. "TextBoxBase.Clear()" solo se admite en "windows" 6.1 y versiones posteriores. (https://learn.microsoft.com/dotnet/fundamentals/code-analysis/quality-rules/ca1416) [D:\Programacion\File Wizard\File Wizard\File Wizard.csproj]
D:\Programacion\File Wizard\File Wizard\Form3.cs(709,43): warning CA1416: Se puede acceder a este sitio de llamada en todas las plataformas. "TextBox.Text" solo se admite en "windows" 6.1 y versiones posteriores. (https://learn.microsoft.com/dotnet/fundamentals/code-analysis/quality-rules/ca1416) [D:\Programacion\File Wizard\File Wizard\File Wizard.csproj]
D:\Programacion\File Wizard\File Wizard\Form3.cs(700,22): warning CA1416: Se puede acceder a este sitio de llamada en todas las plataformas. "KeyEventArgs.KeyCode" solo se admite en "windows" 6.1 y versiones posteriores. (https://learn.microsoft.com/dotnet/fundamentals/code-analysis/quality-rules/ca1416) [D:\Programacion\File Wizard\File Wizard\File Wizard.csproj]
D:\Programacion\File Wizard\File Wizard\Form3.cs(709,17): warning CA1416: Se puede acceder a este sitio de llamada en todas las plataformas. "TextBoxBase.SelectionStart" solo se admite en "windows" 6.1 y versiones posteriores. (https://learn.microsoft.com/dotnet/fundamentals/code-analysis/quality-rules/ca1416) [D:\Programacion\File Wizard\File Wizard\File Wizard.csproj]
D:\Programacion\File Wizard\File Wizard\Form3.cs(677,21): warning CA1416: Se puede acceder a este sitio de llamada en todas las plataformas. "MessageBox.Show(string?)" solo se admite en "windows" 6.1 y versiones posteriores. (https://learn.microsoft.com/dotnet/fundamentals/code-analysis/quality-rules/ca1416) [D:\Programacion\File Wizard\File Wizard\File Wizard.csproj]
D:\Programacion\File Wizard\File Wizard\Form3.cs(691,25): warning CA1416: Se puede acceder a este sitio de llamada en todas las plataformas. "TextBoxBase.Clear()" solo se admite en "windows" 6.1 y versiones posteriores. (https://learn.microsoft.com/dotnet/fundamentals/code-analysis/quality-rules/ca1416) [D:\Programacion\File Wizard\File Wizard\File Wizard.csproj]
D:\Programacion\File Wizard\File Wizard\Form3.cs(688,25): warning CA1416: Se puede acceder a este sitio de llamada en todas las plataformas. "KeyEventArgs.SuppressKeyPress" solo se admite en "windows" 6.1 y versiones posteriores. (https://learn.microsoft.com/dotnet/fundamentals/code-analysis/quality-rules/ca1416) [D:\Programacion\File Wizard\File Wizard\File Wizard.csproj]
D:\Programacion\File Wizard\File Wizard\Form3.cs(724,21): warning CA1416: Se puede acceder a este sitio de llamada en todas las plataformas. "TextBox.Text" solo se admite en "windows" 6.1 y versiones posteriores. (https://learn.microsoft.com/dotnet/fundamentals/code-analysis/quality-rules/ca1416) [D:\Programacion\File Wizard\File Wizard\File Wizard.csproj]
D:\Programacion\File Wizard\File Wizard\Form3.cs(681,45): warning CA1416: Se puede acceder a este sitio de llamada en todas las plataformas. "TextBox.Text" solo se admite en "windows" 6.1 y versiones posteriores. (https://learn.microsoft.com/dotnet/fundamentals/code-analysis/quality-rules/ca1416) [D:\Programacion\File Wizard\File Wizard\File Wizard.csproj]
D:\Programacion\File Wizard\File Wizard\Form3.cs(710,17): warning CA1416: Se puede acceder a este sitio de llamada en todas las plataformas. "KeyEventArgs.SuppressKeyPress" solo se admite en "windows" 6.1 y versiones posteriores. (https://learn.microsoft.com/dotnet/fundamentals/code-analysis/quality-rules/ca1416) [D:\Programacion\File Wizard\File Wizard\File Wizard.csproj]
D:\Programacion\File Wizard\File Wizard\Form3.cs(725,47): warning CA1416: Se puede acceder a este sitio de llamada en todas las plataformas. "TextBox.Text" solo se admite en "windows" 6.1 y versiones posteriores. (https://learn.microsoft.com/dotnet/fundamentals/code-analysis/quality-rules/ca1416) [D:\Programacion\File Wizard\File Wizard\File Wizard.csproj]
D:\Programacion\File Wizard\File Wizard\Form3.cs(815,17): warning CA1416: Se puede acceder a este sitio de llamada en todas las plataformas. "ButtonBase.BackColor" solo se admite en "windows" 6.1 y versiones posteriores. (https://learn.microsoft.com/dotnet/fundamentals/code-analysis/quality-rules/ca1416) [D:\Programacion\File Wizard\File Wizard\File Wizard.csproj]
D:\Programacion\File Wizard\File Wizard\Form3.cs(797,17): warning CA1416: Se puede acceder a este sitio de llamada en todas las plataformas. "ButtonBase.BackColor" solo se admite en "windows" 6.1 y versiones posteriores. (https://learn.microsoft.com/dotnet/fundamentals/code-analysis/quality-rules/ca1416) [D:\Programacion\File Wizard\File Wizard\File Wizard.csproj]
D:\Programacion\File Wizard\File Wizard\Form3.cs(822,13): warning CA1416: Se puede acceder a este sitio de llamada en todas las plataformas. "Control.Enabled" solo se admite en "windows" 6.1 y versiones posteriores. (https://learn.microsoft.com/dotnet/fundamentals/code-analysis/quality-rules/ca1416) [D:\Programacion\File Wizard\File Wizard\File Wizard.csproj]
D:\Programacion\File Wizard\File Wizard\Form3.cs(817,13): warning CA1416: Se puede acceder a este sitio de llamada en todas las plataformas. "Control.Enabled" solo se admite en "windows" 6.1 y versiones posteriores. (https://learn.microsoft.com/dotnet/fundamentals/code-analysis/quality-rules/ca1416) [D:\Programacion\File Wizard\File Wizard\File Wizard.csproj]
D:\Programacion\File Wizard\File Wizard\Form3.cs(802,17): warning CA1416: Se puede acceder a este sitio de llamada en todas las plataformas. "Control.Enabled" solo se admite en "windows" 6.1 y versiones posteriores. (https://learn.microsoft.com/dotnet/fundamentals/code-analysis/quality-rules/ca1416) [D:\Programacion\File Wizard\File Wizard\File Wizard.csproj]
D:\Programacion\File Wizard\File Wizard\Form3.cs(818,13): warning CA1416: Se puede acceder a este sitio de llamada en todas las plataformas. "ButtonBase.BackColor" solo se admite en "windows" 6.1 y versiones posteriores. (https://learn.microsoft.com/dotnet/fundamentals/code-analysis/quality-rules/ca1416) [D:\Programacion\File Wizard\File Wizard\File Wizard.csproj]
D:\Programacion\File Wizard\File Wizard\Form3.cs(810,17): warning CA1416: Se puede acceder a este sitio de llamada en todas las plataformas. "Control.Enabled" solo se admite en "windows" 6.1 y versiones posteriores. (https://learn.microsoft.com/dotnet/fundamentals/code-analysis/quality-rules/ca1416) [D:\Programacion\File Wizard\File Wizard\File Wizard.csproj]
D:\Programacion\File Wizard\File Wizard\Form3.cs(808,17): warning CA1416: Se puede acceder a este sitio de llamada en todas las plataformas. "Control.Enabled" solo se admite en "windows" 6.1 y versiones posteriores. (https://learn.microsoft.com/dotnet/fundamentals/code-analysis/quality-rules/ca1416) [D:\Programacion\File Wizard\File Wizard\File Wizard.csproj]
D:\Programacion\File Wizard\File Wizard\Form3.cs(812,17): warning CA1416: Se puede acceder a este sitio de llamada en todas las plataformas. "Control.Enabled" solo se admite en "windows" 6.1 y versiones posteriores. (https://learn.microsoft.com/dotnet/fundamentals/code-analysis/quality-rules/ca1416) [D:\Programacion\File Wizard\File Wizard\File Wizard.csproj]
D:\Programacion\File Wizard\File Wizard\Form3.cs(823,13): warning CA1416: Se puede acceder a este sitio de llamada en todas las plataformas. "Control.Enabled" solo se admite en "windows" 6.1 y versiones posteriores. (https://learn.microsoft.com/dotnet/fundamentals/code-analysis/quality-rules/ca1416) [D:\Programacion\File Wizard\File Wizard\File Wizard.csproj]
D:\Programacion\File Wizard\File Wizard\Form3.cs(820,13): warning CA1416: Se puede acceder a este sitio de llamada en todas las plataformas. "Control.Enabled" solo se admite en "windows" 6.1 y versiones posteriores. (https://learn.microsoft.com/dotnet/fundamentals/code-analysis/quality-rules/ca1416) [D:\Programacion\File Wizard\File Wizard\File Wizard.csproj]
D:\Programacion\File Wizard\File Wizard\Form3.cs(796,17): warning CA1416: Se puede acceder a este sitio de llamada en todas las plataformas. "Control.Enabled" solo se admite en "windows" 6.1 y versiones posteriores. (https://learn.microsoft.com/dotnet/fundamentals/code-analysis/quality-rules/ca1416) [D:\Programacion\File Wizard\File Wizard\File Wizard.csproj]
D:\Programacion\File Wizard\File Wizard\Form3.cs(819,13): warning CA1416: Se puede acceder a este sitio de llamada en todas las plataformas. "Control.Enabled" solo se admite en "windows" 6.1 y versiones posteriores. (https://learn.microsoft.com/dotnet/fundamentals/code-analysis/quality-rules/ca1416) [D:\Programacion\File Wizard\File Wizard\File Wizard.csproj]
D:\Programacion\File Wizard\File Wizard\Form3.cs(814,17): warning CA1416: Se puede acceder a este sitio de llamada en todas las plataformas. "Control.Enabled" solo se admite en "windows" 6.1 y versiones posteriores. (https://learn.microsoft.com/dotnet/fundamentals/code-analysis/quality-rules/ca1416) [D:\Programacion\File Wizard\File Wizard\File Wizard.csproj]
D:\Programacion\File Wizard\File Wizard\Form3.cs(801,17): warning CA1416: Se puede acceder a este sitio de llamada en todas las plataformas. "ButtonBase.BackColor" solo se admite en "windows" 6.1 y versiones posteriores. (https://learn.microsoft.com/dotnet/fundamentals/code-analysis/quality-rules/ca1416) [D:\Programacion\File Wizard\File Wizard\File Wizard.csproj]
D:\Programacion\File Wizard\File Wizard\Form3.cs(821,13): warning CA1416: Se puede acceder a este sitio de llamada en todas las plataformas. "Control.Enabled" solo se admite en "windows" 6.1 y versiones posteriores. (https://learn.microsoft.com/dotnet/fundamentals/code-analysis/quality-rules/ca1416) [D:\Programacion\File Wizard\File Wizard\File Wizard.csproj]
D:\Programacion\File Wizard\File Wizard\Form3.cs(798,17): warning CA1416: Se puede acceder a este sitio de llamada en todas las plataformas. "Control.Enabled" solo se admite en "windows" 6.1 y versiones posteriores. (https://learn.microsoft.com/dotnet/fundamentals/code-analysis/quality-rules/ca1416) [D:\Programacion\File Wizard\File Wizard\File Wizard.csproj]
D:\Programacion\File Wizard\File Wizard\Form3.cs(811,17): warning CA1416: Se puede acceder a este sitio de llamada en todas las plataformas. "ButtonBase.BackColor" solo se admite en "windows" 6.1 y versiones posteriores. (https://learn.microsoft.com/dotnet/fundamentals/code-analysis/quality-rules/ca1416) [D:\Programacion\File Wizard\File Wizard\File Wizard.csproj]
D:\Programacion\File Wizard\File Wizard\Form3.cs(809,17): warning CA1416: Se puede acceder a este sitio de llamada en todas las plataformas. "ButtonBase.BackColor" solo se admite en "windows" 6.1 y versiones posteriores. (https://learn.microsoft.com/dotnet/fundamentals/code-analysis/quality-rules/ca1416) [D:\Programacion\File Wizard\File Wizard\File Wizard.csproj]
D:\Programacion\File Wizard\File Wizard\Form3.cs(800,17): warning CA1416: Se puede acceder a este sitio de llamada en todas las plataformas. "Control.Enabled" solo se admite en "windows" 6.1 y versiones posteriores. (https://learn.microsoft.com/dotnet/fundamentals/code-analysis/quality-rules/ca1416) [D:\Programacion\File Wizard\File Wizard\File Wizard.csproj]
D:\Programacion\File Wizard\File Wizard\Form3.cs(813,17): warning CA1416: Se puede acceder a este sitio de llamada en todas las plataformas. "ButtonBase.BackColor" solo se admite en "windows" 6.1 y versiones posteriores. (https://learn.microsoft.com/dotnet/fundamentals/code-analysis/quality-rules/ca1416) [D:\Programacion\File Wizard\File Wizard\File Wizard.csproj]
D:\Programacion\File Wizard\File Wizard\Form3.cs(803,17): warning CA1416: Se puede acceder a este sitio de llamada en todas las plataformas. "ButtonBase.BackColor" solo se admite en "windows" 6.1 y versiones posteriores. (https://learn.microsoft.com/dotnet/fundamentals/code-analysis/quality-rules/ca1416) [D:\Programacion\File Wizard\File Wizard\File Wizard.csproj]
D:\Programacion\File Wizard\File Wizard\Form3.cs(799,17): warning CA1416: Se puede acceder a este sitio de llamada en todas las plataformas. "ButtonBase.BackColor" solo se admite en "windows" 6.1 y versiones posteriores. (https://learn.microsoft.com/dotnet/fundamentals/code-analysis/quality-rules/ca1416) [D:\Programacion\File Wizard\File Wizard\File Wizard.csproj]
D:\Programacion\File Wizard\File Wizard\Form3.cs(275,52): warning CA1416: Se puede acceder a este sitio de llamada en todas las plataformas. "TextBox.Text" solo se admite en "windows" 6.1 y versiones posteriores. (https://learn.microsoft.com/dotnet/fundamentals/code-analysis/quality-rules/ca1416) [D:\Programacion\File Wizard\File Wizard\File Wizard.csproj]
D:\Programacion\File Wizard\File Wizard\Form3.cs(365,45): warning CA1416: Se puede acceder a este sitio de llamada en todas las plataformas. "Control.Invoke(Delegate)" solo se admite en "windows" 6.1 y versiones posteriores. (https://learn.microsoft.com/dotnet/fundamentals/code-analysis/quality-rules/ca1416) [D:\Programacion\File Wizard\File Wizard\File Wizard.csproj]
D:\Programacion\File Wizard\File Wizard\Form3.cs(468,53): warning CA1416: Se puede acceder a este sitio de llamada en todas las plataformas. "Control.Invoke(Delegate)" solo se admite en "windows" 6.1 y versiones posteriores. (https://learn.microsoft.com/dotnet/fundamentals/code-analysis/quality-rules/ca1416) [D:\Programacion\File Wizard\File Wizard\File Wizard.csproj]
D:\Programacion\File Wizard\File Wizard\Form3.cs(372,49): warning CA1416: Se puede acceder a este sitio de llamada en todas las plataformas. "Label.Text" solo se admite en "windows" 6.1 y versiones posteriores. (https://learn.microsoft.com/dotnet/fundamentals/code-analysis/quality-rules/ca1416) [D:\Programacion\File Wizard\File Wizard\File Wizard.csproj]
D:\Programacion\File Wizard\File Wizard\Form3.cs(456,45): warning CA1416: Se puede acceder a este sitio de llamada en todas las plataformas. "ProgressBar.Maximum" solo se admite en "windows" 6.1 y versiones posteriores. (https://learn.microsoft.com/dotnet/fundamentals/code-analysis/quality-rules/ca1416) [D:\Programacion\File Wizard\File Wizard\File Wizard.csproj]
D:\Programacion\File Wizard\File Wizard\Form3.cs(409,37): warning CA1416: Se puede acceder a este sitio de llamada en todas las plataformas. "Label.Text" solo se admite en "windows" 6.1 y versiones posteriores. (https://learn.microsoft.com/dotnet/fundamentals/code-analysis/quality-rules/ca1416) [D:\Programacion\File Wizard\File Wizard\File Wizard.csproj]
D:\Programacion\File Wizard\File Wizard\Form3.cs(353,37): warning CA1416: Se puede acceder a este sitio de llamada en todas las plataformas. "ProgressBar.Maximum" solo se admite en "windows" 6.1 y versiones posteriores. (https://learn.microsoft.com/dotnet/fundamentals/code-analysis/quality-rules/ca1416) [D:\Programacion\File Wizard\File Wizard\File Wizard.csproj]
D:\Programacion\File Wizard\File Wizard\Form3.cs(550,25): warning CA1416: Se puede acceder a este sitio de llamada en todas las plataformas. "MessageBox.Show(IWin32Window?, string?)" solo se admite en "windows" 6.1 y versiones posteriores. (https://learn.microsoft.com/dotnet/fundamentals/code-analysis/quality-rules/ca1416) [D:\Programacion\File Wizard\File Wizard\File Wizard.csproj]
D:\Programacion\File Wizard\File Wizard\Form3.cs(528,37): warning CA1416: Se puede acceder a este sitio de llamada en todas las plataformas. "Control.Visible" solo se admite en "windows" 6.1 y versiones posteriores. (https://learn.microsoft.com/dotnet/fundamentals/code-analysis/quality-rules/ca1416) [D:\Programacion\File Wizard\File Wizard\File Wizard.csproj]
D:\Programacion\File Wizard\File Wizard\Form3.cs(279,52): warning CA1416: Se puede acceder a este sitio de llamada en todas las plataformas. "TextBox.Text" solo se admite en "windows" 6.1 y versiones posteriores. (https://learn.microsoft.com/dotnet/fundamentals/code-analysis/quality-rules/ca1416) [D:\Programacion\File Wizard\File Wizard\File Wizard.csproj]
D:\Programacion\File Wizard\File Wizard\Form3.cs(344,41): warning CA1416: Se puede acceder a este sitio de llamada en todas las plataformas. "Label.Text" solo se admite en "windows" 6.1 y versiones posteriores. (https://learn.microsoft.com/dotnet/fundamentals/code-analysis/quality-rules/ca1416) [D:\Programacion\File Wizard\File Wizard\File Wizard.csproj]
D:\Programacion\File Wizard\File Wizard\Form3.cs(324,33): warning CA1416: Se puede acceder a este sitio de llamada en todas las plataformas. "Control.Invoke(Action)" solo se admite en "windows" 6.1 y versiones posteriores. (https://learn.microsoft.com/dotnet/fundamentals/code-analysis/quality-rules/ca1416) [D:\Programacion\File Wizard\File Wizard\File Wizard.csproj]
D:\Programacion\File Wizard\File Wizard\Form3.cs(507,41): warning CA1416: Se puede acceder a este sitio de llamada en todas las plataformas. "MessageBox.Show(IWin32Window?, string?)" solo se admite en "windows" 6.1 y versiones posteriores. (https://learn.microsoft.com/dotnet/fundamentals/code-analysis/quality-rules/ca1416) [D:\Programacion\File Wizard\File Wizard\File Wizard.csproj]
D:\Programacion\File Wizard\File Wizard\Form3.cs(557,25): warning CA1416: Se puede acceder a este sitio de llamada en todas las plataformas. "MessageBox.Show(IWin32Window?, string?)" solo se admite en "windows" 6.1 y versiones posteriores. (https://learn.microsoft.com/dotnet/fundamentals/code-analysis/quality-rules/ca1416) [D:\Programacion\File Wizard\File Wizard\File Wizard.csproj]
D:\Programacion\File Wizard\File Wizard\Form3.cs(388,49): warning CA1416: Se puede acceder a este sitio de llamada en todas las plataformas. "ProgressBar.Value" solo se admite en "windows" 6.1 y versiones posteriores. (https://learn.microsoft.com/dotnet/fundamentals/code-analysis/quality-rules/ca1416) [D:\Programacion\File Wizard\File Wizard\File Wizard.csproj]
D:\Programacion\File Wizard\File Wizard\Form3.cs(352,37): warning CA1416: Se puede acceder a este sitio de llamada en todas las plataformas. "ProgressBar.Style" solo se admite en "windows" 6.1 y versiones posteriores. (https://learn.microsoft.com/dotnet/fundamentals/code-analysis/quality-rules/ca1416) [D:\Programacion\File Wizard\File Wizard\File Wizard.csproj]
D:\Programacion\File Wizard\File Wizard\Form3.cs(343,41): warning CA1416: Se puede acceder a este sitio de llamada en todas las plataformas. "Control.Visible" solo se admite en "windows" 6.1 y versiones posteriores. (https://learn.microsoft.com/dotnet/fundamentals/code-analysis/quality-rules/ca1416) [D:\Programacion\File Wizard\File Wizard\File Wizard.csproj]
D:\Programacion\File Wizard\File Wizard\Form3.cs(209,25): warning CA1416: Se puede acceder a este sitio de llamada en todas las plataformas. "RadioButton.Checked" solo se admite en "windows" 6.1 y versiones posteriores. (https://learn.microsoft.com/dotnet/fundamentals/code-analysis/quality-rules/ca1416) [D:\Programacion\File Wizard\File Wizard\File Wizard.csproj]
D:\Programacion\File Wizard\File Wizard\Form3.cs(282,52): warning CA1416: Se puede acceder a este sitio de llamada en todas las plataformas. "TextBox.Text" solo se admite en "windows" 6.1 y versiones posteriores. (https://learn.microsoft.com/dotnet/fundamentals/code-analysis/quality-rules/ca1416) [D:\Programacion\File Wizard\File Wizard\File Wizard.csproj]
D:\Programacion\File Wizard\File Wizard\Form3.cs(406,33): warning CA1416: Se puede acceder a este sitio de llamada en todas las plataformas. "Control.Invoke(Action)" solo se admite en "windows" 6.1 y versiones posteriores. (https://learn.microsoft.com/dotnet/fundamentals/code-analysis/quality-rules/ca1416) [D:\Programacion\File Wizard\File Wizard\File Wizard.csproj]
D:\Programacion\File Wizard\File Wizard\Form3.cs(404,37): warning CA1416: Se puede acceder a este sitio de llamada en todas las plataformas. "MessageBox.Show(IWin32Window?, string?)" solo se admite en "windows" 6.1 y versiones posteriores. (https://learn.microsoft.com/dotnet/fundamentals/code-analysis/quality-rules/ca1416) [D:\Programacion\File Wizard\File Wizard\File Wizard.csproj]
D:\Programacion\File Wizard\File Wizard\Form3.cs(498,45): warning CA1416: Se puede acceder a este sitio de llamada en todas las plataformas. "Control.Visible" solo se admite en "windows" 6.1 y versiones posteriores. (https://learn.microsoft.com/dotnet/fundamentals/code-analysis/quality-rules/ca1416) [D:\Programacion\File Wizard\File Wizard\File Wizard.csproj]
D:\Programacion\File Wizard\File Wizard\Form3.cs(179,25): warning CA1416: Se puede acceder a este sitio de llamada en todas las plataformas. "RadioButton.Checked" solo se admite en "windows" 6.1 y versiones posteriores. (https://learn.microsoft.com/dotnet/fundamentals/code-analysis/quality-rules/ca1416) [D:\Programacion\File Wizard\File Wizard\File Wizard.csproj]
D:\Programacion\File Wizard\File Wizard\Form3.cs(470,57): warning CA1416: Se puede acceder a este sitio de llamada en todas las plataformas. "MessageBox.Show(IWin32Window?, string?)" solo se admite en "windows" 6.1 y versiones posteriores. (https://learn.microsoft.com/dotnet/fundamentals/code-analysis/quality-rules/ca1416) [D:\Programacion\File Wizard\File Wizard\File Wizard.csproj]
D:\Programacion\File Wizard\File Wizard\Form3.cs(453,41): warning CA1416: Se puede acceder a este sitio de llamada en todas las plataformas. "Control.Invoke(Action)" solo se admite en "windows" 6.1 y versiones posteriores. (https://learn.microsoft.com/dotnet/fundamentals/code-analysis/quality-rules/ca1416) [D:\Programacion\File Wizard\File Wizard\File Wizard.csproj]
D:\Programacion\File Wizard\File Wizard\Form3.cs(311,29): warning CA1416: Se puede acceder a este sitio de llamada en todas las plataformas. "ProgressBar.Maximum" solo se admite en "windows" 6.1 y versiones posteriores. (https://learn.microsoft.com/dotnet/fundamentals/code-analysis/quality-rules/ca1416) [D:\Programacion\File Wizard\File Wizard\File Wizard.csproj]
D:\Programacion\File Wizard\File Wizard\Form3.cs(326,37): warning CA1416: Se puede acceder a este sitio de llamada en todas las plataformas. "Control.Visible" solo se admite en "windows" 6.1 y versiones posteriores. (https://learn.microsoft.com/dotnet/fundamentals/code-analysis/quality-rules/ca1416) [D:\Programacion\File Wizard\File Wizard\File Wizard.csproj]
D:\Programacion\File Wizard\File Wizard\Form3.cs(337,37): warning CA1416: Se puede acceder a este sitio de llamada en todas las plataformas. "Control.Invoke(Delegate)" solo se admite en "windows" 6.1 y versiones posteriores. (https://learn.microsoft.com/dotnet/fundamentals/code-analysis/quality-rules/ca1416) [D:\Programacion\File Wizard\File Wizard\File Wizard.csproj]
D:\Programacion\File Wizard\File Wizard\Form3.cs(487,57): warning CA1416: Se puede acceder a este sitio de llamada en todas las plataformas. "ProgressBar.Value" solo se admite en "windows" 6.1 y versiones posteriores. (https://learn.microsoft.com/dotnet/fundamentals/code-analysis/quality-rules/ca1416) [D:\Programacion\File Wizard\File Wizard\File Wizard.csproj]
D:\Programacion\File Wizard\File Wizard\Form3.cs(327,37): warning CA1416: Se puede acceder a este sitio de llamada en todas las plataformas. "Label.Text" solo se admite en "windows" 6.1 y versiones posteriores. (https://learn.microsoft.com/dotnet/fundamentals/code-analysis/quality-rules/ca1416) [D:\Programacion\File Wizard\File Wizard\File Wizard.csproj]
D:\Programacion\File Wizard\File Wizard\Form3.cs(380,41): warning CA1416: Se puede acceder a este sitio de llamada en todas las plataformas. "Control.Invoke(Action)" solo se admite en "windows" 6.1 y versiones posteriores. (https://learn.microsoft.com/dotnet/fundamentals/code-analysis/quality-rules/ca1416) [D:\Programacion\File Wizard\File Wizard\File Wizard.csproj]
D:\Programacion\File Wizard\File Wizard\Form3.cs(310,29): warning CA1416: Se puede acceder a este sitio de llamada en todas las plataformas. "ProgressBar.Style" solo se admite en "windows" 6.1 y versiones posteriores. (https://learn.microsoft.com/dotnet/fundamentals/code-analysis/quality-rules/ca1416) [D:\Programacion\File Wizard\File Wizard\File Wizard.csproj]
D:\Programacion\File Wizard\File Wizard\Form3.cs(402,33): warning CA1416: Se puede acceder a este sitio de llamada en todas las plataformas. "Control.Invoke(Delegate)" solo se admite en "windows" 6.1 y versiones posteriores. (https://learn.microsoft.com/dotnet/fundamentals/code-analysis/quality-rules/ca1416) [D:\Programacion\File Wizard\File Wizard\File Wizard.csproj]
D:\Programacion\File Wizard\File Wizard\Form3.cs(459,45): warning CA1416: Se puede acceder a este sitio de llamada en todas las plataformas. "Label.Text" solo se admite en "windows" 6.1 y versiones posteriores. (https://learn.microsoft.com/dotnet/fundamentals/code-analysis/quality-rules/ca1416) [D:\Programacion\File Wizard\File Wizard\File Wizard.csproj]
D:\Programacion\File Wizard\File Wizard\Form3.cs(457,45): warning CA1416: Se puede acceder a este sitio de llamada en todas las plataformas. "ProgressBar.Value" solo se admite en "windows" 6.1 y versiones posteriores. (https://learn.microsoft.com/dotnet/fundamentals/code-analysis/quality-rules/ca1416) [D:\Programacion\File Wizard\File Wizard\File Wizard.csproj]
D:\Programacion\File Wizard\File Wizard\Form3.cs(339,41): warning CA1416: Se puede acceder a este sitio de llamada en todas las plataformas. "MessageBox.Show(IWin32Window?, string?)" solo se admite en "windows" 6.1 y versiones posteriores. (https://learn.microsoft.com/dotnet/fundamentals/code-analysis/quality-rules/ca1416) [D:\Programacion\File Wizard\File Wizard\File Wizard.csproj]
D:\Programacion\File Wizard\File Wizard\Form3.cs(512,41): warning CA1416: Se puede acceder a este sitio de llamada en todas las plataformas. "Label.Text" solo se admite en "windows" 6.1 y versiones posteriores. (https://learn.microsoft.com/dotnet/fundamentals/code-analysis/quality-rules/ca1416) [D:\Programacion\File Wizard\File Wizard\File Wizard.csproj]
D:\Programacion\File Wizard\File Wizard\Form3.cs(509,37): warning CA1416: Se puede acceder a este sitio de llamada en todas las plataformas. "Control.Invoke(Action)" solo se admite en "windows" 6.1 y versiones posteriores. (https://learn.microsoft.com/dotnet/fundamentals/code-analysis/quality-rules/ca1416) [D:\Programacion\File Wizard\File Wizard\File Wizard.csproj]
D:\Programacion\File Wizard\File Wizard\Form3.cs(505,37): warning CA1416: Se puede acceder a este sitio de llamada en todas las plataformas. "Control.Invoke(Delegate)" solo se admite en "windows" 6.1 y versiones posteriores. (https://learn.microsoft.com/dotnet/fundamentals/code-analysis/quality-rules/ca1416) [D:\Programacion\File Wizard\File Wizard\File Wizard.csproj]
D:\Programacion\File Wizard\File Wizard\Form3.cs(475,57): warning CA1416: Se puede acceder a este sitio de llamada en todas las plataformas. "Label.Text" solo se admite en "windows" 6.1 y versiones posteriores. (https://learn.microsoft.com/dotnet/fundamentals/code-analysis/quality-rules/ca1416) [D:\Programacion\File Wizard\File Wizard\File Wizard.csproj]
D:\Programacion\File Wizard\File Wizard\Form3.cs(396,37): warning CA1416: Se puede acceder a este sitio de llamada en todas las plataformas. "Label.Text" solo se admite en "windows" 6.1 y versiones posteriores. (https://learn.microsoft.com/dotnet/fundamentals/code-analysis/quality-rules/ca1416) [D:\Programacion\File Wizard\File Wizard\File Wizard.csproj]
D:\Programacion\File Wizard\File Wizard\Form3.cs(312,29): warning CA1416: Se puede acceder a este sitio de llamada en todas las plataformas. "ProgressBar.Value" solo se admite en "windows" 6.1 y versiones posteriores. (https://learn.microsoft.com/dotnet/fundamentals/code-analysis/quality-rules/ca1416) [D:\Programacion\File Wizard\File Wizard\File Wizard.csproj]
D:\Programacion\File Wizard\File Wizard\Form3.cs(355,37): warning CA1416: Se puede acceder a este sitio de llamada en todas las plataformas. "Control.Visible" solo se admite en "windows" 6.1 y versiones posteriores. (https://learn.microsoft.com/dotnet/fundamentals/code-analysis/quality-rules/ca1416) [D:\Programacion\File Wizard\File Wizard\File Wizard.csproj]
D:\Programacion\File Wizard\File Wizard\Form3.cs(425,37): warning CA1416: Se puede acceder a este sitio de llamada en todas las plataformas. "Control.Visible" solo se admite en "windows" 6.1 y versiones posteriores. (https://learn.microsoft.com/dotnet/fundamentals/code-analysis/quality-rules/ca1416) [D:\Programacion\File Wizard\File Wizard\File Wizard.csproj]
D:\Programacion\File Wizard\File Wizard\Form3.cs(285,52): warning CA1416: Se puede acceder a este sitio de llamada en todas las plataformas. "TextBox.Text" solo se admite en "windows" 6.1 y versiones posteriores. (https://learn.microsoft.com/dotnet/fundamentals/code-analysis/quality-rules/ca1416) [D:\Programacion\File Wizard\File Wizard\File Wizard.csproj]
D:\Programacion\File Wizard\File Wizard\Form3.cs(322,37): warning CA1416: Se puede acceder a este sitio de llamada en todas las plataformas. "MessageBox.Show(IWin32Window?, string?)" solo se admite en "windows" 6.1 y versiones posteriores. (https://learn.microsoft.com/dotnet/fundamentals/code-analysis/quality-rules/ca1416) [D:\Programacion\File Wizard\File Wizard\File Wizard.csproj]
D:\Programacion\File Wizard\File Wizard\Form3.cs(563,17): warning CA1416: Se puede acceder a este sitio de llamada en todas las plataformas. "Control.Invoke(Delegate)" solo se admite en "windows" 6.1 y versiones posteriores. (https://learn.microsoft.com/dotnet/fundamentals/code-analysis/quality-rules/ca1416) [D:\Programacion\File Wizard\File Wizard\File Wizard.csproj]
D:\Programacion\File Wizard\File Wizard\Form3.cs(356,37): warning CA1416: Se puede acceder a este sitio de llamada en todas las plataformas. "Label.Text" solo se admite en "windows" 6.1 y versiones posteriores. (https://learn.microsoft.com/dotnet/fundamentals/code-analysis/quality-rules/ca1416) [D:\Programacion\File Wizard\File Wizard\File Wizard.csproj]
D:\Programacion\File Wizard\File Wizard\Form3.cs(269,25): warning CA1416: Se puede acceder a este sitio de llamada en todas las plataformas. "RadioButton.Checked" solo se admite en "windows" 6.1 y versiones posteriores. (https://learn.microsoft.com/dotnet/fundamentals/code-analysis/quality-rules/ca1416) [D:\Programacion\File Wizard\File Wizard\File Wizard.csproj]
D:\Programacion\File Wizard\File Wizard\Form3.cs(384,70): warning CA1416: Se puede acceder a este sitio de llamada en todas las plataformas. "ProgressBar.Maximum" solo se admite en "windows" 6.1 y versiones posteriores. (https://learn.microsoft.com/dotnet/fundamentals/code-analysis/quality-rules/ca1416) [D:\Programacion\File Wizard\File Wizard\File Wizard.csproj]
D:\Programacion\File Wizard\File Wizard\Form3.cs(522,33): warning CA1416: Se puede acceder a este sitio de llamada en todas las plataformas. "Control.Invoke(Delegate)" solo se admite en "windows" 6.1 y versiones posteriores. (https://learn.microsoft.com/dotnet/fundamentals/code-analysis/quality-rules/ca1416) [D:\Programacion\File Wizard\File Wizard\File Wizard.csproj]
D:\Programacion\File Wizard\File Wizard\Form3.cs(408,37): warning CA1416: Se puede acceder a este sitio de llamada en todas las plataformas. "Control.Visible" solo se admite en "windows" 6.1 y versiones posteriores. (https://learn.microsoft.com/dotnet/fundamentals/code-analysis/quality-rules/ca1416) [D:\Programacion\File Wizard\File Wizard\File Wizard.csproj]
D:\Programacion\File Wizard\File Wizard\Form3.cs(491,57): warning CA1416: Se puede acceder a este sitio de llamada en todas las plataformas. "ProgressBar.Value" solo se admite en "windows" 6.1 y versiones posteriores. (https://learn.microsoft.com/dotnet/fundamentals/code-analysis/quality-rules/ca1416) [D:\Programacion\File Wizard\File Wizard\File Wizard.csproj]
D:\Programacion\File Wizard\File Wizard\Form3.cs(445,45): warning CA1416: Se puede acceder a este sitio de llamada en todas las plataformas. "Control.Invoke(Action)" solo se admite en "windows" 6.1 y versiones posteriores. (https://learn.microsoft.com/dotnet/fundamentals/code-analysis/quality-rules/ca1416) [D:\Programacion\File Wizard\File Wizard\File Wizard.csproj]
D:\Programacion\File Wizard\File Wizard\Form3.cs(352,58): warning CA1416: Se puede acceder a este sitio de llamada en todas las plataformas. "ProgressBarStyle.Continuous" solo se admite en "windows" 6.1 y versiones posteriores. (https://learn.microsoft.com/dotnet/fundamentals/code-analysis/quality-rules/ca1416) [D:\Programacion\File Wizard\File Wizard\File Wizard.csproj]
D:\Programacion\File Wizard\File Wizard\Form3.cs(529,37): warning CA1416: Se puede acceder a este sitio de llamada en todas las plataformas. "Label.Text" solo se admite en "windows" 6.1 y versiones posteriores. (https://learn.microsoft.com/dotnet/fundamentals/code-analysis/quality-rules/ca1416) [D:\Programacion\File Wizard\File Wizard\File Wizard.csproj]
D:\Programacion\File Wizard\File Wizard\Form3.cs(382,79): warning CA1416: Se puede acceder a este sitio de llamada en todas las plataformas. "ProgressBar.Maximum" solo se admite en "windows" 6.1 y versiones posteriores. (https://learn.microsoft.com/dotnet/fundamentals/code-analysis/quality-rules/ca1416) [D:\Programacion\File Wizard\File Wizard\File Wizard.csproj]
D:\Programacion\File Wizard\File Wizard\Form3.cs(565,21): warning CA1416: Se puede acceder a este sitio de llamada en todas las plataformas. "MessageBox.Show(IWin32Window?, string?)" solo se admite en "windows" 6.1 y versiones posteriores. (https://learn.microsoft.com/dotnet/fundamentals/code-analysis/quality-rules/ca1416) [D:\Programacion\File Wizard\File Wizard\File Wizard.csproj]
D:\Programacion\File Wizard\File Wizard\Form3.cs(448,49): warning CA1416: Se puede acceder a este sitio de llamada en todas las plataformas. "Label.Text" solo se admite en "windows" 6.1 y versiones posteriores. (https://learn.microsoft.com/dotnet/fundamentals/code-analysis/quality-rules/ca1416) [D:\Programacion\File Wizard\File Wizard\File Wizard.csproj]
D:\Programacion\File Wizard\File Wizard\Form3.cs(421,37): warning CA1416: Se puede acceder a este sitio de llamada en todas las plataformas. "MessageBox.Show(IWin32Window?, string?)" solo se admite en "windows" 6.1 y versiones posteriores. (https://learn.microsoft.com/dotnet/fundamentals/code-analysis/quality-rules/ca1416) [D:\Programacion\File Wizard\File Wizard\File Wizard.csproj]
D:\Programacion\File Wizard\File Wizard\Form3.cs(349,62): warning CA1416: Se puede acceder a este sitio de llamada en todas las plataformas. "TextBox.Text" solo se admite en "windows" 6.1 y versiones posteriores. (https://learn.microsoft.com/dotnet/fundamentals/code-analysis/quality-rules/ca1416) [D:\Programacion\File Wizard\File Wizard\File Wizard.csproj]
D:\Programacion\File Wizard\File Wizard\Form3.cs(536,25): warning CA1416: Se puede acceder a este sitio de llamada en todas las plataformas. "Control.Invoke(Delegate)" solo se admite en "windows" 6.1 y versiones posteriores. (https://learn.microsoft.com/dotnet/fundamentals/code-analysis/quality-rules/ca1416) [D:\Programacion\File Wizard\File Wizard\File Wizard.csproj]
D:\Programacion\File Wizard\File Wizard\Form3.cs(441,45): warning CA1416: Se puede acceder a este sitio de llamada en todas las plataformas. "Control.Invoke(Delegate)" solo se admite en "windows" 6.1 y versiones posteriores. (https://learn.microsoft.com/dotnet/fundamentals/code-analysis/quality-rules/ca1416) [D:\Programacion\File Wizard\File Wizard\File Wizard.csproj]
D:\Programacion\File Wizard\File Wizard\Form3.cs(472,53): warning CA1416: Se puede acceder a este sitio de llamada en todas las plataformas. "Control.Invoke(Action)" solo se admite en "windows" 6.1 y versiones posteriores. (https://learn.microsoft.com/dotnet/fundamentals/code-analysis/quality-rules/ca1416) [D:\Programacion\File Wizard\File Wizard\File Wizard.csproj]
D:\Programacion\File Wizard\File Wizard\Form3.cs(447,49): warning CA1416: Se puede acceder a este sitio de llamada en todas las plataformas. "Control.Visible" solo se admite en "windows" 6.1 y versiones posteriores. (https://learn.microsoft.com/dotnet/fundamentals/code-analysis/quality-rules/ca1416) [D:\Programacion\File Wizard\File Wizard\File Wizard.csproj]
D:\Programacion\File Wizard\File Wizard\Form3.cs(499,45): warning CA1416: Se puede acceder a este sitio de llamada en todas las plataformas. "Label.Text" solo se admite en "windows" 6.1 y versiones posteriores. (https://learn.microsoft.com/dotnet/fundamentals/code-analysis/quality-rules/ca1416) [D:\Programacion\File Wizard\File Wizard\File Wizard.csproj]
D:\Programacion\File Wizard\File Wizard\Form3.cs(487,78): warning CA1416: Se puede acceder a este sitio de llamada en todas las plataformas. "ProgressBar.Maximum" solo se admite en "windows" 6.1 y versiones posteriores. (https://learn.microsoft.com/dotnet/fundamentals/code-analysis/quality-rules/ca1416) [D:\Programacion\File Wizard\File Wizard\File Wizard.csproj]
D:\Programacion\File Wizard\File Wizard\Form3.cs(298,25): warning CA1416: Se puede acceder a este sitio de llamada en todas las plataformas. "CheckBox.Checked" solo se admite en "windows" 6.1 y versiones posteriores. (https://learn.microsoft.com/dotnet/fundamentals/code-analysis/quality-rules/ca1416) [D:\Programacion\File Wizard\File Wizard\File Wizard.csproj]
D:\Programacion\File Wizard\File Wizard\Form3.cs(384,49): warning CA1416: Se puede acceder a este sitio de llamada en todas las plataformas. "ProgressBar.Value" solo se admite en "windows" 6.1 y versiones posteriores. (https://learn.microsoft.com/dotnet/fundamentals/code-analysis/quality-rules/ca1416) [D:\Programacion\File Wizard\File Wizard\File Wizard.csproj]
D:\Programacion\File Wizard\File Wizard\Form3.cs(496,41): warning CA1416: Se puede acceder a este sitio de llamada en todas las plataformas. "Control.Invoke(Action)" solo se admite en "windows" 6.1 y versiones posteriores. (https://learn.microsoft.com/dotnet/fundamentals/code-analysis/quality-rules/ca1416) [D:\Programacion\File Wizard\File Wizard\File Wizard.csproj]
D:\Programacion\File Wizard\File Wizard\Form3.cs(419,33): warning CA1416: Se puede acceder a este sitio de llamada en todas las plataformas. "Control.Invoke(Delegate)" solo se admite en "windows" 6.1 y versiones posteriores. (https://learn.microsoft.com/dotnet/fundamentals/code-analysis/quality-rules/ca1416) [D:\Programacion\File Wizard\File Wizard\File Wizard.csproj]
D:\Programacion\File Wizard\File Wizard\Form2.cs(342,33): warning CA1416: Se puede acceder a este sitio de llamada en todas las plataformas. "Control.Invoke(Action)" solo se admite en "windows" 6.1 y versiones posteriores. (https://learn.microsoft.com/dotnet/fundamentals/code-analysis/quality-rules/ca1416) [D:\Programacion\File Wizard\File Wizard\File Wizard.csproj]
D:\Programacion\File Wizard\File Wizard\Form2.cs(377,45): warning CA1416: Se puede acceder a este sitio de llamada en todas las plataformas. "Control.Invoke(Delegate)" solo se admite en "windows" 6.1 y versiones posteriores. (https://learn.microsoft.com/dotnet/fundamentals/code-analysis/quality-rules/ca1416) [D:\Programacion\File Wizard\File Wizard\File Wizard.csproj]
D:\Programacion\File Wizard\File Wizard\Form3.cs(313,29): warning CA1416: Se puede acceder a este sitio de llamada en todas las plataformas. "Control.Visible" solo se admite en "windows" 6.1 y versiones posteriores. (https://learn.microsoft.com/dotnet/fundamentals/code-analysis/quality-rules/ca1416) [D:\Programacion\File Wizard\File Wizard\File Wizard.csproj]
D:\Programacion\File Wizard\File Wizard\Form3.cs(393,33): warning CA1416: Se puede acceder a este sitio de llamada en todas las plataformas. "Control.Invoke(Action)" solo se admite en "windows" 6.1 y versiones posteriores. (https://learn.microsoft.com/dotnet/fundamentals/code-analysis/quality-rules/ca1416) [D:\Programacion\File Wizard\File Wizard\File Wizard.csproj]
D:\Programacion\File Wizard\File Wizard\Form2.cs(474,29): warning CA1416: Se puede acceder a este sitio de llamada en todas las plataformas. "MessageBox.Show(IWin32Window?, string?)" solo se admite en "windows" 6.1 y versiones posteriores. (https://learn.microsoft.com/dotnet/fundamentals/code-analysis/quality-rules/ca1416) [D:\Programacion\File Wizard\File Wizard\File Wizard.csproj]
D:\Programacion\File Wizard\File Wizard\Form3.cs(239,25): warning CA1416: Se puede acceder a este sitio de llamada en todas las plataformas. "RadioButton.Checked" solo se admite en "windows" 6.1 y versiones posteriores. (https://learn.microsoft.com/dotnet/fundamentals/code-analysis/quality-rules/ca1416) [D:\Programacion\File Wizard\File Wizard\File Wizard.csproj]
D:\Programacion\File Wizard\File Wizard\Form2.cs(447,41): warning CA1416: Se puede acceder a este sitio de llamada en todas las plataformas. "Control.Visible" solo se admite en "windows" 6.1 y versiones posteriores. (https://learn.microsoft.com/dotnet/fundamentals/code-analysis/quality-rules/ca1416) [D:\Programacion\File Wizard\File Wizard\File Wizard.csproj]
D:\Programacion\File Wizard\File Wizard\Form3.cs(169,38): warning CA1416: Se puede acceder a este sitio de llamada en todas las plataformas. "TextBoxBase.Lines" solo se admite en "windows" 6.1 y versiones posteriores. (https://learn.microsoft.com/dotnet/fundamentals/code-analysis/quality-rules/ca1416) [D:\Programacion\File Wizard\File Wizard\File Wizard.csproj]
D:\Programacion\File Wizard\File Wizard\Form2.cs(411,57): warning CA1416: Se puede acceder a este sitio de llamada en todas las plataformas. "Label.Text" solo se admite en "windows" 6.1 y versiones posteriores. (https://learn.microsoft.com/dotnet/fundamentals/code-analysis/quality-rules/ca1416) [D:\Programacion\File Wizard\File Wizard\File Wizard.csproj]
D:\Programacion\File Wizard\File Wizard\Form2.cs(505,17): warning CA1416: Se puede acceder a este sitio de llamada en todas las plataformas. "Control.Invoke(Delegate)" solo se admite en "windows" 6.1 y versiones posteriores. (https://learn.microsoft.com/dotnet/fundamentals/code-analysis/quality-rules/ca1416) [D:\Programacion\File Wizard\File Wizard\File Wizard.csproj]
D:\Programacion\File Wizard\File Wizard\Form3.cs(320,33): warning CA1416: Se puede acceder a este sitio de llamada en todas las plataformas. "Control.Invoke(Delegate)" solo se admite en "windows" 6.1 y versiones posteriores. (https://learn.microsoft.com/dotnet/fundamentals/code-analysis/quality-rules/ca1416) [D:\Programacion\File Wizard\File Wizard\File Wizard.csproj]
D:\Programacion\File Wizard\File Wizard\Form2.cs(320,70): warning CA1416: Se puede acceder a este sitio de llamada en todas las plataformas. "ProgressBar.Maximum" solo se admite en "windows" 6.1 y versiones posteriores. (https://learn.microsoft.com/dotnet/fundamentals/code-analysis/quality-rules/ca1416) [D:\Programacion\File Wizard\File Wizard\File Wizard.csproj]
D:\Programacion\File Wizard\File Wizard\Form2.cs(263,37): warning CA1416: Se puede acceder a este sitio de llamada en todas las plataformas. "Label.Text" solo se admite en "windows" 6.1 y versiones posteriores. (https://learn.microsoft.com/dotnet/fundamentals/code-analysis/quality-rules/ca1416) [D:\Programacion\File Wizard\File Wizard\File Wizard.csproj]
D:\Programacion\File Wizard\File Wizard\Form3.cs(455,66): warning CA1416: Se puede acceder a este sitio de llamada en todas las plataformas. "ProgressBarStyle.Continuous" solo se admite en "windows" 6.1 y versiones posteriores. (https://learn.microsoft.com/dotnet/fundamentals/code-analysis/quality-rules/ca1416) [D:\Programacion\File Wizard\File Wizard\File Wizard.csproj]
D:\Programacion\File Wizard\File Wizard\Form2.cs(290,37): warning CA1416: Se puede acceder a este sitio de llamada en todas las plataformas. "ProgressBar.Value" solo se admite en "windows" 6.1 y versiones posteriores. (https://learn.microsoft.com/dotnet/fundamentals/code-analysis/quality-rules/ca1416) [D:\Programacion\File Wizard\File Wizard\File Wizard.csproj]
D:\Programacion\File Wizard\File Wizard\Form2.cs(344,37): warning CA1416: Se puede acceder a este sitio de llamada en todas las plataformas. "Control.Visible" solo se admite en "windows" 6.1 y versiones posteriores. (https://learn.microsoft.com/dotnet/fundamentals/code-analysis/quality-rules/ca1416) [D:\Programacion\File Wizard\File Wizard\File Wizard.csproj]
D:\Programacion\File Wizard\File Wizard\Form3.cs(314,29): warning CA1416: Se puede acceder a este sitio de llamada en todas las plataformas. "Label.Text" solo se admite en "windows" 6.1 y versiones posteriores. (https://learn.microsoft.com/dotnet/fundamentals/code-analysis/quality-rules/ca1416) [D:\Programacion\File Wizard\File Wizard\File Wizard.csproj]
D:\Programacion\File Wizard\File Wizard\Form3.cs(350,33): warning CA1416: Se puede acceder a este sitio de llamada en todas las plataformas. "Control.Invoke(Action)" solo se admite en "windows" 6.1 y versiones posteriores. (https://learn.microsoft.com/dotnet/fundamentals/code-analysis/quality-rules/ca1416) [D:\Programacion\File Wizard\File Wizard\File Wizard.csproj]
D:\Programacion\File Wizard\File Wizard\Form2.cs(443,41): warning CA1416: Se puede acceder a este sitio de llamada en todas las plataformas. "MessageBox.Show(IWin32Window?, string?)" solo se admite en "windows" 6.1 y versiones posteriores. (https://learn.microsoft.com/dotnet/fundamentals/code-analysis/quality-rules/ca1416) [D:\Programacion\File Wizard\File Wizard\File Wizard.csproj]
D:\Programacion\File Wizard\File Wizard\Form2.cs(427,57): warning CA1416: Se puede acceder a este sitio de llamada en todas las plataformas. "ProgressBar.Value" solo se admite en "windows" 6.1 y versiones posteriores. (https://learn.microsoft.com/dotnet/fundamentals/code-analysis/quality-rules/ca1416) [D:\Programacion\File Wizard\File Wizard\File Wizard.csproj]
D:\Programacion\File Wizard\File Wizard\Form3.cs(371,49): warning CA1416: Se puede acceder a este sitio de llamada en todas las plataformas. "Control.Visible" solo se admite en "windows" 6.1 y versiones posteriores. (https://learn.microsoft.com/dotnet/fundamentals/code-analysis/quality-rules/ca1416) [D:\Programacion\File Wizard\File Wizard\File Wizard.csproj]
D:\Programacion\File Wizard\File Wizard\Form2.cs(445,37): warning CA1416: Se puede acceder a este sitio de llamada en todas las plataformas. "Control.Invoke(Action)" solo se admite en "windows" 6.1 y versiones posteriores. (https://learn.microsoft.com/dotnet/fundamentals/code-analysis/quality-rules/ca1416) [D:\Programacion\File Wizard\File Wizard\File Wizard.csproj]
D:\Programacion\File Wizard\File Wizard\Form2.cs(423,78): warning CA1416: Se puede acceder a este sitio de llamada en todas las plataformas. "ProgressBar.Maximum" solo se admite en "windows" 6.1 y versiones posteriores. (https://learn.microsoft.com/dotnet/fundamentals/code-analysis/quality-rules/ca1416) [D:\Programacion\File Wizard\File Wizard\File Wizard.csproj]
D:\Programacion\File Wizard\File Wizard\Form2.cs(277,37): warning CA1416: Se puede acceder a este sitio de llamada en todas las plataformas. "Control.Invoke(Action)" solo se admite en "windows" 6.1 y versiones posteriores. (https://learn.microsoft.com/dotnet/fundamentals/code-analysis/quality-rules/ca1416) [D:\Programacion\File Wizard\File Wizard\File Wizard.csproj]
D:\Programacion\File Wizard\File Wizard\Form3.cs(538,29): warning CA1416: Se puede acceder a este sitio de llamada en todas las plataformas. "MessageBox.Show(IWin32Window?, string?)" solo se admite en "windows" 6.1 y versiones posteriores. (https://learn.microsoft.com/dotnet/fundamentals/code-analysis/quality-rules/ca1416) [D:\Programacion\File Wizard\File Wizard\File Wizard.csproj]
D:\Programacion\File Wizard\File Wizard\Form2.cs(362,37): warning CA1416: Se puede acceder a este sitio de llamada en todas las plataformas. "Label.Text" solo se admite en "windows" 6.1 y versiones posteriores. (https://learn.microsoft.com/dotnet/fundamentals/code-analysis/quality-rules/ca1416) [D:\Programacion\File Wizard\File Wizard\File Wizard.csproj]
D:\Programacion\File Wizard\File Wizard\Form2.cs(273,37): warning CA1416: Se puede acceder a este sitio de llamada en todas las plataformas. "Control.Invoke(Delegate)" solo se admite en "windows" 6.1 y versiones posteriores. (https://learn.microsoft.com/dotnet/fundamentals/code-analysis/quality-rules/ca1416) [D:\Programacion\File Wizard\File Wizard\File Wizard.csproj]
D:\Programacion\File Wizard\File Wizard\Form3.cs(483,49): warning CA1416: Se puede acceder a este sitio de llamada en todas las plataformas. "Control.Invoke(Action)" solo se admite en "windows" 6.1 y versiones posteriores. (https://learn.microsoft.com/dotnet/fundamentals/code-analysis/quality-rules/ca1416) [D:\Programacion\File Wizard\File Wizard\File Wizard.csproj]
D:\Programacion\File Wizard\File Wizard\Form2.cs(479,29): warning CA1416: Se puede acceder a este sitio de llamada en todas las plataformas. "Label.Text" solo se admite en "windows" 6.1 y versiones posteriores. (https://learn.microsoft.com/dotnet/fundamentals/code-analysis/quality-rules/ca1416) [D:\Programacion\File Wizard\File Wizard\File Wizard.csproj]
D:\Programacion\File Wizard\File Wizard\Form3.cs(455,45): warning CA1416: Se puede acceder a este sitio de llamada en todas las plataformas. "ProgressBar.Style" solo se admite en "windows" 6.1 y versiones posteriores. (https://learn.microsoft.com/dotnet/fundamentals/code-analysis/quality-rules/ca1416) [D:\Programacion\File Wizard\File Wizard\File Wizard.csproj]
D:\Programacion\File Wizard\File Wizard\Form2.cs(285,62): warning CA1416: Se puede acceder a este sitio de llamada en todas las plataformas. "TextBox.Text" solo se admite en "windows" 6.1 y versiones posteriores. (https://learn.microsoft.com/dotnet/fundamentals/code-analysis/quality-rules/ca1416) [D:\Programacion\File Wizard\File Wizard\File Wizard.csproj]
D:\Programacion\File Wizard\File Wizard\Form2.cs(340,37): warning CA1416: Se puede acceder a este sitio de llamada en todas las plataformas. "MessageBox.Show(IWin32Window?, string?)" solo se admite en "windows" 6.1 y versiones posteriores. (https://learn.microsoft.com/dotnet/fundamentals/code-analysis/quality-rules/ca1416) [D:\Programacion\File Wizard\File Wizard\File Wizard.csproj]
D:\Programacion\File Wizard\File Wizard\Form3.cs(485,87): warning CA1416: Se puede acceder a este sitio de llamada en todas las plataformas. "ProgressBar.Maximum" solo se admite en "windows" 6.1 y versiones posteriores. (https://learn.microsoft.com/dotnet/fundamentals/code-analysis/quality-rules/ca1416) [D:\Programacion\File Wizard\File Wizard\File Wizard.csproj]
D:\Programacion\File Wizard\File Wizard\Form3.cs(555,21): warning CA1416: Se puede acceder a este sitio de llamada en todas las plataformas. "Control.Invoke(Delegate)" solo se admite en "windows" 6.1 y versiones posteriores. (https://learn.microsoft.com/dotnet/fundamentals/code-analysis/quality-rules/ca1416) [D:\Programacion\File Wizard\File Wizard\File Wizard.csproj]
D:\Programacion\File Wizard\File Wizard\Form2.cs(448,41): warning CA1416: Se puede acceder a este sitio de llamada en todas las plataformas. "Label.Text" solo se admite en "windows" 6.1 y versiones posteriores. (https://learn.microsoft.com/dotnet/fundamentals/code-analysis/quality-rules/ca1416) [D:\Programacion\File Wizard\File Wizard\File Wizard.csproj]
D:\Programacion\File Wizard\File Wizard\Form3.cs(511,41): warning CA1416: Se puede acceder a este sitio de llamada en todas las plataformas. "Control.Visible" solo se admite en "windows" 6.1 y versiones posteriores. (https://learn.microsoft.com/dotnet/fundamentals/code-analysis/quality-rules/ca1416) [D:\Programacion\File Wizard\File Wizard\File Wizard.csproj]
D:\Programacion\File Wizard\File Wizard\Form2.cs(462,33): warning CA1416: Se puede acceder a este sitio de llamada en todas las plataformas. "Control.Invoke(Action)" solo se admite en "windows" 6.1 y versiones posteriores. (https://learn.microsoft.com/dotnet/fundamentals/code-analysis/quality-rules/ca1416) [D:\Programacion\File Wizard\File Wizard\File Wizard.csproj]
D:\Programacion\File Wizard\File Wizard\Form2.cs(460,37): warning CA1416: Se puede acceder a este sitio de llamada en todas las plataformas. "MessageBox.Show(IWin32Window?, string?)" solo se admite en "windows" 6.1 y versiones posteriores. (https://learn.microsoft.com/dotnet/fundamentals/code-analysis/quality-rules/ca1416) [D:\Programacion\File Wizard\File Wizard\File Wizard.csproj]
D:\Programacion\File Wizard\File Wizard\Form3.cs(458,45): warning CA1416: Se puede acceder a este sitio de llamada en todas las plataformas. "Control.Visible" solo se admite en "windows" 6.1 y versiones posteriores. (https://learn.microsoft.com/dotnet/fundamentals/code-analysis/quality-rules/ca1416) [D:\Programacion\File Wizard\File Wizard\File Wizard.csproj]
D:\Programacion\File Wizard\File Wizard\Form3.cs(291,52): warning CA1416: Se puede acceder a este sitio de llamada en todas las plataformas. "TextBox.Text" solo se admite en "windows" 6.1 y versiones posteriores. (https://learn.microsoft.com/dotnet/fundamentals/code-analysis/quality-rules/ca1416) [D:\Programacion\File Wizard\File Wizard\File Wizard.csproj]
D:\Programacion\File Wizard\File Wizard\Form2.cs(406,57): warning CA1416: Se puede acceder a este sitio de llamada en todas las plataformas. "MessageBox.Show(IWin32Window?, string?)" solo se admite en "windows" 6.1 y versiones posteriores. (https://learn.microsoft.com/dotnet/fundamentals/code-analysis/quality-rules/ca1416) [D:\Programacion\File Wizard\File Wizard\File Wizard.csproj]
D:\Programacion\File Wizard\File Wizard\Form2.cs(465,37): warning CA1416: Se puede acceder a este sitio de llamada en todas las plataformas. "Label.Text" solo se admite en "windows" 6.1 y versiones posteriores. (https://learn.microsoft.com/dotnet/fundamentals/code-analysis/quality-rules/ca1416) [D:\Programacion\File Wizard\File Wizard\File Wizard.csproj]
D:\Programacion\File Wizard\File Wizard\Form3.cs(395,37): warning CA1416: Se puede acceder a este sitio de llamada en todas las plataformas. "Control.Visible" solo se admite en "windows" 6.1 y versiones posteriores. (https://learn.microsoft.com/dotnet/fundamentals/code-analysis/quality-rules/ca1416) [D:\Programacion\File Wizard\File Wizard\File Wizard.csproj]
D:\Programacion\File Wizard\File Wizard\Form2.cs(338,33): warning CA1416: Se puede acceder a este sitio de llamada en todas las plataformas. "Control.Invoke(Delegate)" solo se admite en "windows" 6.1 y versiones posteriores. (https://learn.microsoft.com/dotnet/fundamentals/code-analysis/quality-rules/ca1416) [D:\Programacion\File Wizard\File Wizard\File Wizard.csproj]
D:\Programacion\File Wizard\File Wizard\Form3.cs(308,25): warning CA1416: Se puede acceder a este sitio de llamada en todas las plataformas. "Control.Invoke(Action)" solo se admite en "windows" 6.1 y versiones posteriores. (https://learn.microsoft.com/dotnet/fundamentals/code-analysis/quality-rules/ca1416) [D:\Programacion\File Wizard\File Wizard\File Wizard.csproj]
D:\Programacion\File Wizard\File Wizard\Form2.cs(248,29): warning CA1416: Se puede acceder a este sitio de llamada en todas las plataformas. "ProgressBar.Value" solo se admite en "windows" 6.1 y versiones posteriores. (https://learn.microsoft.com/dotnet/fundamentals/code-analysis/quality-rules/ca1416) [D:\Programacion\File Wizard\File Wizard\File Wizard.csproj]
D:\Programacion\File Wizard\File Wizard\Form3.cs(369,45): warning CA1416: Se puede acceder a este sitio de llamada en todas las plataformas. "Control.Invoke(Action)" solo se admite en "windows" 6.1 y versiones posteriores. (https://learn.microsoft.com/dotnet/fundamentals/code-analysis/quality-rules/ca1416) [D:\Programacion\File Wizard\File Wizard\File Wizard.csproj]
D:\Programacion\File Wizard\File Wizard\Form2.cs(288,37): warning CA1416: Se puede acceder a este sitio de llamada en todas las plataformas. "ProgressBar.Style" solo se admite en "windows" 6.1 y versiones posteriores. (https://learn.microsoft.com/dotnet/fundamentals/code-analysis/quality-rules/ca1416) [D:\Programacion\File Wizard\File Wizard\File Wizard.csproj]
D:\Programacion\File Wizard\File Wizard\Form3.cs(354,37): warning CA1416: Se puede acceder a este sitio de llamada en todas las plataformas. "ProgressBar.Value" solo se admite en "windows" 6.1 y versiones posteriores. (https://learn.microsoft.com/dotnet/fundamentals/code-analysis/quality-rules/ca1416) [D:\Programacion\File Wizard\File Wizard\File Wizard.csproj]
D:\Programacion\File Wizard\File Wizard\Form2.cs(305,45): warning CA1416: Se puede acceder a este sitio de llamada en todas las plataformas. "Control.Invoke(Action)" solo se admite en "windows" 6.1 y versiones posteriores. (https://learn.microsoft.com/dotnet/fundamentals/code-analysis/quality-rules/ca1416) [D:\Programacion\File Wizard\File Wizard\File Wizard.csproj]
D:\Programacion\File Wizard\File Wizard\Form3.cs(526,33): warning CA1416: Se puede acceder a este sitio de llamada en todas las plataformas. "Control.Invoke(Action)" solo se admite en "windows" 6.1 y versiones posteriores. (https://learn.microsoft.com/dotnet/fundamentals/code-analysis/quality-rules/ca1416) [D:\Programacion\File Wizard\File Wizard\File Wizard.csproj]
D:\Programacion\File Wizard\File Wizard\Form2.cs(301,45): warning CA1416: Se puede acceder a este sitio de llamada en todas las plataformas. "Control.Invoke(Delegate)" solo se admite en "windows" 6.1 y versiones posteriores. (https://learn.microsoft.com/dotnet/fundamentals/code-analysis/quality-rules/ca1416) [D:\Programacion\File Wizard\File Wizard\File Wizard.csproj]
D:\Programacion\File Wizard\File Wizard\Form3.cs(452,70): warning CA1416: Se puede acceder a este sitio de llamada en todas las plataformas. "TextBox.Text" solo se admite en "windows" 6.1 y versiones posteriores. (https://learn.microsoft.com/dotnet/fundamentals/code-analysis/quality-rules/ca1416) [D:\Programacion\File Wizard\File Wizard\File Wizard.csproj]
D:\Programacion\File Wizard\File Wizard\Form2.cs(423,57): warning CA1416: Se puede acceder a este sitio de llamada en todas las plataformas. "ProgressBar.Value" solo se admite en "windows" 6.1 y versiones posteriores. (https://learn.microsoft.com/dotnet/fundamentals/code-analysis/quality-rules/ca1416) [D:\Programacion\File Wizard\File Wizard\File Wizard.csproj]
D:\Programacion\File Wizard\File Wizard\Form3.cs(524,37): warning CA1416: Se puede acceder a este sitio de llamada en todas las plataformas. "MessageBox.Show(IWin32Window?, string?)" solo se admite en "windows" 6.1 y versiones posteriores. (https://learn.microsoft.com/dotnet/fundamentals/code-analysis/quality-rules/ca1416) [D:\Programacion\File Wizard\File Wizard\File Wizard.csproj]
D:\Programacion\File Wizard\File Wizard\Form2.cs(391,66): warning CA1416: Se puede acceder a este sitio de llamada en todas las plataformas. "ProgressBarStyle.Continuous" solo se admite en "windows" 6.1 y versiones posteriores. (https://learn.microsoft.com/dotnet/fundamentals/code-analysis/quality-rules/ca1416) [D:\Programacion\File Wizard\File Wizard\File Wizard.csproj]
D:\Programacion\File Wizard\File Wizard\Form3.cs(310,50): warning CA1416: Se puede acceder a este sitio de llamada en todas las plataformas. "ProgressBarStyle.Continuous" solo se admite en "windows" 6.1 y versiones posteriores. (https://learn.microsoft.com/dotnet/fundamentals/code-analysis/quality-rules/ca1416) [D:\Programacion\File Wizard\File Wizard\File Wizard.csproj]
D:\Programacion\File Wizard\File Wizard\Form2.cs(458,33): warning CA1416: Se puede acceder a este sitio de llamada en todas las plataformas. "Control.Invoke(Delegate)" solo se admite en "windows" 6.1 y versiones posteriores. (https://learn.microsoft.com/dotnet/fundamentals/code-analysis/quality-rules/ca1416) [D:\Programacion\File Wizard\File Wizard\File Wizard.csproj]
D:\Programacion\File Wizard\File Wizard\Form2.cs(434,45): warning CA1416: Se puede acceder a este sitio de llamada en todas las plataformas. "Control.Visible" solo se admite en "windows" 6.1 y versiones posteriores. (https://learn.microsoft.com/dotnet/fundamentals/code-analysis/quality-rules/ca1416) [D:\Programacion\File Wizard\File Wizard\File Wizard.csproj]
D:\Programacion\File Wizard\File Wizard\Form3.cs(474,57): warning CA1416: Se puede acceder a este sitio de llamada en todas las plataformas. "Control.Visible" solo se admite en "windows" 6.1 y versiones posteriores. (https://learn.microsoft.com/dotnet/fundamentals/code-analysis/quality-rules/ca1416) [D:\Programacion\File Wizard\File Wizard\File Wizard.csproj]
D:\Programacion\File Wizard\File Wizard\Form3.cs(288,52): warning CA1416: Se puede acceder a este sitio de llamada en todas las plataformas. "TextBox.Text" solo se admite en "windows" 6.1 y versiones posteriores. (https://learn.microsoft.com/dotnet/fundamentals/code-analysis/quality-rules/ca1416) [D:\Programacion\File Wizard\File Wizard\File Wizard.csproj]
D:\Programacion\File Wizard\File Wizard\Form2.cs(357,37): warning CA1416: Se puede acceder a este sitio de llamada en todas las plataformas. "MessageBox.Show(IWin32Window?, string?)" solo se admite en "windows" 6.1 y versiones posteriores. (https://learn.microsoft.com/dotnet/fundamentals/code-analysis/quality-rules/ca1416) [D:\Programacion\File Wizard\File Wizard\File Wizard.csproj]
D:\Programacion\File Wizard\File Wizard\Form3.cs(426,37): warning CA1416: Se puede acceder a este sitio de llamada en todas las plataformas. "Label.Text" solo se admite en "windows" 6.1 y versiones posteriores. (https://learn.microsoft.com/dotnet/fundamentals/code-analysis/quality-rules/ca1416) [D:\Programacion\File Wizard\File Wizard\File Wizard.csproj]
D:\Programacion\File Wizard\File Wizard\Form2.cs(320,49): warning CA1416: Se puede acceder a este sitio de llamada en todas las plataformas. "ProgressBar.Value" solo se admite en "windows" 6.1 y versiones posteriores. (https://learn.microsoft.com/dotnet/fundamentals/code-analysis/quality-rules/ca1416) [D:\Programacion\File Wizard\File Wizard\File Wizard.csproj]
D:\Programacion\File Wizard\File Wizard\Form3.cs(548,21): warning CA1416: Se puede acceder a este sitio de llamada en todas las plataformas. "Control.Invoke(Delegate)" solo se admite en "windows" 6.1 y versiones posteriores. (https://learn.microsoft.com/dotnet/fundamentals/code-analysis/quality-rules/ca1416) [D:\Programacion\File Wizard\File Wizard\File Wizard.csproj]
D:\Programacion\File Wizard\File Wizard\Form2.cs(324,49): warning CA1416: Se puede acceder a este sitio de llamada en todas las plataformas. "ProgressBar.Value" solo se admite en "windows" 6.1 y versiones posteriores. (https://learn.microsoft.com/dotnet/fundamentals/code-analysis/quality-rules/ca1416) [D:\Programacion\File Wizard\File Wizard\File Wizard.csproj]
D:\Programacion\File Wizard\File Wizard\Form3.cs(367,49): warning CA1416: Se puede acceder a este sitio de llamada en todas las plataformas. "MessageBox.Show(IWin32Window?, string?)" solo se admite en "windows" 6.1 y versiones posteriores. (https://learn.microsoft.com/dotnet/fundamentals/code-analysis/quality-rules/ca1416) [D:\Programacion\File Wizard\File Wizard\File Wizard.csproj]
D:\Programacion\File Wizard\File Wizard\Form2.cs(464,37): warning CA1416: Se puede acceder a este sitio de llamada en todas las plataformas. "Control.Visible" solo se admite en "windows" 6.1 y versiones posteriores. (https://learn.microsoft.com/dotnet/fundamentals/code-analysis/quality-rules/ca1416) [D:\Programacion\File Wizard\File Wizard\File Wizard.csproj]
D:\Programacion\File Wizard\File Wizard\Form3.cs(341,37): warning CA1416: Se puede acceder a este sitio de llamada en todas las plataformas. "Control.Invoke(Action)" solo se admite en "windows" 6.1 y versiones posteriores. (https://learn.microsoft.com/dotnet/fundamentals/code-analysis/quality-rules/ca1416) [D:\Programacion\File Wizard\File Wizard\File Wizard.csproj]
D:\Programacion\File Wizard\File Wizard\Form3.cs(423,33): warning CA1416: Se puede acceder a este sitio de llamada en todas las plataformas. "Control.Invoke(Action)" solo se admite en "windows" 6.1 y versiones posteriores. (https://learn.microsoft.com/dotnet/fundamentals/code-analysis/quality-rules/ca1416) [D:\Programacion\File Wizard\File Wizard\File Wizard.csproj]
D:\Programacion\File Wizard\File Wizard\Form2.cs(421,87): warning CA1416: Se puede acceder a este sitio de llamada en todas las plataformas. "ProgressBar.Maximum" solo se admite en "windows" 6.1 y versiones posteriores. (https://learn.microsoft.com/dotnet/fundamentals/code-analysis/quality-rules/ca1416) [D:\Programacion\File Wizard\File Wizard\File Wizard.csproj]
D:\Programacion\File Wizard\File Wizard\Form3.cs(443,49): warning CA1416: Se puede acceder a este sitio de llamada en todas las plataformas. "MessageBox.Show(IWin32Window?, string?)" solo se admite en "windows" 6.1 y versiones posteriores. (https://learn.microsoft.com/dotnet/fundamentals/code-analysis/quality-rules/ca1416) [D:\Programacion\File Wizard\File Wizard\File Wizard.csproj]
D:\Programacion\File Wizard\File Wizard\Form2.cs(410,57): warning CA1416: Se puede acceder a este sitio de llamada en todas las plataformas. "Control.Visible" solo se admite en "windows" 6.1 y versiones posteriores. (https://learn.microsoft.com/dotnet/fundamentals/code-analysis/quality-rules/ca1416) [D:\Programacion\File Wizard\File Wizard\File Wizard.csproj]
D:\Programacion\File Wizard\File Wizard\Form2.cs(291,37): warning CA1416: Se puede acceder a este sitio de llamada en todas las plataformas. "Control.Visible" solo se admite en "windows" 6.1 y versiones posteriores. (https://learn.microsoft.com/dotnet/fundamentals/code-analysis/quality-rules/ca1416) [D:\Programacion\File Wizard\File Wizard\File Wizard.csproj]
D:\Programacion\File Wizard\File Wizard\Form2.cs(256,33): warning CA1416: Se puede acceder a este sitio de llamada en todas las plataformas. "Control.Invoke(Delegate)" solo se admite en "windows" 6.1 y versiones posteriores. (https://learn.microsoft.com/dotnet/fundamentals/code-analysis/quality-rules/ca1416) [D:\Programacion\File Wizard\File Wizard\File Wizard.csproj]
D:\Programacion\File Wizard\File Wizard\Form2.cs(393,45): warning CA1416: Se puede acceder a este sitio de llamada en todas las plataformas. "ProgressBar.Value" solo se admite en "windows" 6.1 y versiones posteriores. (https://learn.microsoft.com/dotnet/fundamentals/code-analysis/quality-rules/ca1416) [D:\Programacion\File Wizard\File Wizard\File Wizard.csproj]
D:\Programacion\File Wizard\File Wizard\Form2.cs(435,45): warning CA1416: Se puede acceder a este sitio de llamada en todas las plataformas. "Label.Text" solo se admite en "windows" 6.1 y versiones posteriores. (https://learn.microsoft.com/dotnet/fundamentals/code-analysis/quality-rules/ca1416) [D:\Programacion\File Wizard\File Wizard\File Wizard.csproj]
D:\Programacion\File Wizard\File Wizard\Form2.cs(331,37): warning CA1416: Se puede acceder a este sitio de llamada en todas las plataformas. "Control.Visible" solo se admite en "windows" 6.1 y versiones posteriores. (https://learn.microsoft.com/dotnet/fundamentals/code-analysis/quality-rules/ca1416) [D:\Programacion\File Wizard\File Wizard\File Wizard.csproj]
D:\Programacion\File Wizard\File Wizard\Form2.cs(260,33): warning CA1416: Se puede acceder a este sitio de llamada en todas las plataformas. "Control.Invoke(Action)" solo se admite en "windows" 6.1 y versiones posteriores. (https://learn.microsoft.com/dotnet/fundamentals/code-analysis/quality-rules/ca1416) [D:\Programacion\File Wizard\File Wizard\File Wizard.csproj]
D:\Programacion\File Wizard\File Wizard\Form2.cs(307,49): warning CA1416: Se puede acceder a este sitio de llamada en todas las plataformas. "Control.Visible" solo se admite en "windows" 6.1 y versiones posteriores. (https://learn.microsoft.com/dotnet/fundamentals/code-analysis/quality-rules/ca1416) [D:\Programacion\File Wizard\File Wizard\File Wizard.csproj]
D:\Programacion\File Wizard\File Wizard\Form2.cs(275,41): warning CA1416: Se puede acceder a este sitio de llamada en todas las plataformas. "MessageBox.Show(IWin32Window?, string?)" solo se admite en "windows" 6.1 y versiones posteriores. (https://learn.microsoft.com/dotnet/fundamentals/code-analysis/quality-rules/ca1416) [D:\Programacion\File Wizard\File Wizard\File Wizard.csproj]
D:\Programacion\File Wizard\File Wizard\Form2.cs(262,37): warning CA1416: Se puede acceder a este sitio de llamada en todas las plataformas. "Control.Visible" solo se admite en "windows" 6.1 y versiones posteriores. (https://learn.microsoft.com/dotnet/fundamentals/code-analysis/quality-rules/ca1416) [D:\Programacion\File Wizard\File Wizard\File Wizard.csproj]
D:\Programacion\File Wizard\File Wizard\Form2.cs(316,41): warning CA1416: Se puede acceder a este sitio de llamada en todas las plataformas. "Control.Invoke(Action)" solo se admite en "windows" 6.1 y versiones posteriores. (https://learn.microsoft.com/dotnet/fundamentals/code-analysis/quality-rules/ca1416) [D:\Programacion\File Wizard\File Wizard\File Wizard.csproj]
D:\Programacion\File Wizard\File Wizard\Form2.cs(404,53): warning CA1416: Se puede acceder a este sitio de llamada en todas las plataformas. "Control.Invoke(Delegate)" solo se admite en "windows" 6.1 y versiones posteriores. (https://learn.microsoft.com/dotnet/fundamentals/code-analysis/quality-rules/ca1416) [D:\Programacion\File Wizard\File Wizard\File Wizard.csproj]
D:\Programacion\File Wizard\File Wizard\Form2.cs(318,79): warning CA1416: Se puede acceder a este sitio de llamada en todas las plataformas. "ProgressBar.Maximum" solo se admite en "windows" 6.1 y versiones posteriores. (https://learn.microsoft.com/dotnet/fundamentals/code-analysis/quality-rules/ca1416) [D:\Programacion\File Wizard\File Wizard\File Wizard.csproj]
D:\Programacion\File Wizard\File Wizard\Form2.cs(389,41): warning CA1416: Se puede acceder a este sitio de llamada en todas las plataformas. "Control.Invoke(Action)" solo se admite en "windows" 6.1 y versiones posteriores. (https://learn.microsoft.com/dotnet/fundamentals/code-analysis/quality-rules/ca1416) [D:\Programacion\File Wizard\File Wizard\File Wizard.csproj]
D:\Programacion\File Wizard\File Wizard\Form2.cs(345,37): warning CA1416: Se puede acceder a este sitio de llamada en todas las plataformas. "Label.Text" solo se admite en "windows" 6.1 y versiones posteriores. (https://learn.microsoft.com/dotnet/fundamentals/code-analysis/quality-rules/ca1416) [D:\Programacion\File Wizard\File Wizard\File Wizard.csproj]
D:\Programacion\File Wizard\File Wizard\Form2.cs(279,41): warning CA1416: Se puede acceder a este sitio de llamada en todas las plataformas. "Control.Visible" solo se admite en "windows" 6.1 y versiones posteriores. (https://learn.microsoft.com/dotnet/fundamentals/code-analysis/quality-rules/ca1416) [D:\Programacion\File Wizard\File Wizard\File Wizard.csproj]
D:\Programacion\File Wizard\File Wizard\Form2.cs(175,25): warning CA1416: Se puede acceder a este sitio de llamada en todas las plataformas. "RadioButton.Checked" solo se admite en "windows" 6.1 y versiones posteriores. (https://learn.microsoft.com/dotnet/fundamentals/code-analysis/quality-rules/ca1416) [D:\Programacion\File Wizard\File Wizard\File Wizard.csproj]
D:\Programacion\File Wizard\File Wizard\Form2.cs(441,37): warning CA1416: Se puede acceder a este sitio de llamada en todas las plataformas. "Control.Invoke(Delegate)" solo se admite en "windows" 6.1 y versiones posteriores. (https://learn.microsoft.com/dotnet/fundamentals/code-analysis/quality-rules/ca1416) [D:\Programacion\File Wizard\File Wizard\File Wizard.csproj]
D:\Programacion\File Wizard\File Wizard\Form2.cs(379,49): warning CA1416: Se puede acceder a este sitio de llamada en todas las plataformas. "MessageBox.Show(IWin32Window?, string?)" solo se admite en "windows" 6.1 y versiones posteriores. (https://learn.microsoft.com/dotnet/fundamentals/code-analysis/quality-rules/ca1416) [D:\Programacion\File Wizard\File Wizard\File Wizard.csproj]
D:\Programacion\File Wizard\File Wizard\Form2.cs(234,25): warning CA1416: Se puede acceder a este sitio de llamada en todas las plataformas. "CheckBox.Checked" solo se admite en "windows" 6.1 y versiones posteriores. (https://learn.microsoft.com/dotnet/fundamentals/code-analysis/quality-rules/ca1416) [D:\Programacion\File Wizard\File Wizard\File Wizard.csproj]
D:\Programacion\File Wizard\File Wizard\Form2.cs(391,45): warning CA1416: Se puede acceder a este sitio de llamada en todas las plataformas. "ProgressBar.Style" solo se admite en "windows" 6.1 y versiones posteriores. (https://learn.microsoft.com/dotnet/fundamentals/code-analysis/quality-rules/ca1416) [D:\Programacion\File Wizard\File Wizard\File Wizard.csproj]
D:\Programacion\File Wizard\File Wizard\Form2.cs(359,33): warning CA1416: Se puede acceder a este sitio de llamada en todas las plataformas. "Control.Invoke(Action)" solo se admite en "windows" 6.1 y versiones posteriores. (https://learn.microsoft.com/dotnet/fundamentals/code-analysis/quality-rules/ca1416) [D:\Programacion\File Wizard\File Wizard\File Wizard.csproj]
D:\Programacion\File Wizard\File Wizard\Form2.cs(388,70): warning CA1416: Se puede acceder a este sitio de llamada en todas las plataformas. "TextBox.Text" solo se admite en "windows" 6.1 y versiones posteriores. (https://learn.microsoft.com/dotnet/fundamentals/code-analysis/quality-rules/ca1416) [D:\Programacion\File Wizard\File Wizard\File Wizard.csproj]
D:\Programacion\File Wizard\File Wizard\Form2.cs(355,33): warning CA1416: Se puede acceder a este sitio de llamada en todas las plataformas. "Control.Invoke(Delegate)" solo se admite en "windows" 6.1 y versiones posteriores. (https://learn.microsoft.com/dotnet/fundamentals/code-analysis/quality-rules/ca1416) [D:\Programacion\File Wizard\File Wizard\File Wizard.csproj]
D:\Programacion\File Wizard\File Wizard\Form2.cs(489,21): warning CA1416: Se puede acceder a este sitio de llamada en todas las plataformas. "Control.Invoke(Delegate)" solo se admite en "windows" 6.1 y versiones posteriores. (https://learn.microsoft.com/dotnet/fundamentals/code-analysis/quality-rules/ca1416) [D:\Programacion\File Wizard\File Wizard\File Wizard.csproj]
D:\Programacion\File Wizard\File Wizard\Form2.cs(478,29): warning CA1416: Se puede acceder a este sitio de llamada en todas las plataformas. "Control.Visible" solo se admite en "windows" 6.1 y versiones posteriores. (https://learn.microsoft.com/dotnet/fundamentals/code-analysis/quality-rules/ca1416) [D:\Programacion\File Wizard\File Wizard\File Wizard.csproj]
D:\Programacion\File Wizard\File Wizard\Form2.cs(250,29): warning CA1416: Se puede acceder a este sitio de llamada en todas las plataformas. "Label.Text" solo se admite en "windows" 6.1 y versiones posteriores. (https://learn.microsoft.com/dotnet/fundamentals/code-analysis/quality-rules/ca1416) [D:\Programacion\File Wizard\File Wizard\File Wizard.csproj]
D:\Programacion\File Wizard\File Wizard\Form2.cs(499,25): warning CA1416: Se puede acceder a este sitio de llamada en todas las plataformas. "MessageBox.Show(IWin32Window?, string?)" solo se admite en "windows" 6.1 y versiones posteriores. (https://learn.microsoft.com/dotnet/fundamentals/code-analysis/quality-rules/ca1416) [D:\Programacion\File Wizard\File Wizard\File Wizard.csproj]
D:\Programacion\File Wizard\File Wizard\Form2.cs(432,41): warning CA1416: Se puede acceder a este sitio de llamada en todas las plataformas. "Control.Invoke(Action)" solo se admite en "windows" 6.1 y versiones posteriores. (https://learn.microsoft.com/dotnet/fundamentals/code-analysis/quality-rules/ca1416) [D:\Programacion\File Wizard\File Wizard\File Wizard.csproj]
D:\Programacion\File Wizard\File Wizard\Form2.cs(392,45): warning CA1416: Se puede acceder a este sitio de llamada en todas las plataformas. "ProgressBar.Maximum" solo se admite en "windows" 6.1 y versiones posteriores. (https://learn.microsoft.com/dotnet/fundamentals/code-analysis/quality-rules/ca1416) [D:\Programacion\File Wizard\File Wizard\File Wizard.csproj]
D:\Programacion\File Wizard\File Wizard\Form2.cs(497,21): warning CA1416: Se puede acceder a este sitio de llamada en todas las plataformas. "Control.Invoke(Delegate)" solo se admite en "windows" 6.1 y versiones posteriores. (https://learn.microsoft.com/dotnet/fundamentals/code-analysis/quality-rules/ca1416) [D:\Programacion\File Wizard\File Wizard\File Wizard.csproj]
D:\Programacion\File Wizard\File Wizard\Form2.cs(292,37): warning CA1416: Se puede acceder a este sitio de llamada en todas las plataformas. "Label.Text" solo se admite en "windows" 6.1 y versiones posteriores. (https://learn.microsoft.com/dotnet/fundamentals/code-analysis/quality-rules/ca1416) [D:\Programacion\File Wizard\File Wizard\File Wizard.csproj]
D:\Programacion\File Wizard\File Wizard\Form2.cs(419,49): warning CA1416: Se puede acceder a este sitio de llamada en todas las plataformas. "Control.Invoke(Action)" solo se admite en "windows" 6.1 y versiones posteriores. (https://learn.microsoft.com/dotnet/fundamentals/code-analysis/quality-rules/ca1416) [D:\Programacion\File Wizard\File Wizard\File Wizard.csproj]
D:\Programacion\File Wizard\File Wizard\Form2.cs(165,38): warning CA1416: Se puede acceder a este sitio de llamada en todas las plataformas. "TextBoxBase.Lines" solo se admite en "windows" 6.1 y versiones posteriores. (https://learn.microsoft.com/dotnet/fundamentals/code-analysis/quality-rules/ca1416) [D:\Programacion\File Wizard\File Wizard\File Wizard.csproj]
D:\Programacion\File Wizard\File Wizard\Form2.cs(491,25): warning CA1416: Se puede acceder a este sitio de llamada en todas las plataformas. "MessageBox.Show(IWin32Window?, string?)" solo se admite en "windows" 6.1 y versiones posteriores. (https://learn.microsoft.com/dotnet/fundamentals/code-analysis/quality-rules/ca1416) [D:\Programacion\File Wizard\File Wizard\File Wizard.csproj]
D:\Programacion\File Wizard\File Wizard\Form2.cs(286,33): warning CA1416: Se puede acceder a este sitio de llamada en todas las plataformas. "Control.Invoke(Action)" solo se admite en "windows" 6.1 y versiones posteriores. (https://learn.microsoft.com/dotnet/fundamentals/code-analysis/quality-rules/ca1416) [D:\Programacion\File Wizard\File Wizard\File Wizard.csproj]
D:\Programacion\File Wizard\File Wizard\Form2.cs(308,49): warning CA1416: Se puede acceder a este sitio de llamada en todas las plataformas. "Label.Text" solo se admite en "windows" 6.1 y versiones posteriores. (https://learn.microsoft.com/dotnet/fundamentals/code-analysis/quality-rules/ca1416) [D:\Programacion\File Wizard\File Wizard\File Wizard.csproj]
D:\Programacion\File Wizard\File Wizard\Form2.cs(244,25): warning CA1416: Se puede acceder a este sitio de llamada en todas las plataformas. "Control.Invoke(Action)" solo se admite en "windows" 6.1 y versiones posteriores. (https://learn.microsoft.com/dotnet/fundamentals/code-analysis/quality-rules/ca1416) [D:\Programacion\File Wizard\File Wizard\File Wizard.csproj]
D:\Programacion\File Wizard\File Wizard\Form2.cs(381,45): warning CA1416: Se puede acceder a este sitio de llamada en todas las plataformas. "Control.Invoke(Action)" solo se admite en "windows" 6.1 y versiones posteriores. (https://learn.microsoft.com/dotnet/fundamentals/code-analysis/quality-rules/ca1416) [D:\Programacion\File Wizard\File Wizard\File Wizard.csproj]
D:\Programacion\File Wizard\File Wizard\Form2.cs(329,33): warning CA1416: Se puede acceder a este sitio de llamada en todas las plataformas. "Control.Invoke(Action)" solo se admite en "windows" 6.1 y versiones posteriores. (https://learn.microsoft.com/dotnet/fundamentals/code-analysis/quality-rules/ca1416) [D:\Programacion\File Wizard\File Wizard\File Wizard.csproj]
D:\Programacion\File Wizard\File Wizard\Form2.cs(394,45): warning CA1416: Se puede acceder a este sitio de llamada en todas las plataformas. "Control.Visible" solo se admite en "windows" 6.1 y versiones posteriores. (https://learn.microsoft.com/dotnet/fundamentals/code-analysis/quality-rules/ca1416) [D:\Programacion\File Wizard\File Wizard\File Wizard.csproj]
D:\Programacion\File Wizard\File Wizard\Form2.cs(246,50): warning CA1416: Se puede acceder a este sitio de llamada en todas las plataformas. "ProgressBarStyle.Continuous" solo se admite en "windows" 6.1 y versiones posteriores. (https://learn.microsoft.com/dotnet/fundamentals/code-analysis/quality-rules/ca1416) [D:\Programacion\File Wizard\File Wizard\File Wizard.csproj]
D:\Programacion\File Wizard\File Wizard\Form2.cs(249,29): warning CA1416: Se puede acceder a este sitio de llamada en todas las plataformas. "Control.Visible" solo se admite en "windows" 6.1 y versiones posteriores. (https://learn.microsoft.com/dotnet/fundamentals/code-analysis/quality-rules/ca1416) [D:\Programacion\File Wizard\File Wizard\File Wizard.csproj]
D:\Programacion\File Wizard\File Wizard\Form2.cs(476,25): warning CA1416: Se puede acceder a este sitio de llamada en todas las plataformas. "Control.Invoke(Action)" solo se admite en "windows" 6.1 y versiones posteriores. (https://learn.microsoft.com/dotnet/fundamentals/code-analysis/quality-rules/ca1416) [D:\Programacion\File Wizard\File Wizard\File Wizard.csproj]
D:\Programacion\File Wizard\File Wizard\Form2.cs(383,49): warning CA1416: Se puede acceder a este sitio de llamada en todas las plataformas. "Control.Visible" solo se admite en "windows" 6.1 y versiones posteriores. (https://learn.microsoft.com/dotnet/fundamentals/code-analysis/quality-rules/ca1416) [D:\Programacion\File Wizard\File Wizard\File Wizard.csproj]
D:\Programacion\File Wizard\File Wizard\Form2.cs(288,58): warning CA1416: Se puede acceder a este sitio de llamada en todas las plataformas. "ProgressBarStyle.Continuous" solo se admite en "windows" 6.1 y versiones posteriores. (https://learn.microsoft.com/dotnet/fundamentals/code-analysis/quality-rules/ca1416) [D:\Programacion\File Wizard\File Wizard\File Wizard.csproj]
D:\Programacion\File Wizard\File Wizard\Form2.cs(247,29): warning CA1416: Se puede acceder a este sitio de llamada en todas las plataformas. "ProgressBar.Maximum" solo se admite en "windows" 6.1 y versiones posteriores. (https://learn.microsoft.com/dotnet/fundamentals/code-analysis/quality-rules/ca1416) [D:\Programacion\File Wizard\File Wizard\File Wizard.csproj]
D:\Programacion\File Wizard\File Wizard\Form2.cs(258,37): warning CA1416: Se puede acceder a este sitio de llamada en todas las plataformas. "MessageBox.Show(IWin32Window?, string?)" solo se admite en "windows" 6.1 y versiones posteriores. (https://learn.microsoft.com/dotnet/fundamentals/code-analysis/quality-rules/ca1416) [D:\Programacion\File Wizard\File Wizard\File Wizard.csproj]
D:\Programacion\File Wizard\File Wizard\Form2.cs(384,49): warning CA1416: Se puede acceder a este sitio de llamada en todas las plataformas. "Label.Text" solo se admite en "windows" 6.1 y versiones posteriores. (https://learn.microsoft.com/dotnet/fundamentals/code-analysis/quality-rules/ca1416) [D:\Programacion\File Wizard\File Wizard\File Wizard.csproj]
D:\Programacion\File Wizard\File Wizard\Form2.cs(332,37): warning CA1416: Se puede acceder a este sitio de llamada en todas las plataformas. "Label.Text" solo se admite en "windows" 6.1 y versiones posteriores. (https://learn.microsoft.com/dotnet/fundamentals/code-analysis/quality-rules/ca1416) [D:\Programacion\File Wizard\File Wizard\File Wizard.csproj]
D:\Programacion\File Wizard\File Wizard\Form2.cs(303,49): warning CA1416: Se puede acceder a este sitio de llamada en todas las plataformas. "MessageBox.Show(IWin32Window?, string?)" solo se admite en "windows" 6.1 y versiones posteriores. (https://learn.microsoft.com/dotnet/fundamentals/code-analysis/quality-rules/ca1416) [D:\Programacion\File Wizard\File Wizard\File Wizard.csproj]
D:\Programacion\File Wizard\File Wizard\Form2.cs(408,53): warning CA1416: Se puede acceder a este sitio de llamada en todas las plataformas. "Control.Invoke(Action)" solo se admite en "windows" 6.1 y versiones posteriores. (https://learn.microsoft.com/dotnet/fundamentals/code-analysis/quality-rules/ca1416) [D:\Programacion\File Wizard\File Wizard\File Wizard.csproj]
D:\Programacion\File Wizard\File Wizard\Form2.cs(395,45): warning CA1416: Se puede acceder a este sitio de llamada en todas las plataformas. "Label.Text" solo se admite en "windows" 6.1 y versiones posteriores. (https://learn.microsoft.com/dotnet/fundamentals/code-analysis/quality-rules/ca1416) [D:\Programacion\File Wizard\File Wizard\File Wizard.csproj]
D:\Programacion\File Wizard\File Wizard\Form2.cs(507,21): warning CA1416: Se puede acceder a este sitio de llamada en todas las plataformas. "MessageBox.Show(IWin32Window?, string?)" solo se admite en "windows" 6.1 y versiones posteriores. (https://learn.microsoft.com/dotnet/fundamentals/code-analysis/quality-rules/ca1416) [D:\Programacion\File Wizard\File Wizard\File Wizard.csproj]
D:\Programacion\File Wizard\File Wizard\Form2.cs(246,29): warning CA1416: Se puede acceder a este sitio de llamada en todas las plataformas. "ProgressBar.Style" solo se admite en "windows" 6.1 y versiones posteriores. (https://learn.microsoft.com/dotnet/fundamentals/code-analysis/quality-rules/ca1416) [D:\Programacion\File Wizard\File Wizard\File Wizard.csproj]
D:\Programacion\File Wizard\File Wizard\Form2.cs(280,41): warning CA1416: Se puede acceder a este sitio de llamada en todas las plataformas. "Label.Text" solo se admite en "windows" 6.1 y versiones posteriores. (https://learn.microsoft.com/dotnet/fundamentals/code-analysis/quality-rules/ca1416) [D:\Programacion\File Wizard\File Wizard\File Wizard.csproj]
D:\Programacion\File Wizard\File Wizard\Form2.cs(472,25): warning CA1416: Se puede acceder a este sitio de llamada en todas las plataformas. "Control.Invoke(Delegate)" solo se admite en "windows" 6.1 y versiones posteriores. (https://learn.microsoft.com/dotnet/fundamentals/code-analysis/quality-rules/ca1416) [D:\Programacion\File Wizard\File Wizard\File Wizard.csproj]
D:\Programacion\File Wizard\File Wizard\Form2.cs(361,37): warning CA1416: Se puede acceder a este sitio de llamada en todas las plataformas. "Control.Visible" solo se admite en "windows" 6.1 y versiones posteriores. (https://learn.microsoft.com/dotnet/fundamentals/code-analysis/quality-rules/ca1416) [D:\Programacion\File Wizard\File Wizard\File Wizard.csproj]
D:\Programacion\File Wizard\File Wizard\Form2.cs(289,37): warning CA1416: Se puede acceder a este sitio de llamada en todas las plataformas. "ProgressBar.Maximum" solo se admite en "windows" 6.1 y versiones posteriores. (https://learn.microsoft.com/dotnet/fundamentals/code-analysis/quality-rules/ca1416) [D:\Programacion\File Wizard\File Wizard\File Wizard.csproj]

ERROR al compilar.

D:\Programacion\File Wizard\File Wizard\ApplicationConfigurationRenamed.cs(9,13): warning CA1416: Se puede acceder a este sitio de llamada en todas las plataformas. "Application.SetHighDpiMode(HighDpiMode)" solo se admite en "windows" 6.1 y versiones posteriores. (https://learn.microsoft.com/dotnet/fundamentals/code-analysis/quality-rules/ca1416) [D:\Programacion\File Wizard\File Wizard\File Wizard.csproj]
D:\Programacion\File Wizard\File Wizard\ApplicationConfigurationRenamed.cs(11,13): warning CA1416: Se puede acceder a este sitio de llamada en todas las plataformas. "Application.SetCompatibleTextRenderingDefault(bool)" solo se admite en "windows" 6.1 y versiones posteriores. (https://learn.microsoft.com/dotnet/fundamentals/code-analysis/quality-rules/ca1416) [D:\Programacion\File Wizard\File Wizard\File Wizard.csproj]
D:\Programacion\File Wizard\File Wizard\ApplicationConfigurationRenamed.cs(9,40): warning CA1416: Se puede acceder a este sitio de llamada en todas las plataformas. "HighDpiMode.SystemAware" solo se admite en "windows" 6.1 y versiones posteriores. (https://learn.microsoft.com/dotnet/fundamentals/code-analysis/quality-rules/ca1416) [D:\Programacion\File Wizard\File Wizard\File Wizard.csproj]
D:\Programacion\File Wizard\File Wizard\ApplicationConfigurationRenamed.cs(10,13): warning CA1416: Se puede acceder a este sitio de llamada en todas las plataformas. "Application.EnableVisualStyles()" solo se admite en "windows" 6.1 y versiones posteriores. (https://learn.microsoft.com/dotnet/fundamentals/code-analysis/quality-rules/ca1416) [D:\Programacion\File Wizard\File Wizard\File Wizard.csproj]
D:\Programacion\File Wizard\File Wizard\Form1.cs(40,13): warning CA1416: Se puede acceder a este sitio de llamada en todas las plataformas. "Control.Show()" solo se admite en "windows" 6.1 y versiones posteriores. (https://learn.microsoft.com/dotnet/fundamentals/code-analysis/quality-rules/ca1416) [D:\Programacion\File Wizard\File Wizard\File Wizard.csproj]
D:\Programacion\File Wizard\File Wizard\Form1.cs(23,13): warning CA1416: Se puede acceder a este sitio de llamada en todas las plataformas. "Control.Show()" solo se admite en "windows" 6.1 y versiones posteriores. (https://learn.microsoft.com/dotnet/fundamentals/code-analysis/quality-rules/ca1416) [D:\Programacion\File Wizard\File Wizard\File Wizard.csproj]
D:\Programacion\File Wizard\File Wizard\Form1.cs(34,13): warning CA1416: Se puede acceder a este sitio de llamada en todas las plataformas. "Control.Show()" solo se admite en "windows" 6.1 y versiones posteriores. (https://learn.microsoft.com/dotnet/fundamentals/code-analysis/quality-rules/ca1416) [D:\Programacion\File Wizard\File Wizard\File Wizard.csproj]
D:\Programacion\File Wizard\File Wizard\Form1.cs(28,13): warning CA1416: Se puede acceder a este sitio de llamada en todas las plataformas. "MessageBox.Show(string?)" solo se admite en "windows" 6.1 y versiones posteriores. (https://learn.microsoft.com/dotnet/fundamentals/code-analysis/quality-rules/ca1416) [D:\Programacion\File Wizard\File Wizard\File Wizard.csproj]
D:\Programacion\File Wizard\File Wizard\Program.cs(18,13): warning CA1416: Se puede acceder a este sitio de llamada en todas las plataformas. "Application.Run(Form)" solo se admite en "windows" 6.1 y versiones posteriores. (https://learn.microsoft.com/dotnet/fundamentals/code-analysis/quality-rules/ca1416) [D:\Programacion\File Wizard\File Wizard\File Wizard.csproj]
D:\Programacion\File Wizard\File Wizard\Form2.cs(45,17): warning CA1416: Se puede acceder a este sitio de llamada en todas las plataformas. "MessageBox.Show(string?)" solo se admite en "windows" 6.1 y versiones posteriores. (https://learn.microsoft.com/dotnet/fundamentals/code-analysis/quality-rules/ca1416) [D:\Programacion\File Wizard\File Wizard\File Wizard.csproj]
D:\Programacion\File Wizard\File Wizard\Form2.cs(38,17): warning CA1416: Se puede acceder a este sitio de llamada en todas las plataformas. "CommonDialog.ShowDialog()" solo se admite en "windows" 6.1 y versiones posteriores. (https://learn.microsoft.com/dotnet/fundamentals/code-analysis/quality-rules/ca1416) [D:\Programacion\File Wizard\File Wizard\File Wizard.csproj]
D:\Programacion\File Wizard\File Wizard\Form2.cs(37,13): warning CA1416: Se puede acceder a este sitio de llamada en todas las plataformas. "FolderBrowserDialog.ShowNewFolderButton" solo se admite en "windows" 6.1 y versiones posteriores. (https://learn.microsoft.com/dotnet/fundamentals/code-analysis/quality-rules/ca1416) [D:\Programacion\File Wizard\File Wizard\File Wizard.csproj]
D:\Programacion\File Wizard\File Wizard\Form2.cs(41,29): warning CA1416: Se puede acceder a este sitio de llamada en todas las plataformas. "FolderBrowserDialog.SelectedPath" solo se admite en "windows" 6.1 y versiones posteriores. (https://learn.microsoft.com/dotnet/fundamentals/code-analysis/quality-rules/ca1416) [D:\Programacion\File Wizard\File Wizard\File Wizard.csproj]
D:\Programacion\File Wizard\File Wizard\Form2.cs(40,17): warning CA1416: Se puede acceder a este sitio de llamada en todas las plataformas. "TextBox.Text" solo se admite en "windows" 6.1 y versiones posteriores. (https://learn.microsoft.com/dotnet/fundamentals/code-analysis/quality-rules/ca1416) [D:\Programacion\File Wizard\File Wizard\File Wizard.csproj]
D:\Programacion\File Wizard\File Wizard\Form2.cs(36,13): warning CA1416: Se puede acceder a este sitio de llamada en todas las plataformas. "FolderBrowserDialog.Description" solo se admite en "windows" 6.1 y versiones posteriores. (https://learn.microsoft.com/dotnet/fundamentals/code-analysis/quality-rules/ca1416) [D:\Programacion\File Wizard\File Wizard\File Wizard.csproj]
D:\Programacion\File Wizard\File Wizard\Form2.cs(34,41): warning CA1416: Se puede acceder a este sitio de llamada en todas las plataformas. "FolderBrowserDialog" solo se admite en "windows" 6.1 y versiones posteriores. (https://learn.microsoft.com/dotnet/fundamentals/code-analysis/quality-rules/ca1416) [D:\Programacion\File Wizard\File Wizard\File Wizard.csproj]
D:\Programacion\File Wizard\File Wizard\Form2.cs(40,31): warning CA1416: Se puede acceder a este sitio de llamada en todas las plataformas. "FolderBrowserDialog.SelectedPath" solo se admite en "windows" 6.1 y versiones posteriores. (https://learn.microsoft.com/dotnet/fundamentals/code-analysis/quality-rules/ca1416) [D:\Programacion\File Wizard\File Wizard\File Wizard.csproj]
D:\Programacion\File Wizard\File Wizard\Form2.cs(35,13): warning CA1416: Se puede acceder a este sitio de llamada en todas las plataformas. "FolderBrowserDialog.SelectedPath" solo se admite en "windows" 6.1 y versiones posteriores. (https://learn.microsoft.com/dotnet/fundamentals/code-analysis/quality-rules/ca1416) [D:\Programacion\File Wizard\File Wizard\File Wizard.csproj]
D:\Programacion\File Wizard\File Wizard\Form4.cs(34,31): warning CA1416: Se puede acceder a este sitio de llamada en todas las plataformas. "FolderBrowserDialog.SelectedPath" solo se admite en "windows" 6.1 y versiones posteriores. (https://learn.microsoft.com/dotnet/fundamentals/code-analysis/quality-rules/ca1416) [D:\Programacion\File Wizard\File Wizard\File Wizard.csproj]
D:\Programacion\File Wizard\File Wizard\Form4.cs(32,17): warning CA1416: Se puede acceder a este sitio de llamada en todas las plataformas. "CommonDialog.ShowDialog()" solo se admite en "windows" 6.1 y versiones posteriores. (https://learn.microsoft.com/dotnet/fundamentals/code-analysis/quality-rules/ca1416) [D:\Programacion\File Wizard\File Wizard\File Wizard.csproj]
D:\Programacion\File Wizard\File Wizard\Form4.cs(30,13): warning CA1416: Se puede acceder a este sitio de llamada en todas las plataformas. "FolderBrowserDialog.Description" solo se admite en "windows" 6.1 y versiones posteriores. (https://learn.microsoft.com/dotnet/fundamentals/code-analysis/quality-rules/ca1416) [D:\Programacion\File Wizard\File Wizard\File Wizard.csproj]
D:\Programacion\File Wizard\File Wizard\Form4.cs(28,41): warning CA1416: Se puede acceder a este sitio de llamada en todas las plataformas. "FolderBrowserDialog" solo se admite en "windows" 6.1 y versiones posteriores. (https://learn.microsoft.com/dotnet/fundamentals/code-analysis/quality-rules/ca1416) [D:\Programacion\File Wizard\File Wizard\File Wizard.csproj]
D:\Programacion\File Wizard\File Wizard\Form4.cs(35,29): warning CA1416: Se puede acceder a este sitio de llamada en todas las plataformas. "FolderBrowserDialog.SelectedPath" solo se admite en "windows" 6.1 y versiones posteriores. (https://learn.microsoft.com/dotnet/fundamentals/code-analysis/quality-rules/ca1416) [D:\Programacion\File Wizard\File Wizard\File Wizard.csproj]
D:\Programacion\File Wizard\File Wizard\Form4.cs(29,13): warning CA1416: Se puede acceder a este sitio de llamada en todas las plataformas. "FolderBrowserDialog.SelectedPath" solo se admite en "windows" 6.1 y versiones posteriores. (https://learn.microsoft.com/dotnet/fundamentals/code-analysis/quality-rules/ca1416) [D:\Programacion\File Wizard\File Wizard\File Wizard.csproj]
D:\Programacion\File Wizard\File Wizard\Form4.cs(34,17): warning CA1416: Se puede acceder a este sitio de llamada en todas las plataformas. "TextBox.Text" solo se admite en "windows" 6.1 y versiones posteriores. (https://learn.microsoft.com/dotnet/fundamentals/code-analysis/quality-rules/ca1416) [D:\Programacion\File Wizard\File Wizard\File Wizard.csproj]
D:\Programacion\File Wizard\File Wizard\Form3.cs(34,13): warning CA1416: Se puede acceder a este sitio de llamada en todas las plataformas. "FolderBrowserDialog.SelectedPath" solo se admite en "windows" 6.1 y versiones posteriores. (https://learn.microsoft.com/dotnet/fundamentals/code-analysis/quality-rules/ca1416) [D:\Programacion\File Wizard\File Wizard\File Wizard.csproj]
D:\Programacion\File Wizard\File Wizard\Form4.cs(31,13): warning CA1416: Se puede acceder a este sitio de llamada en todas las plataformas. "FolderBrowserDialog.ShowNewFolderButton" solo se admite en "windows" 6.1 y versiones posteriores. (https://learn.microsoft.com/dotnet/fundamentals/code-analysis/quality-rules/ca1416) [D:\Programacion\File Wizard\File Wizard\File Wizard.csproj]
D:\Programacion\File Wizard\File Wizard\Form3.cs(36,13): warning CA1416: Se puede acceder a este sitio de llamada en todas las plataformas. "FolderBrowserDialog.ShowNewFolderButton" solo se admite en "windows" 6.1 y versiones posteriores. (https://learn.microsoft.com/dotnet/fundamentals/code-analysis/quality-rules/ca1416) [D:\Programacion\File Wizard\File Wizard\File Wizard.csproj]
D:\Programacion\File Wizard\File Wizard\Form3.cs(37,17): warning CA1416: Se puede acceder a este sitio de llamada en todas las plataformas. "CommonDialog.ShowDialog()" solo se admite en "windows" 6.1 y versiones posteriores. (https://learn.microsoft.com/dotnet/fundamentals/code-analysis/quality-rules/ca1416) [D:\Programacion\File Wizard\File Wizard\File Wizard.csproj]
D:\Programacion\File Wizard\File Wizard\Form4.cs(39,17): warning CA1416: Se puede acceder a este sitio de llamada en todas las plataformas. "MessageBox.Show(string?)" solo se admite en "windows" 6.1 y versiones posteriores. (https://learn.microsoft.com/dotnet/fundamentals/code-analysis/quality-rules/ca1416) [D:\Programacion\File Wizard\File Wizard\File Wizard.csproj]
D:\Programacion\File Wizard\File Wizard\Form3.cs(39,17): warning CA1416: Se puede acceder a este sitio de llamada en todas las plataformas. "TextBox.Text" solo se admite en "windows" 6.1 y versiones posteriores. (https://learn.microsoft.com/dotnet/fundamentals/code-analysis/quality-rules/ca1416) [D:\Programacion\File Wizard\File Wizard\File Wizard.csproj]
D:\Programacion\File Wizard\File Wizard\Form3.cs(35,13): warning CA1416: Se puede acceder a este sitio de llamada en todas las plataformas. "FolderBrowserDialog.Description" solo se admite en "windows" 6.1 y versiones posteriores. (https://learn.microsoft.com/dotnet/fundamentals/code-analysis/quality-rules/ca1416) [D:\Programacion\File Wizard\File Wizard\File Wizard.csproj]
D:\Programacion\File Wizard\File Wizard\Form3.cs(39,31): warning CA1416: Se puede acceder a este sitio de llamada en todas las plataformas. "FolderBrowserDialog.SelectedPath" solo se admite en "windows" 6.1 y versiones posteriores. (https://learn.microsoft.com/dotnet/fundamentals/code-analysis/quality-rules/ca1416) [D:\Programacion\File Wizard\File Wizard\File Wizard.csproj]
D:\Programacion\File Wizard\File Wizard\Form3.cs(44,17): warning CA1416: Se puede acceder a este sitio de llamada en todas las plataformas. "MessageBox.Show(string?)" solo se admite en "windows" 6.1 y versiones posteriores. (https://learn.microsoft.com/dotnet/fundamentals/code-analysis/quality-rules/ca1416) [D:\Programacion\File Wizard\File Wizard\File Wizard.csproj]
D:\Programacion\File Wizard\File Wizard\Form3.cs(33,41): warning CA1416: Se puede acceder a este sitio de llamada en todas las plataformas. "FolderBrowserDialog" solo se admite en "windows" 6.1 y versiones posteriores. (https://learn.microsoft.com/dotnet/fundamentals/code-analysis/quality-rules/ca1416) [D:\Programacion\File Wizard\File Wizard\File Wizard.csproj]
D:\Programacion\File Wizard\File Wizard\Form3.cs(40,29): warning CA1416: Se puede acceder a este sitio de llamada en todas las plataformas. "FolderBrowserDialog.SelectedPath" solo se admite en "windows" 6.1 y versiones posteriores. (https://learn.microsoft.com/dotnet/fundamentals/code-analysis/quality-rules/ca1416) [D:\Programacion\File Wizard\File Wizard\File Wizard.csproj]
D:\Programacion\File Wizard\File Wizard\Form3.cs(79,21): warning CA1416: Se puede acceder a este sitio de llamada en todas las plataformas. "ButtonBase.BackColor" solo se admite en "windows" 6.1 y versiones posteriores. (https://learn.microsoft.com/dotnet/fundamentals/code-analysis/quality-rules/ca1416) [D:\Programacion\File Wizard\File Wizard\File Wizard.csproj]
D:\Programacion\File Wizard\File Wizard\Form3.cs(87,17): warning CA1416: Se puede acceder a este sitio de llamada en todas las plataformas. "Label.Text" solo se admite en "windows" 6.1 y versiones posteriores. (https://learn.microsoft.com/dotnet/fundamentals/code-analysis/quality-rules/ca1416) [D:\Programacion\File Wizard\File Wizard\File Wizard.csproj]
D:\Programacion\File Wizard\File Wizard\Form3.cs(75,21): warning CA1416: Se puede acceder a este sitio de llamada en todas las plataformas. "ButtonBase.BackColor" solo se admite en "windows" 6.1 y versiones posteriores. (https://learn.microsoft.com/dotnet/fundamentals/code-analysis/quality-rules/ca1416) [D:\Programacion\File Wizard\File Wizard\File Wizard.csproj]
D:\Programacion\File Wizard\File Wizard\Form3.cs(65,21): warning CA1416: Se puede acceder a este sitio de llamada en todas las plataformas. "ButtonBase.BackColor" solo se admite en "windows" 6.1 y versiones posteriores. (https://learn.microsoft.com/dotnet/fundamentals/code-analysis/quality-rules/ca1416) [D:\Programacion\File Wizard\File Wizard\File Wizard.csproj]
D:\Programacion\File Wizard\File Wizard\Form3.cs(60,21): warning CA1416: Se puede acceder a este sitio de llamada en todas las plataformas. "Control.Enabled" solo se admite en "windows" 6.1 y versiones posteriores. (https://learn.microsoft.com/dotnet/fundamentals/code-analysis/quality-rules/ca1416) [D:\Programacion\File Wizard\File Wizard\File Wizard.csproj]
D:\Programacion\File Wizard\File Wizard\Form3.cs(73,21): warning CA1416: Se puede acceder a este sitio de llamada en todas las plataformas. "Control.BackColor" solo se admite en "windows" 6.1 y versiones posteriores. (https://learn.microsoft.com/dotnet/fundamentals/code-analysis/quality-rules/ca1416) [D:\Programacion\File Wizard\File Wizard\File Wizard.csproj]
D:\Programacion\File Wizard\File Wizard\Form3.cs(58,21): warning CA1416: Se puede acceder a este sitio de llamada en todas las plataformas. "Label.Text" solo se admite en "windows" 6.1 y versiones posteriores. (https://learn.microsoft.com/dotnet/fundamentals/code-analysis/quality-rules/ca1416) [D:\Programacion\File Wizard\File Wizard\File Wizard.csproj]
D:\Programacion\File Wizard\File Wizard\Form3.cs(59,21): warning CA1416: Se puede acceder a este sitio de llamada en todas las plataformas. "Control.BackColor" solo se admite en "windows" 6.1 y versiones posteriores. (https://learn.microsoft.com/dotnet/fundamentals/code-analysis/quality-rules/ca1416) [D:\Programacion\File Wizard\File Wizard\File Wizard.csproj]
D:\Programacion\File Wizard\File Wizard\Form3.cs(93,17): warning CA1416: Se puede acceder a este sitio de llamada en todas las plataformas. "Control.Enabled" solo se admite en "windows" 6.1 y versiones posteriores. (https://learn.microsoft.com/dotnet/fundamentals/code-analysis/quality-rules/ca1416) [D:\Programacion\File Wizard\File Wizard\File Wizard.csproj]
D:\Programacion\File Wizard\File Wizard\Form3.cs(96,17): warning CA1416: Se puede acceder a este sitio de llamada en todas las plataformas. "ButtonBase.BackColor" solo se admite en "windows" 6.1 y versiones posteriores. (https://learn.microsoft.com/dotnet/fundamentals/code-analysis/quality-rules/ca1416) [D:\Programacion\File Wizard\File Wizard\File Wizard.csproj]
D:\Programacion\File Wizard\File Wizard\Form3.cs(74,21): warning CA1416: Se puede acceder a este sitio de llamada en todas las plataformas. "Control.Enabled" solo se admite en "windows" 6.1 y versiones posteriores. (https://learn.microsoft.com/dotnet/fundamentals/code-analysis/quality-rules/ca1416) [D:\Programacion\File Wizard\File Wizard\File Wizard.csproj]
D:\Programacion\File Wizard\File Wizard\Form3.cs(72,21): warning CA1416: Se puede acceder a este sitio de llamada en todas las plataformas. "Label.Text" solo se admite en "windows" 6.1 y versiones posteriores. (https://learn.microsoft.com/dotnet/fundamentals/code-analysis/quality-rules/ca1416) [D:\Programacion\File Wizard\File Wizard\File Wizard.csproj]
D:\Programacion\File Wizard\File Wizard\Form3.cs(64,21): warning CA1416: Se puede acceder a este sitio de llamada en todas las plataformas. "Control.Enabled" solo se admite en "windows" 6.1 y versiones posteriores. (https://learn.microsoft.com/dotnet/fundamentals/code-analysis/quality-rules/ca1416) [D:\Programacion\File Wizard\File Wizard\File Wizard.csproj]
D:\Programacion\File Wizard\File Wizard\Form3.cs(88,17): warning CA1416: Se puede acceder a este sitio de llamada en todas las plataformas. "Control.BackColor" solo se admite en "windows" 6.1 y versiones posteriores. (https://learn.microsoft.com/dotnet/fundamentals/code-analysis/quality-rules/ca1416) [D:\Programacion\File Wizard\File Wizard\File Wizard.csproj]
D:\Programacion\File Wizard\File Wizard\Form3.cs(67,21): warning CA1416: Se puede acceder a este sitio de llamada en todas las plataformas. "ButtonBase.BackColor" solo se admite en "windows" 6.1 y versiones posteriores. (https://learn.microsoft.com/dotnet/fundamentals/code-analysis/quality-rules/ca1416) [D:\Programacion\File Wizard\File Wizard\File Wizard.csproj]
D:\Programacion\File Wizard\File Wizard\Form3.cs(61,21): warning CA1416: Se puede acceder a este sitio de llamada en todas las plataformas. "ButtonBase.BackColor" solo se admite en "windows" 6.1 y versiones posteriores. (https://learn.microsoft.com/dotnet/fundamentals/code-analysis/quality-rules/ca1416) [D:\Programacion\File Wizard\File Wizard\File Wizard.csproj]
D:\Programacion\File Wizard\File Wizard\Form3.cs(78,21): warning CA1416: Se puede acceder a este sitio de llamada en todas las plataformas. "Control.Enabled" solo se admite en "windows" 6.1 y versiones posteriores. (https://learn.microsoft.com/dotnet/fundamentals/code-analysis/quality-rules/ca1416) [D:\Programacion\File Wizard\File Wizard\File Wizard.csproj]
D:\Programacion\File Wizard\File Wizard\Form3.cs(94,17): warning CA1416: Se puede acceder a este sitio de llamada en todas las plataformas. "ButtonBase.BackColor" solo se admite en "windows" 6.1 y versiones posteriores. (https://learn.microsoft.com/dotnet/fundamentals/code-analysis/quality-rules/ca1416) [D:\Programacion\File Wizard\File Wizard\File Wizard.csproj]
D:\Programacion\File Wizard\File Wizard\Form3.cs(86,17): warning CA1416: Se puede acceder a este sitio de llamada en todas las plataformas. "MessageBox.Show(string?)" solo se admite en "windows" 6.1 y versiones posteriores. (https://learn.microsoft.com/dotnet/fundamentals/code-analysis/quality-rules/ca1416) [D:\Programacion\File Wizard\File Wizard\File Wizard.csproj]
D:\Programacion\File Wizard\File Wizard\Form3.cs(63,21): warning CA1416: Se puede acceder a este sitio de llamada en todas las plataformas. "ButtonBase.BackColor" solo se admite en "windows" 6.1 y versiones posteriores. (https://learn.microsoft.com/dotnet/fundamentals/code-analysis/quality-rules/ca1416) [D:\Programacion\File Wizard\File Wizard\File Wizard.csproj]
D:\Programacion\File Wizard\File Wizard\Form3.cs(95,17): warning CA1416: Se puede acceder a este sitio de llamada en todas las plataformas. "Control.Enabled" solo se admite en "windows" 6.1 y versiones posteriores. (https://learn.microsoft.com/dotnet/fundamentals/code-analysis/quality-rules/ca1416) [D:\Programacion\File Wizard\File Wizard\File Wizard.csproj]
D:\Programacion\File Wizard\File Wizard\Form3.cs(81,21): warning CA1416: Se puede acceder a este sitio de llamada en todas las plataformas. "ButtonBase.BackColor" solo se admite en "windows" 6.1 y versiones posteriores. (https://learn.microsoft.com/dotnet/fundamentals/code-analysis/quality-rules/ca1416) [D:\Programacion\File Wizard\File Wizard\File Wizard.csproj]
D:\Programacion\File Wizard\File Wizard\Form3.cs(90,17): warning CA1416: Se puede acceder a este sitio de llamada en todas las plataformas. "ButtonBase.BackColor" solo se admite en "windows" 6.1 y versiones posteriores. (https://learn.microsoft.com/dotnet/fundamentals/code-analysis/quality-rules/ca1416) [D:\Programacion\File Wizard\File Wizard\File Wizard.csproj]
D:\Programacion\File Wizard\File Wizard\Form3.cs(91,17): warning CA1416: Se puede acceder a este sitio de llamada en todas las plataformas. "Control.Enabled" solo se admite en "windows" 6.1 y versiones posteriores. (https://learn.microsoft.com/dotnet/fundamentals/code-analysis/quality-rules/ca1416) [D:\Programacion\File Wizard\File Wizard\File Wizard.csproj]
D:\Programacion\File Wizard\File Wizard\Form3.cs(57,21): warning CA1416: Se puede acceder a este sitio de llamada en todas las plataformas. "Timer.Start()" solo se admite en "windows" 6.1 y versiones posteriores. (https://learn.microsoft.com/dotnet/fundamentals/code-analysis/quality-rules/ca1416) [D:\Programacion\File Wizard\File Wizard\File Wizard.csproj]
D:\Programacion\File Wizard\File Wizard\Form3.cs(92,17): warning CA1416: Se puede acceder a este sitio de llamada en todas las plataformas. "ButtonBase.BackColor" solo se admite en "windows" 6.1 y versiones posteriores. (https://learn.microsoft.com/dotnet/fundamentals/code-analysis/quality-rules/ca1416) [D:\Programacion\File Wizard\File Wizard\File Wizard.csproj]
D:\Programacion\File Wizard\File Wizard\Form3.cs(66,21): warning CA1416: Se puede acceder a este sitio de llamada en todas las plataformas. "Control.Enabled" solo se admite en "windows" 6.1 y versiones posteriores. (https://learn.microsoft.com/dotnet/fundamentals/code-analysis/quality-rules/ca1416) [D:\Programacion\File Wizard\File Wizard\File Wizard.csproj]
D:\Programacion\File Wizard\File Wizard\Form3.cs(77,21): warning CA1416: Se puede acceder a este sitio de llamada en todas las plataformas. "ButtonBase.BackColor" solo se admite en "windows" 6.1 y versiones posteriores. (https://learn.microsoft.com/dotnet/fundamentals/code-analysis/quality-rules/ca1416) [D:\Programacion\File Wizard\File Wizard\File Wizard.csproj]
D:\Programacion\File Wizard\File Wizard\Form3.cs(71,21): warning CA1416: Se puede acceder a este sitio de llamada en todas las plataformas. "MessageBox.Show(string?)" solo se admite en "windows" 6.1 y versiones posteriores. (https://learn.microsoft.com/dotnet/fundamentals/code-analysis/quality-rules/ca1416) [D:\Programacion\File Wizard\File Wizard\File Wizard.csproj]
D:\Programacion\File Wizard\File Wizard\Form3.cs(89,17): warning CA1416: Se puede acceder a este sitio de llamada en todas las plataformas. "Control.Enabled" solo se admite en "windows" 6.1 y versiones posteriores. (https://learn.microsoft.com/dotnet/fundamentals/code-analysis/quality-rules/ca1416) [D:\Programacion\File Wizard\File Wizard\File Wizard.csproj]
D:\Programacion\File Wizard\File Wizard\Form3.cs(80,21): warning CA1416: Se puede acceder a este sitio de llamada en todas las plataformas. "Control.Enabled" solo se admite en "windows" 6.1 y versiones posteriores. (https://learn.microsoft.com/dotnet/fundamentals/code-analysis/quality-rules/ca1416) [D:\Programacion\File Wizard\File Wizard\File Wizard.csproj]
D:\Programacion\File Wizard\File Wizard\Form3.cs(76,21): warning CA1416: Se puede acceder a este sitio de llamada en todas las plataformas. "Control.Enabled" solo se admite en "windows" 6.1 y versiones posteriores. (https://learn.microsoft.com/dotnet/fundamentals/code-analysis/quality-rules/ca1416) [D:\Programacion\File Wizard\File Wizard\File Wizard.csproj]
D:\Programacion\File Wizard\File Wizard\Form3.cs(62,21): warning CA1416: Se puede acceder a este sitio de llamada en todas las plataformas. "Control.Enabled" solo se admite en "windows" 6.1 y versiones posteriores. (https://learn.microsoft.com/dotnet/fundamentals/code-analysis/quality-rules/ca1416) [D:\Programacion\File Wizard\File Wizard\File Wizard.csproj]
D:\Programacion\File Wizard\File Wizard\Form4.cs(55,21): warning CA1416: Se puede acceder a este sitio de llamada en todas las plataformas. "Control.Enabled" solo se admite en "windows" 6.1 y versiones posteriores. (https://learn.microsoft.com/dotnet/fundamentals/code-analysis/quality-rules/ca1416) [D:\Programacion\File Wizard\File Wizard\File Wizard.csproj]
D:\Programacion\File Wizard\File Wizard\Form4.cs(60,21): warning CA1416: Se puede acceder a este sitio de llamada en todas las plataformas. "ButtonBase.BackColor" solo se admite en "windows" 6.1 y versiones posteriores. (https://learn.microsoft.com/dotnet/fundamentals/code-analysis/quality-rules/ca1416) [D:\Programacion\File Wizard\File Wizard\File Wizard.csproj]
D:\Programacion\File Wizard\File Wizard\Form4.cs(58,21): warning CA1416: Se puede acceder a este sitio de llamada en todas las plataformas. "ButtonBase.BackColor" solo se admite en "windows" 6.1 y versiones posteriores. (https://learn.microsoft.com/dotnet/fundamentals/code-analysis/quality-rules/ca1416) [D:\Programacion\File Wizard\File Wizard\File Wizard.csproj]
D:\Programacion\File Wizard\File Wizard\Form4.cs(81,17): warning CA1416: Se puede acceder a este sitio de llamada en todas las plataformas. "ButtonBase.BackColor" solo se admite en "windows" 6.1 y versiones posteriores. (https://learn.microsoft.com/dotnet/fundamentals/code-analysis/quality-rules/ca1416) [D:\Programacion\File Wizard\File Wizard\File Wizard.csproj]
D:\Programacion\File Wizard\File Wizard\Form4.cs(72,21): warning CA1416: Se puede acceder a este sitio de llamada en todas las plataformas. "ButtonBase.BackColor" solo se admite en "windows" 6.1 y versiones posteriores. (https://learn.microsoft.com/dotnet/fundamentals/code-analysis/quality-rules/ca1416) [D:\Programacion\File Wizard\File Wizard\File Wizard.csproj]
D:\Programacion\File Wizard\File Wizard\Form4.cs(79,17): warning CA1416: Se puede acceder a este sitio de llamada en todas las plataformas. "Control.BackColor" solo se admite en "windows" 6.1 y versiones posteriores. (https://learn.microsoft.com/dotnet/fundamentals/code-analysis/quality-rules/ca1416) [D:\Programacion\File Wizard\File Wizard\File Wizard.csproj]
D:\Programacion\File Wizard\File Wizard\Form4.cs(71,21): warning CA1416: Se puede acceder a este sitio de llamada en todas las plataformas. "Control.Enabled" solo se admite en "windows" 6.1 y versiones posteriores. (https://learn.microsoft.com/dotnet/fundamentals/code-analysis/quality-rules/ca1416) [D:\Programacion\File Wizard\File Wizard\File Wizard.csproj]
D:\Programacion\File Wizard\File Wizard\Form4.cs(78,17): warning CA1416: Se puede acceder a este sitio de llamada en todas las plataformas. "Label.Text" solo se admite en "windows" 6.1 y versiones posteriores. (https://learn.microsoft.com/dotnet/fundamentals/code-analysis/quality-rules/ca1416) [D:\Programacion\File Wizard\File Wizard\File Wizard.csproj]
D:\Programacion\File Wizard\File Wizard\Form4.cs(54,21): warning CA1416: Se puede acceder a este sitio de llamada en todas las plataformas. "Control.BackColor" solo se admite en "windows" 6.1 y versiones posteriores. (https://learn.microsoft.com/dotnet/fundamentals/code-analysis/quality-rules/ca1416) [D:\Programacion\File Wizard\File Wizard\File Wizard.csproj]
D:\Programacion\File Wizard\File Wizard\Form4.cs(69,21): warning CA1416: Se puede acceder a este sitio de llamada en todas las plataformas. "Control.Enabled" solo se admite en "windows" 6.1 y versiones posteriores. (https://learn.microsoft.com/dotnet/fundamentals/code-analysis/quality-rules/ca1416) [D:\Programacion\File Wizard\File Wizard\File Wizard.csproj]
D:\Programacion\File Wizard\File Wizard\Form4.cs(59,21): warning CA1416: Se puede acceder a este sitio de llamada en todas las plataformas. "Control.Enabled" solo se admite en "windows" 6.1 y versiones posteriores. (https://learn.microsoft.com/dotnet/fundamentals/code-analysis/quality-rules/ca1416) [D:\Programacion\File Wizard\File Wizard\File Wizard.csproj]
D:\Programacion\File Wizard\File Wizard\Form4.cs(67,21): warning CA1416: Se puede acceder a este sitio de llamada en todas las plataformas. "Control.Enabled" solo se admite en "windows" 6.1 y versiones posteriores. (https://learn.microsoft.com/dotnet/fundamentals/code-analysis/quality-rules/ca1416) [D:\Programacion\File Wizard\File Wizard\File Wizard.csproj]
D:\Programacion\File Wizard\File Wizard\Form4.cs(66,21): warning CA1416: Se puede acceder a este sitio de llamada en todas las plataformas. "Control.BackColor" solo se admite en "windows" 6.1 y versiones posteriores. (https://learn.microsoft.com/dotnet/fundamentals/code-analysis/quality-rules/ca1416) [D:\Programacion\File Wizard\File Wizard\File Wizard.csproj]
D:\Programacion\File Wizard\File Wizard\Form4.cs(57,21): warning CA1416: Se puede acceder a este sitio de llamada en todas las plataformas. "Control.Enabled" solo se admite en "windows" 6.1 y versiones posteriores. (https://learn.microsoft.com/dotnet/fundamentals/code-analysis/quality-rules/ca1416) [D:\Programacion\File Wizard\File Wizard\File Wizard.csproj]
D:\Programacion\File Wizard\File Wizard\Form2.cs(60,21): warning CA1416: Se puede acceder a este sitio de llamada en todas las plataformas. "Control.BackColor" solo se admite en "windows" 6.1 y versiones posteriores. (https://learn.microsoft.com/dotnet/fundamentals/code-analysis/quality-rules/ca1416) [D:\Programacion\File Wizard\File Wizard\File Wizard.csproj]
D:\Programacion\File Wizard\File Wizard\Form4.cs(70,21): warning CA1416: Se puede acceder a este sitio de llamada en todas las plataformas. "ButtonBase.BackColor" solo se admite en "windows" 6.1 y versiones posteriores. (https://learn.microsoft.com/dotnet/fundamentals/code-analysis/quality-rules/ca1416) [D:\Programacion\File Wizard\File Wizard\File Wizard.csproj]
D:\Programacion\File Wizard\File Wizard\Form4.cs(65,21): warning CA1416: Se puede acceder a este sitio de llamada en todas las plataformas. "Label.Text" solo se admite en "windows" 6.1 y versiones posteriores. (https://learn.microsoft.com/dotnet/fundamentals/code-analysis/quality-rules/ca1416) [D:\Programacion\File Wizard\File Wizard\File Wizard.csproj]
D:\Programacion\File Wizard\File Wizard\Form4.cs(68,21): warning CA1416: Se puede acceder a este sitio de llamada en todas las plataformas. "ButtonBase.BackColor" solo se admite en "windows" 6.1 y versiones posteriores. (https://learn.microsoft.com/dotnet/fundamentals/code-analysis/quality-rules/ca1416) [D:\Programacion\File Wizard\File Wizard\File Wizard.csproj]
D:\Programacion\File Wizard\File Wizard\Form2.cs(89,17): warning CA1416: Se puede acceder a este sitio de llamada en todas las plataformas. "Control.BackColor" solo se admite en "windows" 6.1 y versiones posteriores. (https://learn.microsoft.com/dotnet/fundamentals/code-analysis/quality-rules/ca1416) [D:\Programacion\File Wizard\File Wizard\File Wizard.csproj]
D:\Programacion\File Wizard\File Wizard\Form4.cs(52,21): warning CA1416: Se puede acceder a este sitio de llamada en todas las plataformas. "Timer.Start()" solo se admite en "windows" 6.1 y versiones posteriores. (https://learn.microsoft.com/dotnet/fundamentals/code-analysis/quality-rules/ca1416) [D:\Programacion\File Wizard\File Wizard\File Wizard.csproj]
D:\Programacion\File Wizard\File Wizard\Form2.cs(81,21): warning CA1416: Se puede acceder a este sitio de llamada en todas las plataformas. "Control.Enabled" solo se admite en "windows" 6.1 y versiones posteriores. (https://learn.microsoft.com/dotnet/fundamentals/code-analysis/quality-rules/ca1416) [D:\Programacion\File Wizard\File Wizard\File Wizard.csproj]
D:\Programacion\File Wizard\File Wizard\Form4.cs(85,17): warning CA1416: Se puede acceder a este sitio de llamada en todas las plataformas. "ButtonBase.BackColor" solo se admite en "windows" 6.1 y versiones posteriores. (https://learn.microsoft.com/dotnet/fundamentals/code-analysis/quality-rules/ca1416) [D:\Programacion\File Wizard\File Wizard\File Wizard.csproj]
D:\Programacion\File Wizard\File Wizard\Form4.cs(80,17): warning CA1416: Se puede acceder a este sitio de llamada en todas las plataformas. "Control.Enabled" solo se admite en "windows" 6.1 y versiones posteriores. (https://learn.microsoft.com/dotnet/fundamentals/code-analysis/quality-rules/ca1416) [D:\Programacion\File Wizard\File Wizard\File Wizard.csproj]
D:\Programacion\File Wizard\File Wizard\Form2.cs(68,21): warning CA1416: Se puede acceder a este sitio de llamada en todas las plataformas. "ButtonBase.BackColor" solo se admite en "windows" 6.1 y versiones posteriores. (https://learn.microsoft.com/dotnet/fundamentals/code-analysis/quality-rules/ca1416) [D:\Programacion\File Wizard\File Wizard\File Wizard.csproj]
D:\Programacion\File Wizard\File Wizard\Form4.cs(82,17): warning CA1416: Se puede acceder a este sitio de llamada en todas las plataformas. "Control.Enabled" solo se admite en "windows" 6.1 y versiones posteriores. (https://learn.microsoft.com/dotnet/fundamentals/code-analysis/quality-rules/ca1416) [D:\Programacion\File Wizard\File Wizard\File Wizard.csproj]
D:\Programacion\File Wizard\File Wizard\Form4.cs(84,17): warning CA1416: Se puede acceder a este sitio de llamada en todas las plataformas. "Control.Enabled" solo se admite en "windows" 6.1 y versiones posteriores. (https://learn.microsoft.com/dotnet/fundamentals/code-analysis/quality-rules/ca1416) [D:\Programacion\File Wizard\File Wizard\File Wizard.csproj]
D:\Programacion\File Wizard\File Wizard\Form4.cs(83,17): warning CA1416: Se puede acceder a este sitio de llamada en todas las plataformas. "ButtonBase.BackColor" solo se admite en "windows" 6.1 y versiones posteriores. (https://learn.microsoft.com/dotnet/fundamentals/code-analysis/quality-rules/ca1416) [D:\Programacion\File Wizard\File Wizard\File Wizard.csproj]
D:\Programacion\File Wizard\File Wizard\Form4.cs(56,21): warning CA1416: Se puede acceder a este sitio de llamada en todas las plataformas. "ButtonBase.BackColor" solo se admite en "windows" 6.1 y versiones posteriores. (https://learn.microsoft.com/dotnet/fundamentals/code-analysis/quality-rules/ca1416) [D:\Programacion\File Wizard\File Wizard\File Wizard.csproj]
D:\Programacion\File Wizard\File Wizard\Form2.cs(97,17): warning CA1416: Se puede acceder a este sitio de llamada en todas las plataformas. "ButtonBase.BackColor" solo se admite en "windows" 6.1 y versiones posteriores. (https://learn.microsoft.com/dotnet/fundamentals/code-analysis/quality-rules/ca1416) [D:\Programacion\File Wizard\File Wizard\File Wizard.csproj]
D:\Programacion\File Wizard\File Wizard\Form4.cs(77,17): warning CA1416: Se puede acceder a este sitio de llamada en todas las plataformas. "MessageBox.Show(string?)" solo se admite en "windows" 6.1 y versiones posteriores. (https://learn.microsoft.com/dotnet/fundamentals/code-analysis/quality-rules/ca1416) [D:\Programacion\File Wizard\File Wizard\File Wizard.csproj]
D:\Programacion\File Wizard\File Wizard\Form2.cs(96,17): warning CA1416: Se puede acceder a este sitio de llamada en todas las plataformas. "Control.Enabled" solo se admite en "windows" 6.1 y versiones posteriores. (https://learn.microsoft.com/dotnet/fundamentals/code-analysis/quality-rules/ca1416) [D:\Programacion\File Wizard\File Wizard\File Wizard.csproj]
D:\Programacion\File Wizard\File Wizard\Form4.cs(53,21): warning CA1416: Se puede acceder a este sitio de llamada en todas las plataformas. "Label.Text" solo se admite en "windows" 6.1 y versiones posteriores. (https://learn.microsoft.com/dotnet/fundamentals/code-analysis/quality-rules/ca1416) [D:\Programacion\File Wizard\File Wizard\File Wizard.csproj]
D:\Programacion\File Wizard\File Wizard\Form4.cs(64,21): warning CA1416: Se puede acceder a este sitio de llamada en todas las plataformas. "MessageBox.Show(string?)" solo se admite en "windows" 6.1 y versiones posteriores. (https://learn.microsoft.com/dotnet/fundamentals/code-analysis/quality-rules/ca1416) [D:\Programacion\File Wizard\File Wizard\File Wizard.csproj]
D:\Programacion\File Wizard\File Wizard\Form2.cs(79,21): warning CA1416: Se puede acceder a este sitio de llamada en todas las plataformas. "Control.Enabled" solo se admite en "windows" 6.1 y versiones posteriores. (https://learn.microsoft.com/dotnet/fundamentals/code-analysis/quality-rules/ca1416) [D:\Programacion\File Wizard\File Wizard\File Wizard.csproj]
D:\Programacion\File Wizard\File Wizard\Form2.cs(93,17): warning CA1416: Se puede acceder a este sitio de llamada en todas las plataformas. "ButtonBase.BackColor" solo se admite en "windows" 6.1 y versiones posteriores. (https://learn.microsoft.com/dotnet/fundamentals/code-analysis/quality-rules/ca1416) [D:\Programacion\File Wizard\File Wizard\File Wizard.csproj]
D:\Programacion\File Wizard\File Wizard\Form2.cs(87,17): warning CA1416: Se puede acceder a este sitio de llamada en todas las plataformas. "MessageBox.Show(string?)" solo se admite en "windows" 6.1 y versiones posteriores. (https://learn.microsoft.com/dotnet/fundamentals/code-analysis/quality-rules/ca1416) [D:\Programacion\File Wizard\File Wizard\File Wizard.csproj]
D:\Programacion\File Wizard\File Wizard\Form2.cs(94,17): warning CA1416: Se puede acceder a este sitio de llamada en todas las plataformas. "Control.Enabled" solo se admite en "windows" 6.1 y versiones posteriores. (https://learn.microsoft.com/dotnet/fundamentals/code-analysis/quality-rules/ca1416) [D:\Programacion\File Wizard\File Wizard\File Wizard.csproj]
D:\Programacion\File Wizard\File Wizard\Form2.cs(82,21): warning CA1416: Se puede acceder a este sitio de llamada en todas las plataformas. "ButtonBase.BackColor" solo se admite en "windows" 6.1 y versiones posteriores. (https://learn.microsoft.com/dotnet/fundamentals/code-analysis/quality-rules/ca1416) [D:\Programacion\File Wizard\File Wizard\File Wizard.csproj]
D:\Programacion\File Wizard\File Wizard\Form2.cs(75,21): warning CA1416: Se puede acceder a este sitio de llamada en todas las plataformas. "Control.Enabled" solo se admite en "windows" 6.1 y versiones posteriores. (https://learn.microsoft.com/dotnet/fundamentals/code-analysis/quality-rules/ca1416) [D:\Programacion\File Wizard\File Wizard\File Wizard.csproj]
D:\Programacion\File Wizard\File Wizard\Form2.cs(95,17): warning CA1416: Se puede acceder a este sitio de llamada en todas las plataformas. "ButtonBase.BackColor" solo se admite en "windows" 6.1 y versiones posteriores. (https://learn.microsoft.com/dotnet/fundamentals/code-analysis/quality-rules/ca1416) [D:\Programacion\File Wizard\File Wizard\File Wizard.csproj]
D:\Programacion\File Wizard\File Wizard\Form2.cs(91,17): warning CA1416: Se puede acceder a este sitio de llamada en todas las plataformas. "ButtonBase.BackColor" solo se admite en "windows" 6.1 y versiones posteriores. (https://learn.microsoft.com/dotnet/fundamentals/code-analysis/quality-rules/ca1416) [D:\Programacion\File Wizard\File Wizard\File Wizard.csproj]
D:\Programacion\File Wizard\File Wizard\Form2.cs(67,21): warning CA1416: Se puede acceder a este sitio de llamada en todas las plataformas. "Control.Enabled" solo se admite en "windows" 6.1 y versiones posteriores. (https://learn.microsoft.com/dotnet/fundamentals/code-analysis/quality-rules/ca1416) [D:\Programacion\File Wizard\File Wizard\File Wizard.csproj]
D:\Programacion\File Wizard\File Wizard\Form2.cs(58,21): warning CA1416: Se puede acceder a este sitio de llamada en todas las plataformas. "Timer.Start()" solo se admite en "windows" 6.1 y versiones posteriores. (https://learn.microsoft.com/dotnet/fundamentals/code-analysis/quality-rules/ca1416) [D:\Programacion\File Wizard\File Wizard\File Wizard.csproj]
D:\Programacion\File Wizard\File Wizard\Form2.cs(62,21): warning CA1416: Se puede acceder a este sitio de llamada en todas las plataformas. "ButtonBase.BackColor" solo se admite en "windows" 6.1 y versiones posteriores. (https://learn.microsoft.com/dotnet/fundamentals/code-analysis/quality-rules/ca1416) [D:\Programacion\File Wizard\File Wizard\File Wizard.csproj]
D:\Programacion\File Wizard\File Wizard\Form2.cs(88,17): warning CA1416: Se puede acceder a este sitio de llamada en todas las plataformas. "Label.Text" solo se admite en "windows" 6.1 y versiones posteriores. (https://learn.microsoft.com/dotnet/fundamentals/code-analysis/quality-rules/ca1416) [D:\Programacion\File Wizard\File Wizard\File Wizard.csproj]
D:\Programacion\File Wizard\File Wizard\Form2.cs(61,21): warning CA1416: Se puede acceder a este sitio de llamada en todas las plataformas. "Control.Enabled" solo se admite en "windows" 6.1 y versiones posteriores. (https://learn.microsoft.com/dotnet/fundamentals/code-analysis/quality-rules/ca1416) [D:\Programacion\File Wizard\File Wizard\File Wizard.csproj]
D:\Programacion\File Wizard\File Wizard\Form2.cs(76,21): warning CA1416: Se puede acceder a este sitio de llamada en todas las plataformas. "ButtonBase.BackColor" solo se admite en "windows" 6.1 y versiones posteriores. (https://learn.microsoft.com/dotnet/fundamentals/code-analysis/quality-rules/ca1416) [D:\Programacion\File Wizard\File Wizard\File Wizard.csproj]
D:\Programacion\File Wizard\File Wizard\Form2.cs(63,21): warning CA1416: Se puede acceder a este sitio de llamada en todas las plataformas. "Control.Enabled" solo se admite en "windows" 6.1 y versiones posteriores. (https://learn.microsoft.com/dotnet/fundamentals/code-analysis/quality-rules/ca1416) [D:\Programacion\File Wizard\File Wizard\File Wizard.csproj]
D:\Programacion\File Wizard\File Wizard\Form2.cs(90,17): warning CA1416: Se puede acceder a este sitio de llamada en todas las plataformas. "Control.Enabled" solo se admite en "windows" 6.1 y versiones posteriores. (https://learn.microsoft.com/dotnet/fundamentals/code-analysis/quality-rules/ca1416) [D:\Programacion\File Wizard\File Wizard\File Wizard.csproj]
D:\Programacion\File Wizard\File Wizard\Form2.cs(73,21): warning CA1416: Se puede acceder a este sitio de llamada en todas las plataformas. "Label.Text" solo se admite en "windows" 6.1 y versiones posteriores. (https://learn.microsoft.com/dotnet/fundamentals/code-analysis/quality-rules/ca1416) [D:\Programacion\File Wizard\File Wizard\File Wizard.csproj]
D:\Programacion\File Wizard\File Wizard\Form2.cs(74,21): warning CA1416: Se puede acceder a este sitio de llamada en todas las plataformas. "Control.BackColor" solo se admite en "windows" 6.1 y versiones posteriores. (https://learn.microsoft.com/dotnet/fundamentals/code-analysis/quality-rules/ca1416) [D:\Programacion\File Wizard\File Wizard\File Wizard.csproj]
D:\Programacion\File Wizard\File Wizard\Form2.cs(92,17): warning CA1416: Se puede acceder a este sitio de llamada en todas las plataformas. "Control.Enabled" solo se admite en "windows" 6.1 y versiones posteriores. (https://learn.microsoft.com/dotnet/fundamentals/code-analysis/quality-rules/ca1416) [D:\Programacion\File Wizard\File Wizard\File Wizard.csproj]
D:\Programacion\File Wizard\File Wizard\Form2.cs(65,21): warning CA1416: Se puede acceder a este sitio de llamada en todas las plataformas. "Control.Enabled" solo se admite en "windows" 6.1 y versiones posteriores. (https://learn.microsoft.com/dotnet/fundamentals/code-analysis/quality-rules/ca1416) [D:\Programacion\File Wizard\File Wizard\File Wizard.csproj]
D:\Programacion\File Wizard\File Wizard\Form2.cs(80,21): warning CA1416: Se puede acceder a este sitio de llamada en todas las plataformas. "ButtonBase.BackColor" solo se admite en "windows" 6.1 y versiones posteriores. (https://learn.microsoft.com/dotnet/fundamentals/code-analysis/quality-rules/ca1416) [D:\Programacion\File Wizard\File Wizard\File Wizard.csproj]
D:\Programacion\File Wizard\File Wizard\Form2.cs(59,21): warning CA1416: Se puede acceder a este sitio de llamada en todas las plataformas. "Label.Text" solo se admite en "windows" 6.1 y versiones posteriores. (https://learn.microsoft.com/dotnet/fundamentals/code-analysis/quality-rules/ca1416) [D:\Programacion\File Wizard\File Wizard\File Wizard.csproj]
D:\Programacion\File Wizard\File Wizard\Form2.cs(66,21): warning CA1416: Se puede acceder a este sitio de llamada en todas las plataformas. "ButtonBase.BackColor" solo se admite en "windows" 6.1 y versiones posteriores. (https://learn.microsoft.com/dotnet/fundamentals/code-analysis/quality-rules/ca1416) [D:\Programacion\File Wizard\File Wizard\File Wizard.csproj]
D:\Programacion\File Wizard\File Wizard\Form2.cs(72,21): warning CA1416: Se puede acceder a este sitio de llamada en todas las plataformas. "MessageBox.Show(string?)" solo se admite en "windows" 6.1 y versiones posteriores. (https://learn.microsoft.com/dotnet/fundamentals/code-analysis/quality-rules/ca1416) [D:\Programacion\File Wizard\File Wizard\File Wizard.csproj]
D:\Programacion\File Wizard\File Wizard\Form2.cs(64,21): warning CA1416: Se puede acceder a este sitio de llamada en todas las plataformas. "ButtonBase.BackColor" solo se admite en "windows" 6.1 y versiones posteriores. (https://learn.microsoft.com/dotnet/fundamentals/code-analysis/quality-rules/ca1416) [D:\Programacion\File Wizard\File Wizard\File Wizard.csproj]
D:\Programacion\File Wizard\File Wizard\Form2.cs(121,17): warning CA1416: Se puede acceder a este sitio de llamada en todas las plataformas. "TextBox.Text" solo se admite en "windows" 6.1 y versiones posteriores. (https://learn.microsoft.com/dotnet/fundamentals/code-analysis/quality-rules/ca1416) [D:\Programacion\File Wizard\File Wizard\File Wizard.csproj]
D:\Programacion\File Wizard\File Wizard\Form2.cs(77,21): warning CA1416: Se puede acceder a este sitio de llamada en todas las plataformas. "Control.Enabled" solo se admite en "windows" 6.1 y versiones posteriores. (https://learn.microsoft.com/dotnet/fundamentals/code-analysis/quality-rules/ca1416) [D:\Programacion\File Wizard\File Wizard\File Wizard.csproj]
D:\Programacion\File Wizard\File Wizard\Form2.cs(113,17): warning CA1416: Se puede acceder a este sitio de llamada en todas las plataformas. "MessageBox.Show(string?)" solo se admite en "windows" 6.1 y versiones posteriores. (https://learn.microsoft.com/dotnet/fundamentals/code-analysis/quality-rules/ca1416) [D:\Programacion\File Wizard\File Wizard\File Wizard.csproj]
D:\Programacion\File Wizard\File Wizard\Form2.cs(123,17): warning CA1416: Se puede acceder a este sitio de llamada en todas las plataformas. "MessageBox.Show(string?)" solo se admite en "windows" 6.1 y versiones posteriores. (https://learn.microsoft.com/dotnet/fundamentals/code-analysis/quality-rules/ca1416) [D:\Programacion\File Wizard\File Wizard\File Wizard.csproj]
D:\Programacion\File Wizard\File Wizard\Form2.cs(78,21): warning CA1416: Se puede acceder a este sitio de llamada en todas las plataformas. "ButtonBase.BackColor" solo se admite en "windows" 6.1 y versiones posteriores. (https://learn.microsoft.com/dotnet/fundamentals/code-analysis/quality-rules/ca1416) [D:\Programacion\File Wizard\File Wizard\File Wizard.csproj]
D:\Programacion\File Wizard\File Wizard\Form2.cs(131,17): warning CA1416: Se puede acceder a este sitio de llamada en todas las plataformas. "Control.Invoke(Action)" solo se admite en "windows" 6.1 y versiones posteriores. (https://learn.microsoft.com/dotnet/fundamentals/code-analysis/quality-rules/ca1416) [D:\Programacion\File Wizard\File Wizard\File Wizard.csproj]
D:\Programacion\File Wizard\File Wizard\Form2.cs(118,17): warning CA1416: Se puede acceder a este sitio de llamada en todas las plataformas. "MessageBox.Show(string?)" solo se admite en "windows" 6.1 y versiones posteriores. (https://learn.microsoft.com/dotnet/fundamentals/code-analysis/quality-rules/ca1416) [D:\Programacion\File Wizard\File Wizard\File Wizard.csproj]
D:\Programacion\File Wizard\File Wizard\Form2.cs(116,43): warning CA1416: Se puede acceder a este sitio de llamada en todas las plataformas. "TextBox.Text" solo se admite en "windows" 6.1 y versiones posteriores. (https://learn.microsoft.com/dotnet/fundamentals/code-analysis/quality-rules/ca1416) [D:\Programacion\File Wizard\File Wizard\File Wizard.csproj]
D:\Programacion\File Wizard\File Wizard\Form3.cs(125,67): warning CA1416: Se puede acceder a este sitio de llamada en todas las plataformas. "TextBox.Text" solo se admite en "windows" 6.1 y versiones posteriores. (https://learn.microsoft.com/dotnet/fundamentals/code-analysis/quality-rules/ca1416) [D:\Programacion\File Wizard\File Wizard\File Wizard.csproj]
D:\Programacion\File Wizard\File Wizard\Form3.cs(135,17): warning CA1416: Se puede acceder a este sitio de llamada en todas las plataformas. "Control.Invoke(Action)" solo se admite en "windows" 6.1 y versiones posteriores. (https://learn.microsoft.com/dotnet/fundamentals/code-analysis/quality-rules/ca1416) [D:\Programacion\File Wizard\File Wizard\File Wizard.csproj]
D:\Programacion\File Wizard\File Wizard\Form3.cs(125,17): warning CA1416: Se puede acceder a este sitio de llamada en todas las plataformas. "RadioButton.Checked" solo se admite en "windows" 6.1 y versiones posteriores. (https://learn.microsoft.com/dotnet/fundamentals/code-analysis/quality-rules/ca1416) [D:\Programacion\File Wizard\File Wizard\File Wizard.csproj]
D:\Programacion\File Wizard\File Wizard\Form3.cs(115,43): warning CA1416: Se puede acceder a este sitio de llamada en todas las plataformas. "TextBox.Text" solo se admite en "windows" 6.1 y versiones posteriores. (https://learn.microsoft.com/dotnet/fundamentals/code-analysis/quality-rules/ca1416) [D:\Programacion\File Wizard\File Wizard\File Wizard.csproj]
D:\Programacion\File Wizard\File Wizard\Form3.cs(127,17): warning CA1416: Se puede acceder a este sitio de llamada en todas las plataformas. "MessageBox.Show(string?)" solo se admite en "windows" 6.1 y versiones posteriores. (https://learn.microsoft.com/dotnet/fundamentals/code-analysis/quality-rules/ca1416) [D:\Programacion\File Wizard\File Wizard\File Wizard.csproj]
D:\Programacion\File Wizard\File Wizard\Form3.cs(120,17): warning CA1416: Se puede acceder a este sitio de llamada en todas las plataformas. "TextBox.Text" solo se admite en "windows" 6.1 y versiones posteriores. (https://learn.microsoft.com/dotnet/fundamentals/code-analysis/quality-rules/ca1416) [D:\Programacion\File Wizard\File Wizard\File Wizard.csproj]
D:\Programacion\File Wizard\File Wizard\Form3.cs(112,17): warning CA1416: Se puede acceder a este sitio de llamada en todas las plataformas. "MessageBox.Show(string?)" solo se admite en "windows" 6.1 y versiones posteriores. (https://learn.microsoft.com/dotnet/fundamentals/code-analysis/quality-rules/ca1416) [D:\Programacion\File Wizard\File Wizard\File Wizard.csproj]
D:\Programacion\File Wizard\File Wizard\Form3.cs(122,17): warning CA1416: Se puede acceder a este sitio de llamada en todas las plataformas. "MessageBox.Show(string?)" solo se admite en "windows" 6.1 y versiones posteriores. (https://learn.microsoft.com/dotnet/fundamentals/code-analysis/quality-rules/ca1416) [D:\Programacion\File Wizard\File Wizard\File Wizard.csproj]
D:\Programacion\File Wizard\File Wizard\Form3.cs(117,17): warning CA1416: Se puede acceder a este sitio de llamada en todas las plataformas. "MessageBox.Show(string?)" solo se admite en "windows" 6.1 y versiones posteriores. (https://learn.microsoft.com/dotnet/fundamentals/code-analysis/quality-rules/ca1416) [D:\Programacion\File Wizard\File Wizard\File Wizard.csproj]
D:\Programacion\File Wizard\File Wizard\Form4.cs(111,17): warning CA1416: Se puede acceder a este sitio de llamada en todas las plataformas. "MessageBox.Show(string?)" solo se admite en "windows" 6.1 y versiones posteriores. (https://learn.microsoft.com/dotnet/fundamentals/code-analysis/quality-rules/ca1416) [D:\Programacion\File Wizard\File Wizard\File Wizard.csproj]
D:\Programacion\File Wizard\File Wizard\Form4.cs(119,30): warning CA1416: Se puede acceder a este sitio de llamada en todas las plataformas. "TextBox.Text" solo se admite en "windows" 6.1 y versiones posteriores. (https://learn.microsoft.com/dotnet/fundamentals/code-analysis/quality-rules/ca1416) [D:\Programacion\File Wizard\File Wizard\File Wizard.csproj]
D:\Programacion\File Wizard\File Wizard\Form4.cs(104,18): warning CA1416: Se puede acceder a este sitio de llamada en todas las plataformas. "RadioButton.Checked" solo se admite en "windows" 6.1 y versiones posteriores. (https://learn.microsoft.com/dotnet/fundamentals/code-analysis/quality-rules/ca1416) [D:\Programacion\File Wizard\File Wizard\File Wizard.csproj]
D:\Programacion\File Wizard\File Wizard\Form4.cs(116,17): warning CA1416: Se puede acceder a este sitio de llamada en todas las plataformas. "MessageBox.Show(string?)" solo se admite en "windows" 6.1 y versiones posteriores. (https://learn.microsoft.com/dotnet/fundamentals/code-analysis/quality-rules/ca1416) [D:\Programacion\File Wizard\File Wizard\File Wizard.csproj]
D:\Programacion\File Wizard\File Wizard\Form4.cs(101,17): warning CA1416: Se puede acceder a este sitio de llamada en todas las plataformas. "MessageBox.Show(string?)" solo se admite en "windows" 6.1 y versiones posteriores. (https://learn.microsoft.com/dotnet/fundamentals/code-analysis/quality-rules/ca1416) [D:\Programacion\File Wizard\File Wizard\File Wizard.csproj]
D:\Programacion\File Wizard\File Wizard\Form4.cs(132,17): warning CA1416: Se puede acceder a este sitio de llamada en todas las plataformas. "MessageBox.Show(string?)" solo se admite en "windows" 6.1 y versiones posteriores. (https://learn.microsoft.com/dotnet/fundamentals/code-analysis/quality-rules/ca1416) [D:\Programacion\File Wizard\File Wizard\File Wizard.csproj]
D:\Programacion\File Wizard\File Wizard\Form4.cs(106,17): warning CA1416: Se puede acceder a este sitio de llamada en todas las plataformas. "MessageBox.Show(string?)" solo se admite en "windows" 6.1 y versiones posteriores. (https://learn.microsoft.com/dotnet/fundamentals/code-analysis/quality-rules/ca1416) [D:\Programacion\File Wizard\File Wizard\File Wizard.csproj]
D:\Programacion\File Wizard\File Wizard\Form4.cs(122,17): warning CA1416: Se puede acceder a este sitio de llamada en todas las plataformas. "MessageBox.Show(string?)" solo se admite en "windows" 6.1 y versiones posteriores. (https://learn.microsoft.com/dotnet/fundamentals/code-analysis/quality-rules/ca1416) [D:\Programacion\File Wizard\File Wizard\File Wizard.csproj]
D:\Programacion\File Wizard\File Wizard\Form4.cs(104,43): warning CA1416: Se puede acceder a este sitio de llamada en todas las plataformas. "RadioButton.Checked" solo se admite en "windows" 6.1 y versiones posteriores. (https://learn.microsoft.com/dotnet/fundamentals/code-analysis/quality-rules/ca1416) [D:\Programacion\File Wizard\File Wizard\File Wizard.csproj]
D:\Programacion\File Wizard\File Wizard\Form4.cs(125,48): warning CA1416: Se puede acceder a este sitio de llamada en todas las plataformas. "TextBox.Text" solo se admite en "windows" 6.1 y versiones posteriores. (https://learn.microsoft.com/dotnet/fundamentals/code-analysis/quality-rules/ca1416) [D:\Programacion\File Wizard\File Wizard\File Wizard.csproj]
D:\Programacion\File Wizard\File Wizard\Form4.cs(109,43): warning CA1416: Se puede acceder a este sitio de llamada en todas las plataformas. "TextBox.Text" solo se admite en "windows" 6.1 y versiones posteriores. (https://learn.microsoft.com/dotnet/fundamentals/code-analysis/quality-rules/ca1416) [D:\Programacion\File Wizard\File Wizard\File Wizard.csproj]
D:\Programacion\File Wizard\File Wizard\Form4.cs(114,17): warning CA1416: Se puede acceder a este sitio de llamada en todas las plataformas. "TextBox.Text" solo se admite en "windows" 6.1 y versiones posteriores. (https://learn.microsoft.com/dotnet/fundamentals/code-analysis/quality-rules/ca1416) [D:\Programacion\File Wizard\File Wizard\File Wizard.csproj]
D:\Programacion\File Wizard\File Wizard\Form4.cs(206,29): warning CA1416: Se puede acceder a este sitio de llamada en todas las plataformas. "MessageBox.Show(string?)" solo se admite en "windows" 6.1 y versiones posteriores. (https://learn.microsoft.com/dotnet/fundamentals/code-analysis/quality-rules/ca1416) [D:\Programacion\File Wizard\File Wizard\File Wizard.csproj]
D:\Programacion\File Wizard\File Wizard\Form4.cs(141,17): warning CA1416: Se puede acceder a este sitio de llamada en todas las plataformas. "RadioButton.Checked" solo se admite en "windows" 6.1 y versiones posteriores. (https://learn.microsoft.com/dotnet/fundamentals/code-analysis/quality-rules/ca1416) [D:\Programacion\File Wizard\File Wizard\File Wizard.csproj]
D:\Programacion\File Wizard\File Wizard\Form4.cs(223,17): warning CA1416: Se puede acceder a este sitio de llamada en todas las plataformas. "MessageBox.Show(string?)" solo se admite en "windows" 6.1 y versiones posteriores. (https://learn.microsoft.com/dotnet/fundamentals/code-analysis/quality-rules/ca1416) [D:\Programacion\File Wizard\File Wizard\File Wizard.csproj]
D:\Programacion\File Wizard\File Wizard\Form4.cs(214,21): warning CA1416: Se puede acceder a este sitio de llamada en todas las plataformas. "MessageBox.Show(string?)" solo se admite en "windows" 6.1 y versiones posteriores. (https://learn.microsoft.com/dotnet/fundamentals/code-analysis/quality-rules/ca1416) [D:\Programacion\File Wizard\File Wizard\File Wizard.csproj]
D:\Programacion\File Wizard\File Wizard\Form4.cs(204,109): warning CA1416: Se puede acceder a este sitio de llamada en todas las plataformas. "MessageBoxButtons.YesNo" solo se admite en "windows" 6.1 y versiones posteriores. (https://learn.microsoft.com/dotnet/fundamentals/code-analysis/quality-rules/ca1416) [D:\Programacion\File Wizard\File Wizard\File Wizard.csproj]
D:\Programacion\File Wizard\File Wizard\Form4.cs(204,29): warning CA1416: Se puede acceder a este sitio de llamada en todas las plataformas. "MessageBox.Show(string?, string?, MessageBoxButtons)" solo se admite en "windows" 6.1 y versiones posteriores. (https://learn.microsoft.com/dotnet/fundamentals/code-analysis/quality-rules/ca1416) [D:\Programacion\File Wizard\File Wizard\File Wizard.csproj]
D:\Programacion\File Wizard\File Wizard\Form4.cs(218,21): warning CA1416: Se puede acceder a este sitio de llamada en todas las plataformas. "MessageBox.Show(string?)" solo se admite en "windows" 6.1 y versiones posteriores. (https://learn.microsoft.com/dotnet/fundamentals/code-analysis/quality-rules/ca1416) [D:\Programacion\File Wizard\File Wizard\File Wizard.csproj]
D:\Programacion\File Wizard\File Wizard\Form4.cs(309,25): warning CA1416: Se puede acceder a este sitio de llamada en todas las plataformas. "MessageBox.Show(string?, string?, MessageBoxButtons)" solo se admite en "windows" 6.1 y versiones posteriores. (https://learn.microsoft.com/dotnet/fundamentals/code-analysis/quality-rules/ca1416) [D:\Programacion\File Wizard\File Wizard\File Wizard.csproj]
D:\Programacion\File Wizard\File Wizard\Form4.cs(326,17): warning CA1416: Se puede acceder a este sitio de llamada en todas las plataformas. "MessageBox.Show(string?)" solo se admite en "windows" 6.1 y versiones posteriores. (https://learn.microsoft.com/dotnet/fundamentals/code-analysis/quality-rules/ca1416) [D:\Programacion\File Wizard\File Wizard\File Wizard.csproj]
D:\Programacion\File Wizard\File Wizard\Form4.cs(309,105): warning CA1416: Se puede acceder a este sitio de llamada en todas las plataformas. "MessageBoxButtons.YesNo" solo se admite en "windows" 6.1 y versiones posteriores. (https://learn.microsoft.com/dotnet/fundamentals/code-analysis/quality-rules/ca1416) [D:\Programacion\File Wizard\File Wizard\File Wizard.csproj]
D:\Programacion\File Wizard\File Wizard\Form4.cs(312,25): warning CA1416: Se puede acceder a este sitio de llamada en todas las plataformas. "MessageBox.Show(string?)" solo se admite en "windows" 6.1 y versiones posteriores. (https://learn.microsoft.com/dotnet/fundamentals/code-analysis/quality-rules/ca1416) [D:\Programacion\File Wizard\File Wizard\File Wizard.csproj]
D:\Programacion\File Wizard\File Wizard\Form4.cs(321,17): warning CA1416: Se puede acceder a este sitio de llamada en todas las plataformas. "MessageBox.Show(string?)" solo se admite en "windows" 6.1 y versiones posteriores. (https://learn.microsoft.com/dotnet/fundamentals/code-analysis/quality-rules/ca1416) [D:\Programacion\File Wizard\File Wizard\File Wizard.csproj]
D:\Programacion\File Wizard\File Wizard\Form4.cs(337,43): warning CA1416: Se puede acceder a este sitio de llamada en todas las plataformas. "TextBox.Text" solo se admite en "windows" 6.1 y versiones posteriores. (https://learn.microsoft.com/dotnet/fundamentals/code-analysis/quality-rules/ca1416) [D:\Programacion\File Wizard\File Wizard\File Wizard.csproj]
D:\Programacion\File Wizard\File Wizard\Form4.cs(351,51): warning CA1416: Se puede acceder a este sitio de llamada en todas las plataformas. "TextBox.Text" solo se admite en "windows" 6.1 y versiones posteriores. (https://learn.microsoft.com/dotnet/fundamentals/code-analysis/quality-rules/ca1416) [D:\Programacion\File Wizard\File Wizard\File Wizard.csproj]
D:\Programacion\File Wizard\File Wizard\Form4.cs(344,17): warning CA1416: Se puede acceder a este sitio de llamada en todas las plataformas. "MessageBox.Show(string?)" solo se admite en "windows" 6.1 y versiones posteriores. (https://learn.microsoft.com/dotnet/fundamentals/code-analysis/quality-rules/ca1416) [D:\Programacion\File Wizard\File Wizard\File Wizard.csproj]
D:\Programacion\File Wizard\File Wizard\Form4.cs(347,41): warning CA1416: Se puede acceder a este sitio de llamada en todas las plataformas. "TextBox.Text" solo se admite en "windows" 6.1 y versiones posteriores. (https://learn.microsoft.com/dotnet/fundamentals/code-analysis/quality-rules/ca1416) [D:\Programacion\File Wizard\File Wizard\File Wizard.csproj]
D:\Programacion\File Wizard\File Wizard\Form4.cs(334,17): warning CA1416: Se puede acceder a este sitio de llamada en todas las plataformas. "MessageBox.Show(string?)" solo se admite en "windows" 6.1 y versiones posteriores. (https://learn.microsoft.com/dotnet/fundamentals/code-analysis/quality-rules/ca1416) [D:\Programacion\File Wizard\File Wizard\File Wizard.csproj]
D:\Programacion\File Wizard\File Wizard\Form4.cs(363,21): warning CA1416: Se puede acceder a este sitio de llamada en todas las plataformas. "TextBoxBase.Clear()" solo se admite en "windows" 6.1 y versiones posteriores. (https://learn.microsoft.com/dotnet/fundamentals/code-analysis/quality-rules/ca1416) [D:\Programacion\File Wizard\File Wizard\File Wizard.csproj]
D:\Programacion\File Wizard\File Wizard\Form4.cs(342,17): warning CA1416: Se puede acceder a este sitio de llamada en todas las plataformas. "TextBox.Text" solo se admite en "windows" 6.1 y versiones posteriores. (https://learn.microsoft.com/dotnet/fundamentals/code-analysis/quality-rules/ca1416) [D:\Programacion\File Wizard\File Wizard\File Wizard.csproj]
D:\Programacion\File Wizard\File Wizard\Form4.cs(368,17): warning CA1416: Se puede acceder a este sitio de llamada en todas las plataformas. "MessageBox.Show(string?)" solo se admite en "windows" 6.1 y versiones posteriores. (https://learn.microsoft.com/dotnet/fundamentals/code-analysis/quality-rules/ca1416) [D:\Programacion\File Wizard\File Wizard\File Wizard.csproj]
D:\Programacion\File Wizard\File Wizard\Form4.cs(352,57): warning CA1416: Se puede acceder a este sitio de llamada en todas las plataformas. "TextBox.Text" solo se admite en "windows" 6.1 y versiones posteriores. (https://learn.microsoft.com/dotnet/fundamentals/code-analysis/quality-rules/ca1416) [D:\Programacion\File Wizard\File Wizard\File Wizard.csproj]
D:\Programacion\File Wizard\File Wizard\Form4.cs(339,17): warning CA1416: Se puede acceder a este sitio de llamada en todas las plataformas. "MessageBox.Show(string?)" solo se admite en "windows" 6.1 y versiones posteriores. (https://learn.microsoft.com/dotnet/fundamentals/code-analysis/quality-rules/ca1416) [D:\Programacion\File Wizard\File Wizard\File Wizard.csproj]
D:\Programacion\File Wizard\File Wizard\Form4.cs(355,21): warning CA1416: Se puede acceder a este sitio de llamada en todas las plataformas. "MessageBox.Show(string?)" solo se admite en "windows" 6.1 y versiones posteriores. (https://learn.microsoft.com/dotnet/fundamentals/code-analysis/quality-rules/ca1416) [D:\Programacion\File Wizard\File Wizard\File Wizard.csproj]
D:\Programacion\File Wizard\File Wizard\Form4.cs(281,17): warning CA1416: Se puede acceder a este sitio de llamada en todas las plataformas. "TextBoxBase.SelectionStart" solo se admite en "windows" 6.1 y versiones posteriores. (https://learn.microsoft.com/dotnet/fundamentals/code-analysis/quality-rules/ca1416) [D:\Programacion\File Wizard\File Wizard\File Wizard.csproj]
D:\Programacion\File Wizard\File Wizard\Form4.cs(250,55): warning CA1416: Se puede acceder a este sitio de llamada en todas las plataformas. "TextBox.Text" solo se admite en "windows" 6.1 y versiones posteriores. (https://learn.microsoft.com/dotnet/fundamentals/code-analysis/quality-rules/ca1416) [D:\Programacion\File Wizard\File Wizard\File Wizard.csproj]
D:\Programacion\File Wizard\File Wizard\Form4.cs(280,17): warning CA1416: Se puede acceder a este sitio de llamada en todas las plataformas. "TextBox.Text" solo se admite en "windows" 6.1 y versiones posteriores. (https://learn.microsoft.com/dotnet/fundamentals/code-analysis/quality-rules/ca1416) [D:\Programacion\File Wizard\File Wizard\File Wizard.csproj]
D:\Programacion\File Wizard\File Wizard\Form4.cs(263,25): warning CA1416: Se puede acceder a este sitio de llamada en todas las plataformas. "TextBoxBase.Clear()" solo se admite en "windows" 6.1 y versiones posteriores. (https://learn.microsoft.com/dotnet/fundamentals/code-analysis/quality-rules/ca1416) [D:\Programacion\File Wizard\File Wizard\File Wizard.csproj]
D:\Programacion\File Wizard\File Wizard\Form4.cs(246,45): warning CA1416: Se puede acceder a este sitio de llamada en todas las plataformas. "TextBox.Text" solo se admite en "windows" 6.1 y versiones posteriores. (https://learn.microsoft.com/dotnet/fundamentals/code-analysis/quality-rules/ca1416) [D:\Programacion\File Wizard\File Wizard\File Wizard.csproj]
D:\Programacion\File Wizard\File Wizard\Form4.cs(241,21): warning CA1416: Se puede acceder a este sitio de llamada en todas las plataformas. "TextBox.Text" solo se admite en "windows" 6.1 y versiones posteriores. (https://learn.microsoft.com/dotnet/fundamentals/code-analysis/quality-rules/ca1416) [D:\Programacion\File Wizard\File Wizard\File Wizard.csproj]
D:\Programacion\File Wizard\File Wizard\Form4.cs(243,21): warning CA1416: Se puede acceder a este sitio de llamada en todas las plataformas. "MessageBox.Show(string?)" solo se admite en "windows" 6.1 y versiones posteriores. (https://learn.microsoft.com/dotnet/fundamentals/code-analysis/quality-rules/ca1416) [D:\Programacion\File Wizard\File Wizard\File Wizard.csproj]
D:\Programacion\File Wizard\File Wizard\Form4.cs(284,22): warning CA1416: Se puede acceder a este sitio de llamada en todas las plataformas. "KeyEventArgs.KeyCode" solo se admite en "windows" 6.1 y versiones posteriores. (https://learn.microsoft.com/dotnet/fundamentals/code-analysis/quality-rules/ca1416) [D:\Programacion\File Wizard\File Wizard\File Wizard.csproj]
D:\Programacion\File Wizard\File Wizard\Form4.cs(297,21): warning CA1416: Se puede acceder a este sitio de llamada en todas las plataformas. "TextBoxBase.SelectionStart" solo se admite en "windows" 6.1 y versiones posteriores. (https://learn.microsoft.com/dotnet/fundamentals/code-analysis/quality-rules/ca1416) [D:\Programacion\File Wizard\File Wizard\File Wizard.csproj]
D:\Programacion\File Wizard\File Wizard\Form4.cs(254,25): warning CA1416: Se puede acceder a este sitio de llamada en todas las plataformas. "MessageBox.Show(string?)" solo se admite en "windows" 6.1 y versiones posteriores. (https://learn.microsoft.com/dotnet/fundamentals/code-analysis/quality-rules/ca1416) [D:\Programacion\File Wizard\File Wizard\File Wizard.csproj]
D:\Programacion\File Wizard\File Wizard\Form4.cs(233,21): warning CA1416: Se puede acceder a este sitio de llamada en todas las plataformas. "MessageBox.Show(string?)" solo se admite en "windows" 6.1 y versiones posteriores. (https://learn.microsoft.com/dotnet/fundamentals/code-analysis/quality-rules/ca1416) [D:\Programacion\File Wizard\File Wizard\File Wizard.csproj]
D:\Programacion\File Wizard\File Wizard\Form4.cs(281,43): warning CA1416: Se puede acceder a este sitio de llamada en todas las plataformas. "TextBox.Text" solo se admite en "windows" 6.1 y versiones posteriores. (https://learn.microsoft.com/dotnet/fundamentals/code-analysis/quality-rules/ca1416) [D:\Programacion\File Wizard\File Wizard\File Wizard.csproj]
D:\Programacion\File Wizard\File Wizard\Form4.cs(296,21): warning CA1416: Se puede acceder a este sitio de llamada en todas las plataformas. "TextBox.Text" solo se admite en "windows" 6.1 y versiones posteriores. (https://learn.microsoft.com/dotnet/fundamentals/code-analysis/quality-rules/ca1416) [D:\Programacion\File Wizard\File Wizard\File Wizard.csproj]
D:\Programacion\File Wizard\File Wizard\Form4.cs(299,17): warning CA1416: Se puede acceder a este sitio de llamada en todas las plataformas. "KeyEventArgs.SuppressKeyPress" solo se admite en "windows" 6.1 y versiones posteriores. (https://learn.microsoft.com/dotnet/fundamentals/code-analysis/quality-rules/ca1416) [D:\Programacion\File Wizard\File Wizard\File Wizard.csproj]
D:\Programacion\File Wizard\File Wizard\Form4.cs(268,21): warning CA1416: Se puede acceder a este sitio de llamada en todas las plataformas. "MessageBox.Show(string?)" solo se admite en "windows" 6.1 y versiones posteriores. (https://learn.microsoft.com/dotnet/fundamentals/code-analysis/quality-rules/ca1416) [D:\Programacion\File Wizard\File Wizard\File Wizard.csproj]
D:\Programacion\File Wizard\File Wizard\Form4.cs(238,21): warning CA1416: Se puede acceder a este sitio de llamada en todas las plataformas. "MessageBox.Show(string?)" solo se admite en "windows" 6.1 y versiones posteriores. (https://learn.microsoft.com/dotnet/fundamentals/code-analysis/quality-rules/ca1416) [D:\Programacion\File Wizard\File Wizard\File Wizard.csproj]
D:\Programacion\File Wizard\File Wizard\Form4.cs(272,22): warning CA1416: Se puede acceder a este sitio de llamada en todas las plataformas. "KeyEventArgs.KeyCode" solo se admite en "windows" 6.1 y versiones posteriores. (https://learn.microsoft.com/dotnet/fundamentals/code-analysis/quality-rules/ca1416) [D:\Programacion\File Wizard\File Wizard\File Wizard.csproj]
D:\Programacion\File Wizard\File Wizard\Form4.cs(251,61): warning CA1416: Se puede acceder a este sitio de llamada en todas las plataformas. "TextBox.Text" solo se admite en "windows" 6.1 y versiones posteriores. (https://learn.microsoft.com/dotnet/fundamentals/code-analysis/quality-rules/ca1416) [D:\Programacion\File Wizard\File Wizard\File Wizard.csproj]
D:\Programacion\File Wizard\File Wizard\Form4.cs(260,25): warning CA1416: Se puede acceder a este sitio de llamada en todas las plataformas. "KeyEventArgs.SuppressKeyPress" solo se admite en "windows" 6.1 y versiones posteriores. (https://learn.microsoft.com/dotnet/fundamentals/code-analysis/quality-rules/ca1416) [D:\Programacion\File Wizard\File Wizard\File Wizard.csproj]
D:\Programacion\File Wizard\File Wizard\Form4.cs(282,17): warning CA1416: Se puede acceder a este sitio de llamada en todas las plataformas. "KeyEventArgs.SuppressKeyPress" solo se admite en "windows" 6.1 y versiones posteriores. (https://learn.microsoft.com/dotnet/fundamentals/code-analysis/quality-rules/ca1416) [D:\Programacion\File Wizard\File Wizard\File Wizard.csproj]
D:\Programacion\File Wizard\File Wizard\Form4.cs(236,47): warning CA1416: Se puede acceder a este sitio de llamada en todas las plataformas. "TextBox.Text" solo se admite en "windows" 6.1 y versiones posteriores. (https://learn.microsoft.com/dotnet/fundamentals/code-analysis/quality-rules/ca1416) [D:\Programacion\File Wizard\File Wizard\File Wizard.csproj]
D:\Programacion\File Wizard\File Wizard\Form4.cs(229,17): warning CA1416: Se puede acceder a este sitio de llamada en todas las plataformas. "KeyEventArgs.KeyCode" solo se admite en "windows" 6.1 y versiones posteriores. (https://learn.microsoft.com/dotnet/fundamentals/code-analysis/quality-rules/ca1416) [D:\Programacion\File Wizard\File Wizard\File Wizard.csproj]
D:\Programacion\File Wizard\File Wizard\Form4.cs(297,47): warning CA1416: Se puede acceder a este sitio de llamada en todas las plataformas. "TextBox.Text" solo se admite en "windows" 6.1 y versiones posteriores. (https://learn.microsoft.com/dotnet/fundamentals/code-analysis/quality-rules/ca1416) [D:\Programacion\File Wizard\File Wizard\File Wizard.csproj]
D:\Programacion\File Wizard\File Wizard\Form4.cs(292,21): warning CA1416: Se puede acceder a este sitio de llamada en todas las plataformas. "TextBoxBase.Clear()" solo se admite en "windows" 6.1 y versiones posteriores. (https://learn.microsoft.com/dotnet/fundamentals/code-analysis/quality-rules/ca1416) [D:\Programacion\File Wizard\File Wizard\File Wizard.csproj]
D:\Programacion\File Wizard\File Wizard\Form3.cs(607,13): warning CA1416: Se puede acceder a este sitio de llamada en todas las plataformas. "MessageBox.Show(string?)" solo se admite en "windows" 6.1 y versiones posteriores. (https://learn.microsoft.com/dotnet/fundamentals/code-analysis/quality-rules/ca1416) [D:\Programacion\File Wizard\File Wizard\File Wizard.csproj]
D:\Programacion\File Wizard\File Wizard\Form2.cs(525,21): warning CA1416: Se puede acceder a este sitio de llamada en todas las plataformas. "Control.Enabled" solo se admite en "windows" 6.1 y versiones posteriores. (https://learn.microsoft.com/dotnet/fundamentals/code-analysis/quality-rules/ca1416) [D:\Programacion\File Wizard\File Wizard\File Wizard.csproj]
D:\Programacion\File Wizard\File Wizard\Form2.cs(518,21): warning CA1416: Se puede acceder a este sitio de llamada en todas las plataformas. "Timer.Stop()" solo se admite en "windows" 6.1 y versiones posteriores. (https://learn.microsoft.com/dotnet/fundamentals/code-analysis/quality-rules/ca1416) [D:\Programacion\File Wizard\File Wizard\File Wizard.csproj]
D:\Programacion\File Wizard\File Wizard\Form2.cs(523,21): warning CA1416: Se puede acceder a este sitio de llamada en todas las plataformas. "Control.Enabled" solo se admite en "windows" 6.1 y versiones posteriores. (https://learn.microsoft.com/dotnet/fundamentals/code-analysis/quality-rules/ca1416) [D:\Programacion\File Wizard\File Wizard\File Wizard.csproj]
D:\Programacion\File Wizard\File Wizard\Form2.cs(526,21): warning CA1416: Se puede acceder a este sitio de llamada en todas las plataformas. "ButtonBase.BackColor" solo se admite en "windows" 6.1 y versiones posteriores. (https://learn.microsoft.com/dotnet/fundamentals/code-analysis/quality-rules/ca1416) [D:\Programacion\File Wizard\File Wizard\File Wizard.csproj]
D:\Programacion\File Wizard\File Wizard\Form2.cs(524,21): warning CA1416: Se puede acceder a este sitio de llamada en todas las plataformas. "ButtonBase.BackColor" solo se admite en "windows" 6.1 y versiones posteriores. (https://learn.microsoft.com/dotnet/fundamentals/code-analysis/quality-rules/ca1416) [D:\Programacion\File Wizard\File Wizard\File Wizard.csproj]
D:\Programacion\File Wizard\File Wizard\Form2.cs(522,21): warning CA1416: Se puede acceder a este sitio de llamada en todas las plataformas. "Control.BackColor" solo se admite en "windows" 6.1 y versiones posteriores. (https://learn.microsoft.com/dotnet/fundamentals/code-analysis/quality-rules/ca1416) [D:\Programacion\File Wizard\File Wizard\File Wizard.csproj]
D:\Programacion\File Wizard\File Wizard\Form2.cs(536,17): warning CA1416: Se puede acceder a este sitio de llamada en todas las plataformas. "Timer.Stop()" solo se admite en "windows" 6.1 y versiones posteriores. (https://learn.microsoft.com/dotnet/fundamentals/code-analysis/quality-rules/ca1416) [D:\Programacion\File Wizard\File Wizard\File Wizard.csproj]
D:\Programacion\File Wizard\File Wizard\Form2.cs(527,21): warning CA1416: Se puede acceder a este sitio de llamada en todas las plataformas. "Control.Enabled" solo se admite en "windows" 6.1 y versiones posteriores. (https://learn.microsoft.com/dotnet/fundamentals/code-analysis/quality-rules/ca1416) [D:\Programacion\File Wizard\File Wizard\File Wizard.csproj]
D:\Programacion\File Wizard\File Wizard\Form2.cs(530,21): warning CA1416: Se puede acceder a este sitio de llamada en todas las plataformas. "ButtonBase.BackColor" solo se admite en "windows" 6.1 y versiones posteriores. (https://learn.microsoft.com/dotnet/fundamentals/code-analysis/quality-rules/ca1416) [D:\Programacion\File Wizard\File Wizard\File Wizard.csproj]
D:\Programacion\File Wizard\File Wizard\Form2.cs(531,21): warning CA1416: Se puede acceder a este sitio de llamada en todas las plataformas. "MessageBox.Show(string?)" solo se admite en "windows" 6.1 y versiones posteriores. (https://learn.microsoft.com/dotnet/fundamentals/code-analysis/quality-rules/ca1416) [D:\Programacion\File Wizard\File Wizard\File Wizard.csproj]
D:\Programacion\File Wizard\File Wizard\Form2.cs(528,21): warning CA1416: Se puede acceder a este sitio de llamada en todas las plataformas. "ButtonBase.BackColor" solo se admite en "windows" 6.1 y versiones posteriores. (https://learn.microsoft.com/dotnet/fundamentals/code-analysis/quality-rules/ca1416) [D:\Programacion\File Wizard\File Wizard\File Wizard.csproj]
D:\Programacion\File Wizard\File Wizard\Form2.cs(521,21): warning CA1416: Se puede acceder a este sitio de llamada en todas las plataformas. "Label.Text" solo se admite en "windows" 6.1 y versiones posteriores. (https://learn.microsoft.com/dotnet/fundamentals/code-analysis/quality-rules/ca1416) [D:\Programacion\File Wizard\File Wizard\File Wizard.csproj]
D:\Programacion\File Wizard\File Wizard\Form2.cs(529,21): warning CA1416: Se puede acceder a este sitio de llamada en todas las plataformas. "Control.Enabled" solo se admite en "windows" 6.1 y versiones posteriores. (https://learn.microsoft.com/dotnet/fundamentals/code-analysis/quality-rules/ca1416) [D:\Programacion\File Wizard\File Wizard\File Wizard.csproj]
D:\Programacion\File Wizard\File Wizard\Form2.cs(520,21): warning CA1416: Se puede acceder a este sitio de llamada en todas las plataformas. "Label.Text" solo se admite en "windows" 6.1 y versiones posteriores. (https://learn.microsoft.com/dotnet/fundamentals/code-analysis/quality-rules/ca1416) [D:\Programacion\File Wizard\File Wizard\File Wizard.csproj]
D:\Programacion\File Wizard\File Wizard\Form2.cs(537,17): warning CA1416: Se puede acceder a este sitio de llamada en todas las plataformas. "MessageBox.Show(string?)" solo se admite en "windows" 6.1 y versiones posteriores. (https://learn.microsoft.com/dotnet/fundamentals/code-analysis/quality-rules/ca1416) [D:\Programacion\File Wizard\File Wizard\File Wizard.csproj]
D:\Programacion\File Wizard\File Wizard\Form3.cs(615,17): warning CA1416: Se puede acceder a este sitio de llamada en todas las plataformas. "Control.Visible" solo se admite en "windows" 6.1 y versiones posteriores. (https://learn.microsoft.com/dotnet/fundamentals/code-analysis/quality-rules/ca1416) [D:\Programacion\File Wizard\File Wizard\File Wizard.csproj]
D:\Programacion\File Wizard\File Wizard\Form3.cs(614,17): warning CA1416: Se puede acceder a este sitio de llamada en todas las plataformas. "TextBox.Text" solo se admite en "windows" 6.1 y versiones posteriores. (https://learn.microsoft.com/dotnet/fundamentals/code-analysis/quality-rules/ca1416) [D:\Programacion\File Wizard\File Wizard\File Wizard.csproj]
D:\Programacion\File Wizard\File Wizard\Form3.cs(612,17): warning CA1416: Se puede acceder a este sitio de llamada en todas las plataformas. "RadioButton.Checked" solo se admite en "windows" 6.1 y versiones posteriores. (https://learn.microsoft.com/dotnet/fundamentals/code-analysis/quality-rules/ca1416) [D:\Programacion\File Wizard\File Wizard\File Wizard.csproj]
D:\Programacion\File Wizard\File Wizard\Form3.cs(619,17): warning CA1416: Se puede acceder a este sitio de llamada en todas las plataformas. "Control.Visible" solo se admite en "windows" 6.1 y versiones posteriores. (https://learn.microsoft.com/dotnet/fundamentals/code-analysis/quality-rules/ca1416) [D:\Programacion\File Wizard\File Wizard\File Wizard.csproj]
D:\Programacion\File Wizard\File Wizard\Form2.cs(549,13): warning CA1416: Se puede acceder a este sitio de llamada en todas las plataformas. "MessageBox.Show(string?)" solo se admite en "windows" 6.1 y versiones posteriores. (https://learn.microsoft.com/dotnet/fundamentals/code-analysis/quality-rules/ca1416) [D:\Programacion\File Wizard\File Wizard\File Wizard.csproj]
D:\Programacion\File Wizard\File Wizard\Form3.cs(595,17): warning CA1416: Se puede acceder a este sitio de llamada en todas las plataformas. "MessageBox.Show(string?)" solo se admite en "windows" 6.1 y versiones posteriores. (https://learn.microsoft.com/dotnet/fundamentals/code-analysis/quality-rules/ca1416) [D:\Programacion\File Wizard\File Wizard\File Wizard.csproj]
D:\Programacion\File Wizard\File Wizard\Form3.cs(589,21): warning CA1416: Se puede acceder a este sitio de llamada en todas las plataformas. "MessageBox.Show(string?)" solo se admite en "windows" 6.1 y versiones posteriores. (https://learn.microsoft.com/dotnet/fundamentals/code-analysis/quality-rules/ca1416) [D:\Programacion\File Wizard\File Wizard\File Wizard.csproj]
D:\Programacion\File Wizard\File Wizard\Form3.cs(579,21): warning CA1416: Se puede acceder a este sitio de llamada en todas las plataformas. "Label.Text" solo se admite en "windows" 6.1 y versiones posteriores. (https://learn.microsoft.com/dotnet/fundamentals/code-analysis/quality-rules/ca1416) [D:\Programacion\File Wizard\File Wizard\File Wizard.csproj]
D:\Programacion\File Wizard\File Wizard\Form3.cs(576,21): warning CA1416: Se puede acceder a este sitio de llamada en todas las plataformas. "Timer.Stop()" solo se admite en "windows" 6.1 y versiones posteriores. (https://learn.microsoft.com/dotnet/fundamentals/code-analysis/quality-rules/ca1416) [D:\Programacion\File Wizard\File Wizard\File Wizard.csproj]
D:\Programacion\File Wizard\File Wizard\Form3.cs(584,21): warning CA1416: Se puede acceder a este sitio de llamada en todas las plataformas. "ButtonBase.BackColor" solo se admite en "windows" 6.1 y versiones posteriores. (https://learn.microsoft.com/dotnet/fundamentals/code-analysis/quality-rules/ca1416) [D:\Programacion\File Wizard\File Wizard\File Wizard.csproj]
D:\Programacion\File Wizard\File Wizard\Form3.cs(578,21): warning CA1416: Se puede acceder a este sitio de llamada en todas las plataformas. "Label.Text" solo se admite en "windows" 6.1 y versiones posteriores. (https://learn.microsoft.com/dotnet/fundamentals/code-analysis/quality-rules/ca1416) [D:\Programacion\File Wizard\File Wizard\File Wizard.csproj]
D:\Programacion\File Wizard\File Wizard\Form3.cs(582,21): warning CA1416: Se puede acceder a este sitio de llamada en todas las plataformas. "ButtonBase.BackColor" solo se admite en "windows" 6.1 y versiones posteriores. (https://learn.microsoft.com/dotnet/fundamentals/code-analysis/quality-rules/ca1416) [D:\Programacion\File Wizard\File Wizard\File Wizard.csproj]
D:\Programacion\File Wizard\File Wizard\Form3.cs(586,21): warning CA1416: Se puede acceder a este sitio de llamada en todas las plataformas. "ButtonBase.BackColor" solo se admite en "windows" 6.1 y versiones posteriores. (https://learn.microsoft.com/dotnet/fundamentals/code-analysis/quality-rules/ca1416) [D:\Programacion\File Wizard\File Wizard\File Wizard.csproj]
D:\Programacion\File Wizard\File Wizard\Form3.cs(580,21): warning CA1416: Se puede acceder a este sitio de llamada en todas las plataformas. "Control.BackColor" solo se admite en "windows" 6.1 y versiones posteriores. (https://learn.microsoft.com/dotnet/fundamentals/code-analysis/quality-rules/ca1416) [D:\Programacion\File Wizard\File Wizard\File Wizard.csproj]
D:\Programacion\File Wizard\File Wizard\Form3.cs(581,21): warning CA1416: Se puede acceder a este sitio de llamada en todas las plataformas. "Control.Enabled" solo se admite en "windows" 6.1 y versiones posteriores. (https://learn.microsoft.com/dotnet/fundamentals/code-analysis/quality-rules/ca1416) [D:\Programacion\File Wizard\File Wizard\File Wizard.csproj]
D:\Programacion\File Wizard\File Wizard\Form3.cs(588,21): warning CA1416: Se puede acceder a este sitio de llamada en todas las plataformas. "ButtonBase.BackColor" solo se admite en "windows" 6.1 y versiones posteriores. (https://learn.microsoft.com/dotnet/fundamentals/code-analysis/quality-rules/ca1416) [D:\Programacion\File Wizard\File Wizard\File Wizard.csproj]
D:\Programacion\File Wizard\File Wizard\Form3.cs(583,21): warning CA1416: Se puede acceder a este sitio de llamada en todas las plataformas. "Control.Enabled" solo se admite en "windows" 6.1 y versiones posteriores. (https://learn.microsoft.com/dotnet/fundamentals/code-analysis/quality-rules/ca1416) [D:\Programacion\File Wizard\File Wizard\File Wizard.csproj]
D:\Programacion\File Wizard\File Wizard\Form3.cs(585,21): warning CA1416: Se puede acceder a este sitio de llamada en todas las plataformas. "Control.Enabled" solo se admite en "windows" 6.1 y versiones posteriores. (https://learn.microsoft.com/dotnet/fundamentals/code-analysis/quality-rules/ca1416) [D:\Programacion\File Wizard\File Wizard\File Wizard.csproj]
D:\Programacion\File Wizard\File Wizard\Form3.cs(594,17): warning CA1416: Se puede acceder a este sitio de llamada en todas las plataformas. "Timer.Stop()" solo se admite en "windows" 6.1 y versiones posteriores. (https://learn.microsoft.com/dotnet/fundamentals/code-analysis/quality-rules/ca1416) [D:\Programacion\File Wizard\File Wizard\File Wizard.csproj]
D:\Programacion\File Wizard\File Wizard\Form3.cs(587,21): warning CA1416: Se puede acceder a este sitio de llamada en todas las plataformas. "Control.Enabled" solo se admite en "windows" 6.1 y versiones posteriores. (https://learn.microsoft.com/dotnet/fundamentals/code-analysis/quality-rules/ca1416) [D:\Programacion\File Wizard\File Wizard\File Wizard.csproj]
D:\Programacion\File Wizard\File Wizard\Form2.cs(569,41): warning CA1416: Se puede acceder a este sitio de llamada en todas las plataformas. "TextBox.Text" solo se admite en "windows" 6.1 y versiones posteriores. (https://learn.microsoft.com/dotnet/fundamentals/code-analysis/quality-rules/ca1416) [D:\Programacion\File Wizard\File Wizard\File Wizard.csproj]
D:\Programacion\File Wizard\File Wizard\Form2.cs(556,17): warning CA1416: Se puede acceder a este sitio de llamada en todas las plataformas. "MessageBox.Show(string?)" solo se admite en "windows" 6.1 y versiones posteriores. (https://learn.microsoft.com/dotnet/fundamentals/code-analysis/quality-rules/ca1416) [D:\Programacion\File Wizard\File Wizard\File Wizard.csproj]
D:\Programacion\File Wizard\File Wizard\Form2.cs(566,17): warning CA1416: Se puede acceder a este sitio de llamada en todas las plataformas. "MessageBox.Show(string?)" solo se admite en "windows" 6.1 y versiones posteriores. (https://learn.microsoft.com/dotnet/fundamentals/code-analysis/quality-rules/ca1416) [D:\Programacion\File Wizard\File Wizard\File Wizard.csproj]
D:\Programacion\File Wizard\File Wizard\Form2.cs(561,17): warning CA1416: Se puede acceder a este sitio de llamada en todas las plataformas. "MessageBox.Show(string?)" solo se admite en "windows" 6.1 y versiones posteriores. (https://learn.microsoft.com/dotnet/fundamentals/code-analysis/quality-rules/ca1416) [D:\Programacion\File Wizard\File Wizard\File Wizard.csproj]
D:\Programacion\File Wizard\File Wizard\Form2.cs(580,21): warning CA1416: Se puede acceder a este sitio de llamada en todas las plataformas. "TextBoxBase.Clear()" solo se admite en "windows" 6.1 y versiones posteriores. (https://learn.microsoft.com/dotnet/fundamentals/code-analysis/quality-rules/ca1416) [D:\Programacion\File Wizard\File Wizard\File Wizard.csproj]
D:\Programacion\File Wizard\File Wizard\Form2.cs(559,43): warning CA1416: Se puede acceder a este sitio de llamada en todas las plataformas. "TextBox.Text" solo se admite en "windows" 6.1 y versiones posteriores. (https://learn.microsoft.com/dotnet/fundamentals/code-analysis/quality-rules/ca1416) [D:\Programacion\File Wizard\File Wizard\File Wizard.csproj]
D:\Programacion\File Wizard\File Wizard\Form2.cs(570,40): warning CA1416: Se puede acceder a este sitio de llamada en todas las plataformas. "TextBox.Text" solo se admite en "windows" 6.1 y versiones posteriores. (https://learn.microsoft.com/dotnet/fundamentals/code-analysis/quality-rules/ca1416) [D:\Programacion\File Wizard\File Wizard\File Wizard.csproj]
D:\Programacion\File Wizard\File Wizard\Form2.cs(564,17): warning CA1416: Se puede acceder a este sitio de llamada en todas las plataformas. "TextBox.Text" solo se admite en "windows" 6.1 y versiones posteriores. (https://learn.microsoft.com/dotnet/fundamentals/code-analysis/quality-rules/ca1416) [D:\Programacion\File Wizard\File Wizard\File Wizard.csproj]
D:\Programacion\File Wizard\File Wizard\Form2.cs(585,17): warning CA1416: Se puede acceder a este sitio de llamada en todas las plataformas. "MessageBox.Show(string?)" solo se admite en "windows" 6.1 y versiones posteriores. (https://learn.microsoft.com/dotnet/fundamentals/code-analysis/quality-rules/ca1416) [D:\Programacion\File Wizard\File Wizard\File Wizard.csproj]
D:\Programacion\File Wizard\File Wizard\Form3.cs(632,17): warning CA1416: Se puede acceder a este sitio de llamada en todas las plataformas. "MessageBox.Show(string?)" solo se admite en "windows" 6.1 y versiones posteriores. (https://learn.microsoft.com/dotnet/fundamentals/code-analysis/quality-rules/ca1416) [D:\Programacion\File Wizard\File Wizard\File Wizard.csproj]
D:\Programacion\File Wizard\File Wizard\Form3.cs(640,41): warning CA1416: Se puede acceder a este sitio de llamada en todas las plataformas. "TextBox.Text" solo se admite en "windows" 6.1 y versiones posteriores. (https://learn.microsoft.com/dotnet/fundamentals/code-analysis/quality-rules/ca1416) [D:\Programacion\File Wizard\File Wizard\File Wizard.csproj]
D:\Programacion\File Wizard\File Wizard\Form3.cs(637,17): warning CA1416: Se puede acceder a este sitio de llamada en todas las plataformas. "MessageBox.Show(string?)" solo se admite en "windows" 6.1 y versiones posteriores. (https://learn.microsoft.com/dotnet/fundamentals/code-analysis/quality-rules/ca1416) [D:\Programacion\File Wizard\File Wizard\File Wizard.csproj]
D:\Programacion\File Wizard\File Wizard\Form3.cs(651,21): warning CA1416: Se puede acceder a este sitio de llamada en todas las plataformas. "TextBoxBase.Clear()" solo se admite en "windows" 6.1 y versiones posteriores. (https://learn.microsoft.com/dotnet/fundamentals/code-analysis/quality-rules/ca1416) [D:\Programacion\File Wizard\File Wizard\File Wizard.csproj]
D:\Programacion\File Wizard\File Wizard\Form3.cs(635,17): warning CA1416: Se puede acceder a este sitio de llamada en todas las plataformas. "TextBox.Text" solo se admite en "windows" 6.1 y versiones posteriores. (https://learn.microsoft.com/dotnet/fundamentals/code-analysis/quality-rules/ca1416) [D:\Programacion\File Wizard\File Wizard\File Wizard.csproj]
D:\Programacion\File Wizard\File Wizard\Form3.cs(630,43): warning CA1416: Se puede acceder a este sitio de llamada en todas las plataformas. "TextBox.Text" solo se admite en "windows" 6.1 y versiones posteriores. (https://learn.microsoft.com/dotnet/fundamentals/code-analysis/quality-rules/ca1416) [D:\Programacion\File Wizard\File Wizard\File Wizard.csproj]
D:\Programacion\File Wizard\File Wizard\Form3.cs(627,17): warning CA1416: Se puede acceder a este sitio de llamada en todas las plataformas. "MessageBox.Show(string?)" solo se admite en "windows" 6.1 y versiones posteriores. (https://learn.microsoft.com/dotnet/fundamentals/code-analysis/quality-rules/ca1416) [D:\Programacion\File Wizard\File Wizard\File Wizard.csproj]
D:\Programacion\File Wizard\File Wizard\Form3.cs(641,40): warning CA1416: Se puede acceder a este sitio de llamada en todas las plataformas. "TextBox.Text" solo se admite en "windows" 6.1 y versiones posteriores. (https://learn.microsoft.com/dotnet/fundamentals/code-analysis/quality-rules/ca1416) [D:\Programacion\File Wizard\File Wizard\File Wizard.csproj]
D:\Programacion\File Wizard\File Wizard\Form3.cs(656,17): warning CA1416: Se puede acceder a este sitio de llamada en todas las plataformas. "MessageBox.Show(string?)" solo se admite en "windows" 6.1 y versiones posteriores. (https://learn.microsoft.com/dotnet/fundamentals/code-analysis/quality-rules/ca1416) [D:\Programacion\File Wizard\File Wizard\File Wizard.csproj]
D:\Programacion\File Wizard\File Wizard\Form2.cs(641,22): warning CA1416: Se puede acceder a este sitio de llamada en todas las plataformas. "KeyEventArgs.KeyCode" solo se admite en "windows" 6.1 y versiones posteriores. (https://learn.microsoft.com/dotnet/fundamentals/code-analysis/quality-rules/ca1416) [D:\Programacion\File Wizard\File Wizard\File Wizard.csproj]
D:\Programacion\File Wizard\File Wizard\Form2.cs(638,43): warning CA1416: Se puede acceder a este sitio de llamada en todas las plataformas. "TextBox.Text" solo se admite en "windows" 6.1 y versiones posteriores. (https://learn.microsoft.com/dotnet/fundamentals/code-analysis/quality-rules/ca1416) [D:\Programacion\File Wizard\File Wizard\File Wizard.csproj]
D:\Programacion\File Wizard\File Wizard\Form2.cs(654,21): warning CA1416: Se puede acceder a este sitio de llamada en todas las plataformas. "TextBoxBase.SelectionStart" solo se admite en "windows" 6.1 y versiones posteriores. (https://learn.microsoft.com/dotnet/fundamentals/code-analysis/quality-rules/ca1416) [D:\Programacion\File Wizard\File Wizard\File Wizard.csproj]
D:\Programacion\File Wizard\File Wizard\Form2.cs(599,47): warning CA1416: Se puede acceder a este sitio de llamada en todas las plataformas. "TextBox.Text" solo se admite en "windows" 6.1 y versiones posteriores. (https://learn.microsoft.com/dotnet/fundamentals/code-analysis/quality-rules/ca1416) [D:\Programacion\File Wizard\File Wizard\File Wizard.csproj]
D:\Programacion\File Wizard\File Wizard\Form2.cs(601,21): warning CA1416: Se puede acceder a este sitio de llamada en todas las plataformas. "MessageBox.Show(string?)" solo se admite en "windows" 6.1 y versiones posteriores. (https://learn.microsoft.com/dotnet/fundamentals/code-analysis/quality-rules/ca1416) [D:\Programacion\File Wizard\File Wizard\File Wizard.csproj]
D:\Programacion\File Wizard\File Wizard\Form2.cs(617,25): warning CA1416: Se puede acceder a este sitio de llamada en todas las plataformas. "KeyEventArgs.SuppressKeyPress" solo se admite en "windows" 6.1 y versiones posteriores. (https://learn.microsoft.com/dotnet/fundamentals/code-analysis/quality-rules/ca1416) [D:\Programacion\File Wizard\File Wizard\File Wizard.csproj]
D:\Programacion\File Wizard\File Wizard\Form2.cs(653,21): warning CA1416: Se puede acceder a este sitio de llamada en todas las plataformas. "TextBox.Text" solo se admite en "windows" 6.1 y versiones posteriores. (https://learn.microsoft.com/dotnet/fundamentals/code-analysis/quality-rules/ca1416) [D:\Programacion\File Wizard\File Wizard\File Wizard.csproj]
D:\Programacion\File Wizard\File Wizard\Form2.cs(609,44): warning CA1416: Se puede acceder a este sitio de llamada en todas las plataformas. "TextBox.Text" solo se admite en "windows" 6.1 y versiones posteriores. (https://learn.microsoft.com/dotnet/fundamentals/code-analysis/quality-rules/ca1416) [D:\Programacion\File Wizard\File Wizard\File Wizard.csproj]
D:\Programacion\File Wizard\File Wizard\Form2.cs(610,45): warning CA1416: Se puede acceder a este sitio de llamada en todas las plataformas. "TextBox.Text" solo se admite en "windows" 6.1 y versiones posteriores. (https://learn.microsoft.com/dotnet/fundamentals/code-analysis/quality-rules/ca1416) [D:\Programacion\File Wizard\File Wizard\File Wizard.csproj]
D:\Programacion\File Wizard\File Wizard\Form2.cs(592,17): warning CA1416: Se puede acceder a este sitio de llamada en todas las plataformas. "KeyEventArgs.KeyCode" solo se admite en "windows" 6.1 y versiones posteriores. (https://learn.microsoft.com/dotnet/fundamentals/code-analysis/quality-rules/ca1416) [D:\Programacion\File Wizard\File Wizard\File Wizard.csproj]
D:\Programacion\File Wizard\File Wizard\Form2.cs(638,17): warning CA1416: Se puede acceder a este sitio de llamada en todas las plataformas. "TextBoxBase.SelectionStart" solo se admite en "windows" 6.1 y versiones posteriores. (https://learn.microsoft.com/dotnet/fundamentals/code-analysis/quality-rules/ca1416) [D:\Programacion\File Wizard\File Wizard\File Wizard.csproj]
D:\Programacion\File Wizard\File Wizard\Form2.cs(639,17): warning CA1416: Se puede acceder a este sitio de llamada en todas las plataformas. "KeyEventArgs.SuppressKeyPress" solo se admite en "windows" 6.1 y versiones posteriores. (https://learn.microsoft.com/dotnet/fundamentals/code-analysis/quality-rules/ca1416) [D:\Programacion\File Wizard\File Wizard\File Wizard.csproj]
D:\Programacion\File Wizard\File Wizard\Form2.cs(637,17): warning CA1416: Se puede acceder a este sitio de llamada en todas las plataformas. "TextBox.Text" solo se admite en "windows" 6.1 y versiones posteriores. (https://learn.microsoft.com/dotnet/fundamentals/code-analysis/quality-rules/ca1416) [D:\Programacion\File Wizard\File Wizard\File Wizard.csproj]
D:\Programacion\File Wizard\File Wizard\Form2.cs(625,21): warning CA1416: Se puede acceder a este sitio de llamada en todas las plataformas. "MessageBox.Show(string?)" solo se admite en "windows" 6.1 y versiones posteriores. (https://learn.microsoft.com/dotnet/fundamentals/code-analysis/quality-rules/ca1416) [D:\Programacion\File Wizard\File Wizard\File Wizard.csproj]
D:\Programacion\File Wizard\File Wizard\Form2.cs(654,47): warning CA1416: Se puede acceder a este sitio de llamada en todas las plataformas. "TextBox.Text" solo se admite en "windows" 6.1 y versiones posteriores. (https://learn.microsoft.com/dotnet/fundamentals/code-analysis/quality-rules/ca1416) [D:\Programacion\File Wizard\File Wizard\File Wizard.csproj]
D:\Programacion\File Wizard\File Wizard\Form2.cs(606,21): warning CA1416: Se puede acceder a este sitio de llamada en todas las plataformas. "MessageBox.Show(string?)" solo se admite en "windows" 6.1 y versiones posteriores. (https://learn.microsoft.com/dotnet/fundamentals/code-analysis/quality-rules/ca1416) [D:\Programacion\File Wizard\File Wizard\File Wizard.csproj]
D:\Programacion\File Wizard\File Wizard\Form2.cs(629,22): warning CA1416: Se puede acceder a este sitio de llamada en todas las plataformas. "KeyEventArgs.KeyCode" solo se admite en "windows" 6.1 y versiones posteriores. (https://learn.microsoft.com/dotnet/fundamentals/code-analysis/quality-rules/ca1416) [D:\Programacion\File Wizard\File Wizard\File Wizard.csproj]
D:\Programacion\File Wizard\File Wizard\Form2.cs(649,21): warning CA1416: Se puede acceder a este sitio de llamada en todas las plataformas. "TextBoxBase.Clear()" solo se admite en "windows" 6.1 y versiones posteriores. (https://learn.microsoft.com/dotnet/fundamentals/code-analysis/quality-rules/ca1416) [D:\Programacion\File Wizard\File Wizard\File Wizard.csproj]
D:\Programacion\File Wizard\File Wizard\Form2.cs(596,21): warning CA1416: Se puede acceder a este sitio de llamada en todas las plataformas. "MessageBox.Show(string?)" solo se admite en "windows" 6.1 y versiones posteriores. (https://learn.microsoft.com/dotnet/fundamentals/code-analysis/quality-rules/ca1416) [D:\Programacion\File Wizard\File Wizard\File Wizard.csproj]
D:\Programacion\File Wizard\File Wizard\Form2.cs(604,21): warning CA1416: Se puede acceder a este sitio de llamada en todas las plataformas. "TextBox.Text" solo se admite en "windows" 6.1 y versiones posteriores. (https://learn.microsoft.com/dotnet/fundamentals/code-analysis/quality-rules/ca1416) [D:\Programacion\File Wizard\File Wizard\File Wizard.csproj]
D:\Programacion\File Wizard\File Wizard\Form2.cs(620,25): warning CA1416: Se puede acceder a este sitio de llamada en todas las plataformas. "TextBoxBase.Clear()" solo se admite en "windows" 6.1 y versiones posteriores. (https://learn.microsoft.com/dotnet/fundamentals/code-analysis/quality-rules/ca1416) [D:\Programacion\File Wizard\File Wizard\File Wizard.csproj]
D:\Programacion\File Wizard\File Wizard\Form2.cs(656,17): warning CA1416: Se puede acceder a este sitio de llamada en todas las plataformas. "KeyEventArgs.SuppressKeyPress" solo se admite en "windows" 6.1 y versiones posteriores. (https://learn.microsoft.com/dotnet/fundamentals/code-analysis/quality-rules/ca1416) [D:\Programacion\File Wizard\File Wizard\File Wizard.csproj]
D:\Programacion\File Wizard\File Wizard\Form2.cs(710,13): warning CA1416: Se puede acceder a este sitio de llamada en todas las plataformas. "ButtonBase.BackColor" solo se admite en "windows" 6.1 y versiones posteriores. (https://learn.microsoft.com/dotnet/fundamentals/code-analysis/quality-rules/ca1416) [D:\Programacion\File Wizard\File Wizard\File Wizard.csproj]
D:\Programacion\File Wizard\File Wizard\Form2.cs(675,21): warning CA1416: Se puede acceder a este sitio de llamada en todas las plataformas. "MessageBox.Show(string?)" solo se admite en "windows" 6.1 y versiones posteriores. (https://learn.microsoft.com/dotnet/fundamentals/code-analysis/quality-rules/ca1416) [D:\Programacion\File Wizard\File Wizard\File Wizard.csproj]
D:\Programacion\File Wizard\File Wizard\Form2.cs(704,17): warning CA1416: Se puede acceder a este sitio de llamada en todas las plataformas. "Control.Enabled" solo se admite en "windows" 6.1 y versiones posteriores. (https://learn.microsoft.com/dotnet/fundamentals/code-analysis/quality-rules/ca1416) [D:\Programacion\File Wizard\File Wizard\File Wizard.csproj]
D:\Programacion\File Wizard\File Wizard\Form2.cs(668,21): warning CA1416: Se puede acceder a este sitio de llamada en todas las plataformas. "MessageBox.Show(string?)" solo se admite en "windows" 6.1 y versiones posteriores. (https://learn.microsoft.com/dotnet/fundamentals/code-analysis/quality-rules/ca1416) [D:\Programacion\File Wizard\File Wizard\File Wizard.csproj]
D:\Programacion\File Wizard\File Wizard\Form2.cs(684,17): warning CA1416: Se puede acceder a este sitio de llamada en todas las plataformas. "MessageBox.Show(string?)" solo se admite en "windows" 6.1 y versiones posteriores. (https://learn.microsoft.com/dotnet/fundamentals/code-analysis/quality-rules/ca1416) [D:\Programacion\File Wizard\File Wizard\File Wizard.csproj]
D:\Programacion\File Wizard\File Wizard\Form2.cs(714,13): warning CA1416: Se puede acceder a este sitio de llamada en todas las plataformas. "ButtonBase.BackColor" solo se admite en "windows" 6.1 y versiones posteriores. (https://learn.microsoft.com/dotnet/fundamentals/code-analysis/quality-rules/ca1416) [D:\Programacion\File Wizard\File Wizard\File Wizard.csproj]
D:\Programacion\File Wizard\File Wizard\Form2.cs(688,17): warning CA1416: Se puede acceder a este sitio de llamada en todas las plataformas. "MessageBox.Show(string?)" solo se admite en "windows" 6.1 y versiones posteriores. (https://learn.microsoft.com/dotnet/fundamentals/code-analysis/quality-rules/ca1416) [D:\Programacion\File Wizard\File Wizard\File Wizard.csproj]
D:\Programacion\File Wizard\File Wizard\Form2.cs(705,17): warning CA1416: Se puede acceder a este sitio de llamada en todas las plataformas. "ButtonBase.BackColor" solo se admite en "windows" 6.1 y versiones posteriores. (https://learn.microsoft.com/dotnet/fundamentals/code-analysis/quality-rules/ca1416) [D:\Programacion\File Wizard\File Wizard\File Wizard.csproj]
D:\Programacion\File Wizard\File Wizard\Form2.cs(699,17): warning CA1416: Se puede acceder a este sitio de llamada en todas las plataformas. "ButtonBase.BackColor" solo se admite en "windows" 6.1 y versiones posteriores. (https://learn.microsoft.com/dotnet/fundamentals/code-analysis/quality-rules/ca1416) [D:\Programacion\File Wizard\File Wizard\File Wizard.csproj]
D:\Programacion\File Wizard\File Wizard\Form2.cs(713,13): warning CA1416: Se puede acceder a este sitio de llamada en todas las plataformas. "Control.Enabled" solo se admite en "windows" 6.1 y versiones posteriores. (https://learn.microsoft.com/dotnet/fundamentals/code-analysis/quality-rules/ca1416) [D:\Programacion\File Wizard\File Wizard\File Wizard.csproj]
D:\Programacion\File Wizard\File Wizard\Form2.cs(711,13): warning CA1416: Se puede acceder a este sitio de llamada en todas las plataformas. "Control.Enabled" solo se admite en "windows" 6.1 y versiones posteriores. (https://learn.microsoft.com/dotnet/fundamentals/code-analysis/quality-rules/ca1416) [D:\Programacion\File Wizard\File Wizard\File Wizard.csproj]
D:\Programacion\File Wizard\File Wizard\Form2.cs(707,13): warning CA1416: Se puede acceder a este sitio de llamada en todas las plataformas. "Control.Enabled" solo se admite en "windows" 6.1 y versiones posteriores. (https://learn.microsoft.com/dotnet/fundamentals/code-analysis/quality-rules/ca1416) [D:\Programacion\File Wizard\File Wizard\File Wizard.csproj]
D:\Programacion\File Wizard\File Wizard\Form2.cs(709,13): warning CA1416: Se puede acceder a este sitio de llamada en todas las plataformas. "Control.Enabled" solo se admite en "windows" 6.1 y versiones posteriores. (https://learn.microsoft.com/dotnet/fundamentals/code-analysis/quality-rules/ca1416) [D:\Programacion\File Wizard\File Wizard\File Wizard.csproj]
D:\Programacion\File Wizard\File Wizard\Form2.cs(712,13): warning CA1416: Se puede acceder a este sitio de llamada en todas las plataformas. "ButtonBase.BackColor" solo se admite en "windows" 6.1 y versiones posteriores. (https://learn.microsoft.com/dotnet/fundamentals/code-analysis/quality-rules/ca1416) [D:\Programacion\File Wizard\File Wizard\File Wizard.csproj]
D:\Programacion\File Wizard\File Wizard\Form2.cs(718,13): warning CA1416: Se puede acceder a este sitio de llamada en todas las plataformas. "Control.Enabled" solo se admite en "windows" 6.1 y versiones posteriores. (https://learn.microsoft.com/dotnet/fundamentals/code-analysis/quality-rules/ca1416) [D:\Programacion\File Wizard\File Wizard\File Wizard.csproj]
D:\Programacion\File Wizard\File Wizard\Form2.cs(716,13): warning CA1416: Se puede acceder a este sitio de llamada en todas las plataformas. "Control.Enabled" solo se admite en "windows" 6.1 y versiones posteriores. (https://learn.microsoft.com/dotnet/fundamentals/code-analysis/quality-rules/ca1416) [D:\Programacion\File Wizard\File Wizard\File Wizard.csproj]
D:\Programacion\File Wizard\File Wizard\Form2.cs(715,13): warning CA1416: Se puede acceder a este sitio de llamada en todas las plataformas. "Control.Enabled" solo se admite en "windows" 6.1 y versiones posteriores. (https://learn.microsoft.com/dotnet/fundamentals/code-analysis/quality-rules/ca1416) [D:\Programacion\File Wizard\File Wizard\File Wizard.csproj]
D:\Programacion\File Wizard\File Wizard\Form2.cs(708,13): warning CA1416: Se puede acceder a este sitio de llamada en todas las plataformas. "ButtonBase.BackColor" solo se admite en "windows" 6.1 y versiones posteriores. (https://learn.microsoft.com/dotnet/fundamentals/code-analysis/quality-rules/ca1416) [D:\Programacion\File Wizard\File Wizard\File Wizard.csproj]
D:\Programacion\File Wizard\File Wizard\Form2.cs(698,17): warning CA1416: Se puede acceder a este sitio de llamada en todas las plataformas. "Control.Enabled" solo se admite en "windows" 6.1 y versiones posteriores. (https://learn.microsoft.com/dotnet/fundamentals/code-analysis/quality-rules/ca1416) [D:\Programacion\File Wizard\File Wizard\File Wizard.csproj]
D:\Programacion\File Wizard\File Wizard\Form2.cs(717,13): warning CA1416: Se puede acceder a este sitio de llamada en todas las plataformas. "Control.Enabled" solo se admite en "windows" 6.1 y versiones posteriores. (https://learn.microsoft.com/dotnet/fundamentals/code-analysis/quality-rules/ca1416) [D:\Programacion\File Wizard\File Wizard\File Wizard.csproj]
D:\Programacion\File Wizard\File Wizard\Form3.cs(759,17): warning CA1416: Se puede acceder a este sitio de llamada en todas las plataformas. "MessageBox.Show(string?)" solo se admite en "windows" 6.1 y versiones posteriores. (https://learn.microsoft.com/dotnet/fundamentals/code-analysis/quality-rules/ca1416) [D:\Programacion\File Wizard\File Wizard\File Wizard.csproj]
D:\Programacion\File Wizard\File Wizard\Form3.cs(739,21): warning CA1416: Se puede acceder a este sitio de llamada en todas las plataformas. "MessageBox.Show(string?)" solo se admite en "windows" 6.1 y versiones posteriores. (https://learn.microsoft.com/dotnet/fundamentals/code-analysis/quality-rules/ca1416) [D:\Programacion\File Wizard\File Wizard\File Wizard.csproj]
D:\Programacion\File Wizard\File Wizard\Form3.cs(755,17): warning CA1416: Se puede acceder a este sitio de llamada en todas las plataformas. "MessageBox.Show(string?)" solo se admite en "windows" 6.1 y versiones posteriores. (https://learn.microsoft.com/dotnet/fundamentals/code-analysis/quality-rules/ca1416) [D:\Programacion\File Wizard\File Wizard\File Wizard.csproj]
D:\Programacion\File Wizard\File Wizard\Form3.cs(746,21): warning CA1416: Se puede acceder a este sitio de llamada en todas las plataformas. "MessageBox.Show(string?)" solo se admite en "windows" 6.1 y versiones posteriores. (https://learn.microsoft.com/dotnet/fundamentals/code-analysis/quality-rules/ca1416) [D:\Programacion\File Wizard\File Wizard\File Wizard.csproj]
D:\Programacion\File Wizard\File Wizard\Form2.cs(732,17): warning CA1416: Se puede acceder a este sitio de llamada en todas las plataformas. "ButtonBase.BackColor" solo se admite en "windows" 6.1 y versiones posteriores. (https://learn.microsoft.com/dotnet/fundamentals/code-analysis/quality-rules/ca1416) [D:\Programacion\File Wizard\File Wizard\File Wizard.csproj]
D:\Programacion\File Wizard\File Wizard\Form3.cs(675,21): warning CA1416: Se puede acceder a este sitio de llamada en todas las plataformas. "TextBox.Text" solo se admite en "windows" 6.1 y versiones posteriores. (https://learn.microsoft.com/dotnet/fundamentals/code-analysis/quality-rules/ca1416) [D:\Programacion\File Wizard\File Wizard\File Wizard.csproj]
D:\Programacion\File Wizard\File Wizard\Form2.cs(751,13): warning CA1416: Se puede acceder a este sitio de llamada en todas las plataformas. "Control.Enabled" solo se admite en "windows" 6.1 y versiones posteriores. (https://learn.microsoft.com/dotnet/fundamentals/code-analysis/quality-rules/ca1416) [D:\Programacion\File Wizard\File Wizard\File Wizard.csproj]
D:\Programacion\File Wizard\File Wizard\Form2.cs(731,17): warning CA1416: Se puede acceder a este sitio de llamada en todas las plataformas. "Control.Enabled" solo se admite en "windows" 6.1 y versiones posteriores. (https://learn.microsoft.com/dotnet/fundamentals/code-analysis/quality-rules/ca1416) [D:\Programacion\File Wizard\File Wizard\File Wizard.csproj]
D:\Programacion\File Wizard\File Wizard\Form3.cs(672,21): warning CA1416: Se puede acceder a este sitio de llamada en todas las plataformas. "MessageBox.Show(string?)" solo se admite en "windows" 6.1 y versiones posteriores. (https://learn.microsoft.com/dotnet/fundamentals/code-analysis/quality-rules/ca1416) [D:\Programacion\File Wizard\File Wizard\File Wizard.csproj]
D:\Programacion\File Wizard\File Wizard\Form2.cs(739,17): warning CA1416: Se puede acceder a este sitio de llamada en todas las plataformas. "Control.Enabled" solo se admite en "windows" 6.1 y versiones posteriores. (https://learn.microsoft.com/dotnet/fundamentals/code-analysis/quality-rules/ca1416) [D:\Programacion\File Wizard\File Wizard\File Wizard.csproj]
D:\Programacion\File Wizard\File Wizard\Form2.cs(725,17): warning CA1416: Se puede acceder a este sitio de llamada en todas las plataformas. "Control.Enabled" solo se admite en "windows" 6.1 y versiones posteriores. (https://learn.microsoft.com/dotnet/fundamentals/code-analysis/quality-rules/ca1416) [D:\Programacion\File Wizard\File Wizard\File Wizard.csproj]
D:\Programacion\File Wizard\File Wizard\Form3.cs(725,21): warning CA1416: Se puede acceder a este sitio de llamada en todas las plataformas. "TextBoxBase.SelectionStart" solo se admite en "windows" 6.1 y versiones posteriores. (https://learn.microsoft.com/dotnet/fundamentals/code-analysis/quality-rules/ca1416) [D:\Programacion\File Wizard\File Wizard\File Wizard.csproj]
D:\Programacion\File Wizard\File Wizard\Form3.cs(769,17): warning CA1416: Se puede acceder a este sitio de llamada en todas las plataformas. "ButtonBase.BackColor" solo se admite en "windows" 6.1 y versiones posteriores. (https://learn.microsoft.com/dotnet/fundamentals/code-analysis/quality-rules/ca1416) [D:\Programacion\File Wizard\File Wizard\File Wizard.csproj]
D:\Programacion\File Wizard\File Wizard\Form2.cs(741,17): warning CA1416: Se puede acceder a este sitio de llamada en todas las plataformas. "Control.Enabled" solo se admite en "windows" 6.1 y versiones posteriores. (https://learn.microsoft.com/dotnet/fundamentals/code-analysis/quality-rules/ca1416) [D:\Programacion\File Wizard\File Wizard\File Wizard.csproj]
D:\Programacion\File Wizard\File Wizard\Form3.cs(768,17): warning CA1416: Se puede acceder a este sitio de llamada en todas las plataformas. "Control.Enabled" solo se admite en "windows" 6.1 y versiones posteriores. (https://learn.microsoft.com/dotnet/fundamentals/code-analysis/quality-rules/ca1416) [D:\Programacion\File Wizard\File Wizard\File Wizard.csproj]
D:\Programacion\File Wizard\File Wizard\Form2.cs(743,17): warning CA1416: Se puede acceder a este sitio de llamada en todas las plataformas. "Control.Enabled" solo se admite en "windows" 6.1 y versiones posteriores. (https://learn.microsoft.com/dotnet/fundamentals/code-analysis/quality-rules/ca1416) [D:\Programacion\File Wizard\File Wizard\File Wizard.csproj]
D:\Programacion\File Wizard\File Wizard\Form3.cs(663,17): warning CA1416: Se puede acceder a este sitio de llamada en todas las plataformas. "KeyEventArgs.KeyCode" solo se admite en "windows" 6.1 y versiones posteriores. (https://learn.microsoft.com/dotnet/fundamentals/code-analysis/quality-rules/ca1416) [D:\Programacion\File Wizard\File Wizard\File Wizard.csproj]
D:\Programacion\File Wizard\File Wizard\Form3.cs(789,13): warning CA1416: Se puede acceder a este sitio de llamada en todas las plataformas. "Control.Enabled" solo se admite en "windows" 6.1 y versiones posteriores. (https://learn.microsoft.com/dotnet/fundamentals/code-analysis/quality-rules/ca1416) [D:\Programacion\File Wizard\File Wizard\File Wizard.csproj]
D:\Programacion\File Wizard\File Wizard\Form3.cs(780,13): warning CA1416: Se puede acceder a este sitio de llamada en todas las plataformas. "ButtonBase.BackColor" solo se admite en "windows" 6.1 y versiones posteriores. (https://learn.microsoft.com/dotnet/fundamentals/code-analysis/quality-rules/ca1416) [D:\Programacion\File Wizard\File Wizard\File Wizard.csproj]
D:\Programacion\File Wizard\File Wizard\Form2.cs(737,17): warning CA1416: Se puede acceder a este sitio de llamada en todas las plataformas. "Control.Enabled" solo se admite en "windows" 6.1 y versiones posteriores. (https://learn.microsoft.com/dotnet/fundamentals/code-analysis/quality-rules/ca1416) [D:\Programacion\File Wizard\File Wizard\File Wizard.csproj]
D:\Programacion\File Wizard\File Wizard\Form3.cs(696,21): warning CA1416: Se puede acceder a este sitio de llamada en todas las plataformas. "MessageBox.Show(string?)" solo se admite en "windows" 6.1 y versiones posteriores. (https://learn.microsoft.com/dotnet/fundamentals/code-analysis/quality-rules/ca1416) [D:\Programacion\File Wizard\File Wizard\File Wizard.csproj]
D:\Programacion\File Wizard\File Wizard\Form2.cs(746,13): warning CA1416: Se puede acceder a este sitio de llamada en todas las plataformas. "Control.Enabled" solo se admite en "windows" 6.1 y versiones posteriores. (https://learn.microsoft.com/dotnet/fundamentals/code-analysis/quality-rules/ca1416) [D:\Programacion\File Wizard\File Wizard\File Wizard.csproj]
D:\Programacion\File Wizard\File Wizard\Form3.cs(785,13): warning CA1416: Se puede acceder a este sitio de llamada en todas las plataformas. "Control.Enabled" solo se admite en "windows" 6.1 y versiones posteriores. (https://learn.microsoft.com/dotnet/fundamentals/code-analysis/quality-rules/ca1416) [D:\Programacion\File Wizard\File Wizard\File Wizard.csproj]
D:\Programacion\File Wizard\File Wizard\Form2.cs(738,17): warning CA1416: Se puede acceder a este sitio de llamada en todas las plataformas. "ButtonBase.BackColor" solo se admite en "windows" 6.1 y versiones posteriores. (https://learn.microsoft.com/dotnet/fundamentals/code-analysis/quality-rules/ca1416) [D:\Programacion\File Wizard\File Wizard\File Wizard.csproj]
D:\Programacion\File Wizard\File Wizard\Form3.cs(781,13): warning CA1416: Se puede acceder a este sitio de llamada en todas las plataformas. "Control.Enabled" solo se admite en "windows" 6.1 y versiones posteriores. (https://learn.microsoft.com/dotnet/fundamentals/code-analysis/quality-rules/ca1416) [D:\Programacion\File Wizard\File Wizard\File Wizard.csproj]
D:\Programacion\File Wizard\File Wizard\Form3.cs(680,44): warning CA1416: Se puede acceder a este sitio de llamada en todas las plataformas. "TextBox.Text" solo se admite en "windows" 6.1 y versiones posteriores. (https://learn.microsoft.com/dotnet/fundamentals/code-analysis/quality-rules/ca1416) [D:\Programacion\File Wizard\File Wizard\File Wizard.csproj]
D:\Programacion\File Wizard\File Wizard\Form2.cs(744,17): warning CA1416: Se puede acceder a este sitio de llamada en todas las plataformas. "ButtonBase.BackColor" solo se admite en "windows" 6.1 y versiones posteriores. (https://learn.microsoft.com/dotnet/fundamentals/code-analysis/quality-rules/ca1416) [D:\Programacion\File Wizard\File Wizard\File Wizard.csproj]
D:\Programacion\File Wizard\File Wizard\Form3.cs(774,17): warning CA1416: Se puede acceder a este sitio de llamada en todas las plataformas. "Control.Enabled" solo se admite en "windows" 6.1 y versiones posteriores. (https://learn.microsoft.com/dotnet/fundamentals/code-analysis/quality-rules/ca1416) [D:\Programacion\File Wizard\File Wizard\File Wizard.csproj]
D:\Programacion\File Wizard\File Wizard\Form2.cs(730,17): warning CA1416: Se puede acceder a este sitio de llamada en todas las plataformas. "ButtonBase.BackColor" solo se admite en "windows" 6.1 y versiones posteriores. (https://learn.microsoft.com/dotnet/fundamentals/code-analysis/quality-rules/ca1416) [D:\Programacion\File Wizard\File Wizard\File Wizard.csproj]
D:\Programacion\File Wizard\File Wizard\Form3.cs(787,13): warning CA1416: Se puede acceder a este sitio de llamada en todas las plataformas. "Control.Enabled" solo se admite en "windows" 6.1 y versiones posteriores. (https://learn.microsoft.com/dotnet/fundamentals/code-analysis/quality-rules/ca1416) [D:\Programacion\File Wizard\File Wizard\File Wizard.csproj]
D:\Programacion\File Wizard\File Wizard\Form3.cs(779,13): warning CA1416: Se puede acceder a este sitio de llamada en todas las plataformas. "Control.Enabled" solo se admite en "windows" 6.1 y versiones posteriores. (https://learn.microsoft.com/dotnet/fundamentals/code-analysis/quality-rules/ca1416) [D:\Programacion\File Wizard\File Wizard\File Wizard.csproj]
D:\Programacion\File Wizard\File Wizard\Form3.cs(670,47): warning CA1416: Se puede acceder a este sitio de llamada en todas las plataformas. "TextBox.Text" solo se admite en "windows" 6.1 y versiones posteriores. (https://learn.microsoft.com/dotnet/fundamentals/code-analysis/quality-rules/ca1416) [D:\Programacion\File Wizard\File Wizard\File Wizard.csproj]
D:\Programacion\File Wizard\File Wizard\Form2.cs(740,17): warning CA1416: Se puede acceder a este sitio de llamada en todas las plataformas. "ButtonBase.BackColor" solo se admite en "windows" 6.1 y versiones posteriores. (https://learn.microsoft.com/dotnet/fundamentals/code-analysis/quality-rules/ca1416) [D:\Programacion\File Wizard\File Wizard\File Wizard.csproj]
D:\Programacion\File Wizard\File Wizard\Form3.cs(778,13): warning CA1416: Se puede acceder a este sitio de llamada en todas las plataformas. "ButtonBase.BackColor" solo se admite en "windows" 6.1 y versiones posteriores. (https://learn.microsoft.com/dotnet/fundamentals/code-analysis/quality-rules/ca1416) [D:\Programacion\File Wizard\File Wizard\File Wizard.csproj]
D:\Programacion\File Wizard\File Wizard\Form3.cs(788,13): warning CA1416: Se puede acceder a este sitio de llamada en todas las plataformas. "Control.Enabled" solo se admite en "windows" 6.1 y versiones posteriores. (https://learn.microsoft.com/dotnet/fundamentals/code-analysis/quality-rules/ca1416) [D:\Programacion\File Wizard\File Wizard\File Wizard.csproj]
D:\Programacion\File Wizard\File Wizard\Form2.cs(749,13): warning CA1416: Se puede acceder a este sitio de llamada en todas las plataformas. "Control.Enabled" solo se admite en "windows" 6.1 y versiones posteriores. (https://learn.microsoft.com/dotnet/fundamentals/code-analysis/quality-rules/ca1416) [D:\Programacion\File Wizard\File Wizard\File Wizard.csproj]
D:\Programacion\File Wizard\File Wizard\Form3.cs(712,22): warning CA1416: Se puede acceder a este sitio de llamada en todas las plataformas. "KeyEventArgs.KeyCode" solo se admite en "windows" 6.1 y versiones posteriores. (https://learn.microsoft.com/dotnet/fundamentals/code-analysis/quality-rules/ca1416) [D:\Programacion\File Wizard\File Wizard\File Wizard.csproj]
D:\Programacion\File Wizard\File Wizard\Form3.cs(777,13): warning CA1416: Se puede acceder a este sitio de llamada en todas las plataformas. "Control.Enabled" solo se admite en "windows" 6.1 y versiones posteriores. (https://learn.microsoft.com/dotnet/fundamentals/code-analysis/quality-rules/ca1416) [D:\Programacion\File Wizard\File Wizard\File Wizard.csproj]
D:\Programacion\File Wizard\File Wizard\Form2.cs(747,13): warning CA1416: Se puede acceder a este sitio de llamada en todas las plataformas. "ButtonBase.BackColor" solo se admite en "windows" 6.1 y versiones posteriores. (https://learn.microsoft.com/dotnet/fundamentals/code-analysis/quality-rules/ca1416) [D:\Programacion\File Wizard\File Wizard\File Wizard.csproj]
D:\Programacion\File Wizard\File Wizard\Form3.cs(784,13): warning CA1416: Se puede acceder a este sitio de llamada en todas las plataformas. "ButtonBase.BackColor" solo se admite en "windows" 6.1 y versiones posteriores. (https://learn.microsoft.com/dotnet/fundamentals/code-analysis/quality-rules/ca1416) [D:\Programacion\File Wizard\File Wizard\File Wizard.csproj]
D:\Programacion\File Wizard\File Wizard\Form2.cs(727,17): warning CA1416: Se puede acceder a este sitio de llamada en todas las plataformas. "Control.Enabled" solo se admite en "windows" 6.1 y versiones posteriores. (https://learn.microsoft.com/dotnet/fundamentals/code-analysis/quality-rules/ca1416) [D:\Programacion\File Wizard\File Wizard\File Wizard.csproj]
D:\Programacion\File Wizard\File Wizard\Form3.cs(708,17): warning CA1416: Se puede acceder a este sitio de llamada en todas las plataformas. "TextBox.Text" solo se admite en "windows" 6.1 y versiones posteriores. (https://learn.microsoft.com/dotnet/fundamentals/code-analysis/quality-rules/ca1416) [D:\Programacion\File Wizard\File Wizard\File Wizard.csproj]
D:\Programacion\File Wizard\File Wizard\Form2.cs(726,17): warning CA1416: Se puede acceder a este sitio de llamada en todas las plataformas. "ButtonBase.BackColor" solo se admite en "windows" 6.1 y versiones posteriores. (https://learn.microsoft.com/dotnet/fundamentals/code-analysis/quality-rules/ca1416) [D:\Programacion\File Wizard\File Wizard\File Wizard.csproj]
D:\Programacion\File Wizard\File Wizard\Form3.cs(775,17): warning CA1416: Se puede acceder a este sitio de llamada en todas las plataformas. "ButtonBase.BackColor" solo se admite en "windows" 6.1 y versiones posteriores. (https://learn.microsoft.com/dotnet/fundamentals/code-analysis/quality-rules/ca1416) [D:\Programacion\File Wizard\File Wizard\File Wizard.csproj]
D:\Programacion\File Wizard\File Wizard\Form3.cs(786,13): warning CA1416: Se puede acceder a este sitio de llamada en todas las plataformas. "Control.Enabled" solo se admite en "windows" 6.1 y versiones posteriores. (https://learn.microsoft.com/dotnet/fundamentals/code-analysis/quality-rules/ca1416) [D:\Programacion\File Wizard\File Wizard\File Wizard.csproj]
D:\Programacion\File Wizard\File Wizard\Form3.cs(782,13): warning CA1416: Se puede acceder a este sitio de llamada en todas las plataformas. "ButtonBase.BackColor" solo se admite en "windows" 6.1 y versiones posteriores. (https://learn.microsoft.com/dotnet/fundamentals/code-analysis/quality-rules/ca1416) [D:\Programacion\File Wizard\File Wizard\File Wizard.csproj]
D:\Programacion\File Wizard\File Wizard\Form3.cs(667,21): warning CA1416: Se puede acceder a este sitio de llamada en todas las plataformas. "MessageBox.Show(string?)" solo se admite en "windows" 6.1 y versiones posteriores. (https://learn.microsoft.com/dotnet/fundamentals/code-analysis/quality-rules/ca1416) [D:\Programacion\File Wizard\File Wizard\File Wizard.csproj]
D:\Programacion\File Wizard\File Wizard\Form2.cs(728,17): warning CA1416: Se puede acceder a este sitio de llamada en todas las plataformas. "ButtonBase.BackColor" solo se admite en "windows" 6.1 y versiones posteriores. (https://learn.microsoft.com/dotnet/fundamentals/code-analysis/quality-rules/ca1416) [D:\Programacion\File Wizard\File Wizard\File Wizard.csproj]
D:\Programacion\File Wizard\File Wizard\Form2.cs(729,17): warning CA1416: Se puede acceder a este sitio de llamada en todas las plataformas. "Control.Enabled" solo se admite en "windows" 6.1 y versiones posteriores. (https://learn.microsoft.com/dotnet/fundamentals/code-analysis/quality-rules/ca1416) [D:\Programacion\File Wizard\File Wizard\File Wizard.csproj]
D:\Programacion\File Wizard\File Wizard\Form3.cs(783,13): warning CA1416: Se puede acceder a este sitio de llamada en todas las plataformas. "Control.Enabled" solo se admite en "windows" 6.1 y versiones posteriores. (https://learn.microsoft.com/dotnet/fundamentals/code-analysis/quality-rules/ca1416) [D:\Programacion\File Wizard\File Wizard\File Wizard.csproj]
D:\Programacion\File Wizard\File Wizard\Form2.cs(750,13): warning CA1416: Se puede acceder a este sitio de llamada en todas las plataformas. "Control.Enabled" solo se admite en "windows" 6.1 y versiones posteriores. (https://learn.microsoft.com/dotnet/fundamentals/code-analysis/quality-rules/ca1416) [D:\Programacion\File Wizard\File Wizard\File Wizard.csproj]
D:\Programacion\File Wizard\File Wizard\Form3.cs(727,17): warning CA1416: Se puede acceder a este sitio de llamada en todas las plataformas. "KeyEventArgs.SuppressKeyPress" solo se admite en "windows" 6.1 y versiones posteriores. (https://learn.microsoft.com/dotnet/fundamentals/code-analysis/quality-rules/ca1416) [D:\Programacion\File Wizard\File Wizard\File Wizard.csproj]
D:\Programacion\File Wizard\File Wizard\Form2.cs(748,13): warning CA1416: Se puede acceder a este sitio de llamada en todas las plataformas. "Control.Enabled" solo se admite en "windows" 6.1 y versiones posteriores. (https://learn.microsoft.com/dotnet/fundamentals/code-analysis/quality-rules/ca1416) [D:\Programacion\File Wizard\File Wizard\File Wizard.csproj]
D:\Programacion\File Wizard\File Wizard\Form2.cs(742,17): warning CA1416: Se puede acceder a este sitio de llamada en todas las plataformas. "ButtonBase.BackColor" solo se admite en "windows" 6.1 y versiones posteriores. (https://learn.microsoft.com/dotnet/fundamentals/code-analysis/quality-rules/ca1416) [D:\Programacion\File Wizard\File Wizard\File Wizard.csproj]
D:\Programacion\File Wizard\File Wizard\Form3.cs(720,21): warning CA1416: Se puede acceder a este sitio de llamada en todas las plataformas. "TextBoxBase.Clear()" solo se admite en "windows" 6.1 y versiones posteriores. (https://learn.microsoft.com/dotnet/fundamentals/code-analysis/quality-rules/ca1416) [D:\Programacion\File Wizard\File Wizard\File Wizard.csproj]
D:\Programacion\File Wizard\File Wizard\Form3.cs(709,43): warning CA1416: Se puede acceder a este sitio de llamada en todas las plataformas. "TextBox.Text" solo se admite en "windows" 6.1 y versiones posteriores. (https://learn.microsoft.com/dotnet/fundamentals/code-analysis/quality-rules/ca1416) [D:\Programacion\File Wizard\File Wizard\File Wizard.csproj]
D:\Programacion\File Wizard\File Wizard\Form3.cs(700,22): warning CA1416: Se puede acceder a este sitio de llamada en todas las plataformas. "KeyEventArgs.KeyCode" solo se admite en "windows" 6.1 y versiones posteriores. (https://learn.microsoft.com/dotnet/fundamentals/code-analysis/quality-rules/ca1416) [D:\Programacion\File Wizard\File Wizard\File Wizard.csproj]
D:\Programacion\File Wizard\File Wizard\Form3.cs(709,17): warning CA1416: Se puede acceder a este sitio de llamada en todas las plataformas. "TextBoxBase.SelectionStart" solo se admite en "windows" 6.1 y versiones posteriores. (https://learn.microsoft.com/dotnet/fundamentals/code-analysis/quality-rules/ca1416) [D:\Programacion\File Wizard\File Wizard\File Wizard.csproj]
D:\Programacion\File Wizard\File Wizard\Form3.cs(677,21): warning CA1416: Se puede acceder a este sitio de llamada en todas las plataformas. "MessageBox.Show(string?)" solo se admite en "windows" 6.1 y versiones posteriores. (https://learn.microsoft.com/dotnet/fundamentals/code-analysis/quality-rules/ca1416) [D:\Programacion\File Wizard\File Wizard\File Wizard.csproj]
D:\Programacion\File Wizard\File Wizard\Form3.cs(691,25): warning CA1416: Se puede acceder a este sitio de llamada en todas las plataformas. "TextBoxBase.Clear()" solo se admite en "windows" 6.1 y versiones posteriores. (https://learn.microsoft.com/dotnet/fundamentals/code-analysis/quality-rules/ca1416) [D:\Programacion\File Wizard\File Wizard\File Wizard.csproj]
D:\Programacion\File Wizard\File Wizard\Form3.cs(688,25): warning CA1416: Se puede acceder a este sitio de llamada en todas las plataformas. "KeyEventArgs.SuppressKeyPress" solo se admite en "windows" 6.1 y versiones posteriores. (https://learn.microsoft.com/dotnet/fundamentals/code-analysis/quality-rules/ca1416) [D:\Programacion\File Wizard\File Wizard\File Wizard.csproj]
D:\Programacion\File Wizard\File Wizard\Form3.cs(724,21): warning CA1416: Se puede acceder a este sitio de llamada en todas las plataformas. "TextBox.Text" solo se admite en "windows" 6.1 y versiones posteriores. (https://learn.microsoft.com/dotnet/fundamentals/code-analysis/quality-rules/ca1416) [D:\Programacion\File Wizard\File Wizard\File Wizard.csproj]
D:\Programacion\File Wizard\File Wizard\Form3.cs(681,45): warning CA1416: Se puede acceder a este sitio de llamada en todas las plataformas. "TextBox.Text" solo se admite en "windows" 6.1 y versiones posteriores. (https://learn.microsoft.com/dotnet/fundamentals/code-analysis/quality-rules/ca1416) [D:\Programacion\File Wizard\File Wizard\File Wizard.csproj]
D:\Programacion\File Wizard\File Wizard\Form3.cs(710,17): warning CA1416: Se puede acceder a este sitio de llamada en todas las plataformas. "KeyEventArgs.SuppressKeyPress" solo se admite en "windows" 6.1 y versiones posteriores. (https://learn.microsoft.com/dotnet/fundamentals/code-analysis/quality-rules/ca1416) [D:\Programacion\File Wizard\File Wizard\File Wizard.csproj]
D:\Programacion\File Wizard\File Wizard\Form3.cs(725,47): warning CA1416: Se puede acceder a este sitio de llamada en todas las plataformas. "TextBox.Text" solo se admite en "windows" 6.1 y versiones posteriores. (https://learn.microsoft.com/dotnet/fundamentals/code-analysis/quality-rules/ca1416) [D:\Programacion\File Wizard\File Wizard\File Wizard.csproj]
D:\Programacion\File Wizard\File Wizard\Form3.cs(815,17): warning CA1416: Se puede acceder a este sitio de llamada en todas las plataformas. "ButtonBase.BackColor" solo se admite en "windows" 6.1 y versiones posteriores. (https://learn.microsoft.com/dotnet/fundamentals/code-analysis/quality-rules/ca1416) [D:\Programacion\File Wizard\File Wizard\File Wizard.csproj]
D:\Programacion\File Wizard\File Wizard\Form3.cs(797,17): warning CA1416: Se puede acceder a este sitio de llamada en todas las plataformas. "ButtonBase.BackColor" solo se admite en "windows" 6.1 y versiones posteriores. (https://learn.microsoft.com/dotnet/fundamentals/code-analysis/quality-rules/ca1416) [D:\Programacion\File Wizard\File Wizard\File Wizard.csproj]
D:\Programacion\File Wizard\File Wizard\Form3.cs(822,13): warning CA1416: Se puede acceder a este sitio de llamada en todas las plataformas. "Control.Enabled" solo se admite en "windows" 6.1 y versiones posteriores. (https://learn.microsoft.com/dotnet/fundamentals/code-analysis/quality-rules/ca1416) [D:\Programacion\File Wizard\File Wizard\File Wizard.csproj]
D:\Programacion\File Wizard\File Wizard\Form3.cs(817,13): warning CA1416: Se puede acceder a este sitio de llamada en todas las plataformas. "Control.Enabled" solo se admite en "windows" 6.1 y versiones posteriores. (https://learn.microsoft.com/dotnet/fundamentals/code-analysis/quality-rules/ca1416) [D:\Programacion\File Wizard\File Wizard\File Wizard.csproj]
D:\Programacion\File Wizard\File Wizard\Form3.cs(802,17): warning CA1416: Se puede acceder a este sitio de llamada en todas las plataformas. "Control.Enabled" solo se admite en "windows" 6.1 y versiones posteriores. (https://learn.microsoft.com/dotnet/fundamentals/code-analysis/quality-rules/ca1416) [D:\Programacion\File Wizard\File Wizard\File Wizard.csproj]
D:\Programacion\File Wizard\File Wizard\Form3.cs(818,13): warning CA1416: Se puede acceder a este sitio de llamada en todas las plataformas. "ButtonBase.BackColor" solo se admite en "windows" 6.1 y versiones posteriores. (https://learn.microsoft.com/dotnet/fundamentals/code-analysis/quality-rules/ca1416) [D:\Programacion\File Wizard\File Wizard\File Wizard.csproj]
D:\Programacion\File Wizard\File Wizard\Form3.cs(810,17): warning CA1416: Se puede acceder a este sitio de llamada en todas las plataformas. "Control.Enabled" solo se admite en "windows" 6.1 y versiones posteriores. (https://learn.microsoft.com/dotnet/fundamentals/code-analysis/quality-rules/ca1416) [D:\Programacion\File Wizard\File Wizard\File Wizard.csproj]
D:\Programacion\File Wizard\File Wizard\Form3.cs(808,17): warning CA1416: Se puede acceder a este sitio de llamada en todas las plataformas. "Control.Enabled" solo se admite en "windows" 6.1 y versiones posteriores. (https://learn.microsoft.com/dotnet/fundamentals/code-analysis/quality-rules/ca1416) [D:\Programacion\File Wizard\File Wizard\File Wizard.csproj]
D:\Programacion\File Wizard\File Wizard\Form3.cs(812,17): warning CA1416: Se puede acceder a este sitio de llamada en todas las plataformas. "Control.Enabled" solo se admite en "windows" 6.1 y versiones posteriores. (https://learn.microsoft.com/dotnet/fundamentals/code-analysis/quality-rules/ca1416) [D:\Programacion\File Wizard\File Wizard\File Wizard.csproj]
D:\Programacion\File Wizard\File Wizard\Form3.cs(823,13): warning CA1416: Se puede acceder a este sitio de llamada en todas las plataformas. "Control.Enabled" solo se admite en "windows" 6.1 y versiones posteriores. (https://learn.microsoft.com/dotnet/fundamentals/code-analysis/quality-rules/ca1416) [D:\Programacion\File Wizard\File Wizard\File Wizard.csproj]
D:\Programacion\File Wizard\File Wizard\Form3.cs(820,13): warning CA1416: Se puede acceder a este sitio de llamada en todas las plataformas. "Control.Enabled" solo se admite en "windows" 6.1 y versiones posteriores. (https://learn.microsoft.com/dotnet/fundamentals/code-analysis/quality-rules/ca1416) [D:\Programacion\File Wizard\File Wizard\File Wizard.csproj]
D:\Programacion\File Wizard\File Wizard\Form3.cs(796,17): warning CA1416: Se puede acceder a este sitio de llamada en todas las plataformas. "Control.Enabled" solo se admite en "windows" 6.1 y versiones posteriores. (https://learn.microsoft.com/dotnet/fundamentals/code-analysis/quality-rules/ca1416) [D:\Programacion\File Wizard\File Wizard\File Wizard.csproj]
D:\Programacion\File Wizard\File Wizard\Form3.cs(819,13): warning CA1416: Se puede acceder a este sitio de llamada en todas las plataformas. "Control.Enabled" solo se admite en "windows" 6.1 y versiones posteriores. (https://learn.microsoft.com/dotnet/fundamentals/code-analysis/quality-rules/ca1416) [D:\Programacion\File Wizard\File Wizard\File Wizard.csproj]
D:\Programacion\File Wizard\File Wizard\Form3.cs(814,17): warning CA1416: Se puede acceder a este sitio de llamada en todas las plataformas. "Control.Enabled" solo se admite en "windows" 6.1 y versiones posteriores. (https://learn.microsoft.com/dotnet/fundamentals/code-analysis/quality-rules/ca1416) [D:\Programacion\File Wizard\File Wizard\File Wizard.csproj]
D:\Programacion\File Wizard\File Wizard\Form3.cs(801,17): warning CA1416: Se puede acceder a este sitio de llamada en todas las plataformas. "ButtonBase.BackColor" solo se admite en "windows" 6.1 y versiones posteriores. (https://learn.microsoft.com/dotnet/fundamentals/code-analysis/quality-rules/ca1416) [D:\Programacion\File Wizard\File Wizard\File Wizard.csproj]
D:\Programacion\File Wizard\File Wizard\Form3.cs(821,13): warning CA1416: Se puede acceder a este sitio de llamada en todas las plataformas. "Control.Enabled" solo se admite en "windows" 6.1 y versiones posteriores. (https://learn.microsoft.com/dotnet/fundamentals/code-analysis/quality-rules/ca1416) [D:\Programacion\File Wizard\File Wizard\File Wizard.csproj]
D:\Programacion\File Wizard\File Wizard\Form3.cs(798,17): warning CA1416: Se puede acceder a este sitio de llamada en todas las plataformas. "Control.Enabled" solo se admite en "windows" 6.1 y versiones posteriores. (https://learn.microsoft.com/dotnet/fundamentals/code-analysis/quality-rules/ca1416) [D:\Programacion\File Wizard\File Wizard\File Wizard.csproj]
D:\Programacion\File Wizard\File Wizard\Form3.cs(811,17): warning CA1416: Se puede acceder a este sitio de llamada en todas las plataformas. "ButtonBase.BackColor" solo se admite en "windows" 6.1 y versiones posteriores. (https://learn.microsoft.com/dotnet/fundamentals/code-analysis/quality-rules/ca1416) [D:\Programacion\File Wizard\File Wizard\File Wizard.csproj]
D:\Programacion\File Wizard\File Wizard\Form3.cs(809,17): warning CA1416: Se puede acceder a este sitio de llamada en todas las plataformas. "ButtonBase.BackColor" solo se admite en "windows" 6.1 y versiones posteriores. (https://learn.microsoft.com/dotnet/fundamentals/code-analysis/quality-rules/ca1416) [D:\Programacion\File Wizard\File Wizard\File Wizard.csproj]
D:\Programacion\File Wizard\File Wizard\Form3.cs(800,17): warning CA1416: Se puede acceder a este sitio de llamada en todas las plataformas. "Control.Enabled" solo se admite en "windows" 6.1 y versiones posteriores. (https://learn.microsoft.com/dotnet/fundamentals/code-analysis/quality-rules/ca1416) [D:\Programacion\File Wizard\File Wizard\File Wizard.csproj]
D:\Programacion\File Wizard\File Wizard\Form3.cs(813,17): warning CA1416: Se puede acceder a este sitio de llamada en todas las plataformas. "ButtonBase.BackColor" solo se admite en "windows" 6.1 y versiones posteriores. (https://learn.microsoft.com/dotnet/fundamentals/code-analysis/quality-rules/ca1416) [D:\Programacion\File Wizard\File Wizard\File Wizard.csproj]
D:\Programacion\File Wizard\File Wizard\Form3.cs(803,17): warning CA1416: Se puede acceder a este sitio de llamada en todas las plataformas. "ButtonBase.BackColor" solo se admite en "windows" 6.1 y versiones posteriores. (https://learn.microsoft.com/dotnet/fundamentals/code-analysis/quality-rules/ca1416) [D:\Programacion\File Wizard\File Wizard\File Wizard.csproj]
D:\Programacion\File Wizard\File Wizard\Form3.cs(799,17): warning CA1416: Se puede acceder a este sitio de llamada en todas las plataformas. "ButtonBase.BackColor" solo se admite en "windows" 6.1 y versiones posteriores. (https://learn.microsoft.com/dotnet/fundamentals/code-analysis/quality-rules/ca1416) [D:\Programacion\File Wizard\File Wizard\File Wizard.csproj]
D:\Programacion\File Wizard\File Wizard\Form3.cs(275,52): warning CA1416: Se puede acceder a este sitio de llamada en todas las plataformas. "TextBox.Text" solo se admite en "windows" 6.1 y versiones posteriores. (https://learn.microsoft.com/dotnet/fundamentals/code-analysis/quality-rules/ca1416) [D:\Programacion\File Wizard\File Wizard\File Wizard.csproj]
D:\Programacion\File Wizard\File Wizard\Form3.cs(365,45): warning CA1416: Se puede acceder a este sitio de llamada en todas las plataformas. "Control.Invoke(Delegate)" solo se admite en "windows" 6.1 y versiones posteriores. (https://learn.microsoft.com/dotnet/fundamentals/code-analysis/quality-rules/ca1416) [D:\Programacion\File Wizard\File Wizard\File Wizard.csproj]
D:\Programacion\File Wizard\File Wizard\Form3.cs(468,53): warning CA1416: Se puede acceder a este sitio de llamada en todas las plataformas. "Control.Invoke(Delegate)" solo se admite en "windows" 6.1 y versiones posteriores. (https://learn.microsoft.com/dotnet/fundamentals/code-analysis/quality-rules/ca1416) [D:\Programacion\File Wizard\File Wizard\File Wizard.csproj]
D:\Programacion\File Wizard\File Wizard\Form3.cs(372,49): warning CA1416: Se puede acceder a este sitio de llamada en todas las plataformas. "Label.Text" solo se admite en "windows" 6.1 y versiones posteriores. (https://learn.microsoft.com/dotnet/fundamentals/code-analysis/quality-rules/ca1416) [D:\Programacion\File Wizard\File Wizard\File Wizard.csproj]
D:\Programacion\File Wizard\File Wizard\Form3.cs(456,45): warning CA1416: Se puede acceder a este sitio de llamada en todas las plataformas. "ProgressBar.Maximum" solo se admite en "windows" 6.1 y versiones posteriores. (https://learn.microsoft.com/dotnet/fundamentals/code-analysis/quality-rules/ca1416) [D:\Programacion\File Wizard\File Wizard\File Wizard.csproj]
D:\Programacion\File Wizard\File Wizard\Form3.cs(409,37): warning CA1416: Se puede acceder a este sitio de llamada en todas las plataformas. "Label.Text" solo se admite en "windows" 6.1 y versiones posteriores. (https://learn.microsoft.com/dotnet/fundamentals/code-analysis/quality-rules/ca1416) [D:\Programacion\File Wizard\File Wizard\File Wizard.csproj]
D:\Programacion\File Wizard\File Wizard\Form3.cs(353,37): warning CA1416: Se puede acceder a este sitio de llamada en todas las plataformas. "ProgressBar.Maximum" solo se admite en "windows" 6.1 y versiones posteriores. (https://learn.microsoft.com/dotnet/fundamentals/code-analysis/quality-rules/ca1416) [D:\Programacion\File Wizard\File Wizard\File Wizard.csproj]
D:\Programacion\File Wizard\File Wizard\Form3.cs(550,25): warning CA1416: Se puede acceder a este sitio de llamada en todas las plataformas. "MessageBox.Show(IWin32Window?, string?)" solo se admite en "windows" 6.1 y versiones posteriores. (https://learn.microsoft.com/dotnet/fundamentals/code-analysis/quality-rules/ca1416) [D:\Programacion\File Wizard\File Wizard\File Wizard.csproj]
D:\Programacion\File Wizard\File Wizard\Form3.cs(528,37): warning CA1416: Se puede acceder a este sitio de llamada en todas las plataformas. "Control.Visible" solo se admite en "windows" 6.1 y versiones posteriores. (https://learn.microsoft.com/dotnet/fundamentals/code-analysis/quality-rules/ca1416) [D:\Programacion\File Wizard\File Wizard\File Wizard.csproj]
D:\Programacion\File Wizard\File Wizard\Form3.cs(279,52): warning CA1416: Se puede acceder a este sitio de llamada en todas las plataformas. "TextBox.Text" solo se admite en "windows" 6.1 y versiones posteriores. (https://learn.microsoft.com/dotnet/fundamentals/code-analysis/quality-rules/ca1416) [D:\Programacion\File Wizard\File Wizard\File Wizard.csproj]
D:\Programacion\File Wizard\File Wizard\Form3.cs(344,41): warning CA1416: Se puede acceder a este sitio de llamada en todas las plataformas. "Label.Text" solo se admite en "windows" 6.1 y versiones posteriores. (https://learn.microsoft.com/dotnet/fundamentals/code-analysis/quality-rules/ca1416) [D:\Programacion\File Wizard\File Wizard\File Wizard.csproj]
D:\Programacion\File Wizard\File Wizard\Form3.cs(324,33): warning CA1416: Se puede acceder a este sitio de llamada en todas las plataformas. "Control.Invoke(Action)" solo se admite en "windows" 6.1 y versiones posteriores. (https://learn.microsoft.com/dotnet/fundamentals/code-analysis/quality-rules/ca1416) [D:\Programacion\File Wizard\File Wizard\File Wizard.csproj]
D:\Programacion\File Wizard\File Wizard\Form3.cs(507,41): warning CA1416: Se puede acceder a este sitio de llamada en todas las plataformas. "MessageBox.Show(IWin32Window?, string?)" solo se admite en "windows" 6.1 y versiones posteriores. (https://learn.microsoft.com/dotnet/fundamentals/code-analysis/quality-rules/ca1416) [D:\Programacion\File Wizard\File Wizard\File Wizard.csproj]
D:\Programacion\File Wizard\File Wizard\Form3.cs(557,25): warning CA1416: Se puede acceder a este sitio de llamada en todas las plataformas. "MessageBox.Show(IWin32Window?, string?)" solo se admite en "windows" 6.1 y versiones posteriores. (https://learn.microsoft.com/dotnet/fundamentals/code-analysis/quality-rules/ca1416) [D:\Programacion\File Wizard\File Wizard\File Wizard.csproj]
D:\Programacion\File Wizard\File Wizard\Form3.cs(388,49): warning CA1416: Se puede acceder a este sitio de llamada en todas las plataformas. "ProgressBar.Value" solo se admite en "windows" 6.1 y versiones posteriores. (https://learn.microsoft.com/dotnet/fundamentals/code-analysis/quality-rules/ca1416) [D:\Programacion\File Wizard\File Wizard\File Wizard.csproj]
D:\Programacion\File Wizard\File Wizard\Form3.cs(352,37): warning CA1416: Se puede acceder a este sitio de llamada en todas las plataformas. "ProgressBar.Style" solo se admite en "windows" 6.1 y versiones posteriores. (https://learn.microsoft.com/dotnet/fundamentals/code-analysis/quality-rules/ca1416) [D:\Programacion\File Wizard\File Wizard\File Wizard.csproj]
D:\Programacion\File Wizard\File Wizard\Form3.cs(343,41): warning CA1416: Se puede acceder a este sitio de llamada en todas las plataformas. "Control.Visible" solo se admite en "windows" 6.1 y versiones posteriores. (https://learn.microsoft.com/dotnet/fundamentals/code-analysis/quality-rules/ca1416) [D:\Programacion\File Wizard\File Wizard\File Wizard.csproj]
D:\Programacion\File Wizard\File Wizard\Form3.cs(209,25): warning CA1416: Se puede acceder a este sitio de llamada en todas las plataformas. "RadioButton.Checked" solo se admite en "windows" 6.1 y versiones posteriores. (https://learn.microsoft.com/dotnet/fundamentals/code-analysis/quality-rules/ca1416) [D:\Programacion\File Wizard\File Wizard\File Wizard.csproj]
D:\Programacion\File Wizard\File Wizard\Form3.cs(282,52): warning CA1416: Se puede acceder a este sitio de llamada en todas las plataformas. "TextBox.Text" solo se admite en "windows" 6.1 y versiones posteriores. (https://learn.microsoft.com/dotnet/fundamentals/code-analysis/quality-rules/ca1416) [D:\Programacion\File Wizard\File Wizard\File Wizard.csproj]
D:\Programacion\File Wizard\File Wizard\Form3.cs(406,33): warning CA1416: Se puede acceder a este sitio de llamada en todas las plataformas. "Control.Invoke(Action)" solo se admite en "windows" 6.1 y versiones posteriores. (https://learn.microsoft.com/dotnet/fundamentals/code-analysis/quality-rules/ca1416) [D:\Programacion\File Wizard\File Wizard\File Wizard.csproj]
D:\Programacion\File Wizard\File Wizard\Form3.cs(404,37): warning CA1416: Se puede acceder a este sitio de llamada en todas las plataformas. "MessageBox.Show(IWin32Window?, string?)" solo se admite en "windows" 6.1 y versiones posteriores. (https://learn.microsoft.com/dotnet/fundamentals/code-analysis/quality-rules/ca1416) [D:\Programacion\File Wizard\File Wizard\File Wizard.csproj]
D:\Programacion\File Wizard\File Wizard\Form3.cs(498,45): warning CA1416: Se puede acceder a este sitio de llamada en todas las plataformas. "Control.Visible" solo se admite en "windows" 6.1 y versiones posteriores. (https://learn.microsoft.com/dotnet/fundamentals/code-analysis/quality-rules/ca1416) [D:\Programacion\File Wizard\File Wizard\File Wizard.csproj]
D:\Programacion\File Wizard\File Wizard\Form3.cs(179,25): warning CA1416: Se puede acceder a este sitio de llamada en todas las plataformas. "RadioButton.Checked" solo se admite en "windows" 6.1 y versiones posteriores. (https://learn.microsoft.com/dotnet/fundamentals/code-analysis/quality-rules/ca1416) [D:\Programacion\File Wizard\File Wizard\File Wizard.csproj]
D:\Programacion\File Wizard\File Wizard\Form3.cs(470,57): warning CA1416: Se puede acceder a este sitio de llamada en todas las plataformas. "MessageBox.Show(IWin32Window?, string?)" solo se admite en "windows" 6.1 y versiones posteriores. (https://learn.microsoft.com/dotnet/fundamentals/code-analysis/quality-rules/ca1416) [D:\Programacion\File Wizard\File Wizard\File Wizard.csproj]
D:\Programacion\File Wizard\File Wizard\Form3.cs(453,41): warning CA1416: Se puede acceder a este sitio de llamada en todas las plataformas. "Control.Invoke(Action)" solo se admite en "windows" 6.1 y versiones posteriores. (https://learn.microsoft.com/dotnet/fundamentals/code-analysis/quality-rules/ca1416) [D:\Programacion\File Wizard\File Wizard\File Wizard.csproj]
D:\Programacion\File Wizard\File Wizard\Form3.cs(311,29): warning CA1416: Se puede acceder a este sitio de llamada en todas las plataformas. "ProgressBar.Maximum" solo se admite en "windows" 6.1 y versiones posteriores. (https://learn.microsoft.com/dotnet/fundamentals/code-analysis/quality-rules/ca1416) [D:\Programacion\File Wizard\File Wizard\File Wizard.csproj]
D:\Programacion\File Wizard\File Wizard\Form3.cs(326,37): warning CA1416: Se puede acceder a este sitio de llamada en todas las plataformas. "Control.Visible" solo se admite en "windows" 6.1 y versiones posteriores. (https://learn.microsoft.com/dotnet/fundamentals/code-analysis/quality-rules/ca1416) [D:\Programacion\File Wizard\File Wizard\File Wizard.csproj]
D:\Programacion\File Wizard\File Wizard\Form3.cs(337,37): warning CA1416: Se puede acceder a este sitio de llamada en todas las plataformas. "Control.Invoke(Delegate)" solo se admite en "windows" 6.1 y versiones posteriores. (https://learn.microsoft.com/dotnet/fundamentals/code-analysis/quality-rules/ca1416) [D:\Programacion\File Wizard\File Wizard\File Wizard.csproj]
D:\Programacion\File Wizard\File Wizard\Form3.cs(487,57): warning CA1416: Se puede acceder a este sitio de llamada en todas las plataformas. "ProgressBar.Value" solo se admite en "windows" 6.1 y versiones posteriores. (https://learn.microsoft.com/dotnet/fundamentals/code-analysis/quality-rules/ca1416) [D:\Programacion\File Wizard\File Wizard\File Wizard.csproj]
D:\Programacion\File Wizard\File Wizard\Form3.cs(327,37): warning CA1416: Se puede acceder a este sitio de llamada en todas las plataformas. "Label.Text" solo se admite en "windows" 6.1 y versiones posteriores. (https://learn.microsoft.com/dotnet/fundamentals/code-analysis/quality-rules/ca1416) [D:\Programacion\File Wizard\File Wizard\File Wizard.csproj]
D:\Programacion\File Wizard\File Wizard\Form3.cs(380,41): warning CA1416: Se puede acceder a este sitio de llamada en todas las plataformas. "Control.Invoke(Action)" solo se admite en "windows" 6.1 y versiones posteriores. (https://learn.microsoft.com/dotnet/fundamentals/code-analysis/quality-rules/ca1416) [D:\Programacion\File Wizard\File Wizard\File Wizard.csproj]
D:\Programacion\File Wizard\File Wizard\Form3.cs(310,29): warning CA1416: Se puede acceder a este sitio de llamada en todas las plataformas. "ProgressBar.Style" solo se admite en "windows" 6.1 y versiones posteriores. (https://learn.microsoft.com/dotnet/fundamentals/code-analysis/quality-rules/ca1416) [D:\Programacion\File Wizard\File Wizard\File Wizard.csproj]
D:\Programacion\File Wizard\File Wizard\Form3.cs(402,33): warning CA1416: Se puede acceder a este sitio de llamada en todas las plataformas. "Control.Invoke(Delegate)" solo se admite en "windows" 6.1 y versiones posteriores. (https://learn.microsoft.com/dotnet/fundamentals/code-analysis/quality-rules/ca1416) [D:\Programacion\File Wizard\File Wizard\File Wizard.csproj]
D:\Programacion\File Wizard\File Wizard\Form3.cs(459,45): warning CA1416: Se puede acceder a este sitio de llamada en todas las plataformas. "Label.Text" solo se admite en "windows" 6.1 y versiones posteriores. (https://learn.microsoft.com/dotnet/fundamentals/code-analysis/quality-rules/ca1416) [D:\Programacion\File Wizard\File Wizard\File Wizard.csproj]
D:\Programacion\File Wizard\File Wizard\Form3.cs(457,45): warning CA1416: Se puede acceder a este sitio de llamada en todas las plataformas. "ProgressBar.Value" solo se admite en "windows" 6.1 y versiones posteriores. (https://learn.microsoft.com/dotnet/fundamentals/code-analysis/quality-rules/ca1416) [D:\Programacion\File Wizard\File Wizard\File Wizard.csproj]
D:\Programacion\File Wizard\File Wizard\Form3.cs(339,41): warning CA1416: Se puede acceder a este sitio de llamada en todas las plataformas. "MessageBox.Show(IWin32Window?, string?)" solo se admite en "windows" 6.1 y versiones posteriores. (https://learn.microsoft.com/dotnet/fundamentals/code-analysis/quality-rules/ca1416) [D:\Programacion\File Wizard\File Wizard\File Wizard.csproj]
D:\Programacion\File Wizard\File Wizard\Form3.cs(512,41): warning CA1416: Se puede acceder a este sitio de llamada en todas las plataformas. "Label.Text" solo se admite en "windows" 6.1 y versiones posteriores. (https://learn.microsoft.com/dotnet/fundamentals/code-analysis/quality-rules/ca1416) [D:\Programacion\File Wizard\File Wizard\File Wizard.csproj]
D:\Programacion\File Wizard\File Wizard\Form3.cs(509,37): warning CA1416: Se puede acceder a este sitio de llamada en todas las plataformas. "Control.Invoke(Action)" solo se admite en "windows" 6.1 y versiones posteriores. (https://learn.microsoft.com/dotnet/fundamentals/code-analysis/quality-rules/ca1416) [D:\Programacion\File Wizard\File Wizard\File Wizard.csproj]
D:\Programacion\File Wizard\File Wizard\Form3.cs(505,37): warning CA1416: Se puede acceder a este sitio de llamada en todas las plataformas. "Control.Invoke(Delegate)" solo se admite en "windows" 6.1 y versiones posteriores. (https://learn.microsoft.com/dotnet/fundamentals/code-analysis/quality-rules/ca1416) [D:\Programacion\File Wizard\File Wizard\File Wizard.csproj]
D:\Programacion\File Wizard\File Wizard\Form3.cs(475,57): warning CA1416: Se puede acceder a este sitio de llamada en todas las plataformas. "Label.Text" solo se admite en "windows" 6.1 y versiones posteriores. (https://learn.microsoft.com/dotnet/fundamentals/code-analysis/quality-rules/ca1416) [D:\Programacion\File Wizard\File Wizard\File Wizard.csproj]
D:\Programacion\File Wizard\File Wizard\Form3.cs(396,37): warning CA1416: Se puede acceder a este sitio de llamada en todas las plataformas. "Label.Text" solo se admite en "windows" 6.1 y versiones posteriores. (https://learn.microsoft.com/dotnet/fundamentals/code-analysis/quality-rules/ca1416) [D:\Programacion\File Wizard\File Wizard\File Wizard.csproj]
D:\Programacion\File Wizard\File Wizard\Form3.cs(312,29): warning CA1416: Se puede acceder a este sitio de llamada en todas las plataformas. "ProgressBar.Value" solo se admite en "windows" 6.1 y versiones posteriores. (https://learn.microsoft.com/dotnet/fundamentals/code-analysis/quality-rules/ca1416) [D:\Programacion\File Wizard\File Wizard\File Wizard.csproj]
D:\Programacion\File Wizard\File Wizard\Form3.cs(355,37): warning CA1416: Se puede acceder a este sitio de llamada en todas las plataformas. "Control.Visible" solo se admite en "windows" 6.1 y versiones posteriores. (https://learn.microsoft.com/dotnet/fundamentals/code-analysis/quality-rules/ca1416) [D:\Programacion\File Wizard\File Wizard\File Wizard.csproj]
D:\Programacion\File Wizard\File Wizard\Form3.cs(425,37): warning CA1416: Se puede acceder a este sitio de llamada en todas las plataformas. "Control.Visible" solo se admite en "windows" 6.1 y versiones posteriores. (https://learn.microsoft.com/dotnet/fundamentals/code-analysis/quality-rules/ca1416) [D:\Programacion\File Wizard\File Wizard\File Wizard.csproj]
D:\Programacion\File Wizard\File Wizard\Form3.cs(285,52): warning CA1416: Se puede acceder a este sitio de llamada en todas las plataformas. "TextBox.Text" solo se admite en "windows" 6.1 y versiones posteriores. (https://learn.microsoft.com/dotnet/fundamentals/code-analysis/quality-rules/ca1416) [D:\Programacion\File Wizard\File Wizard\File Wizard.csproj]
D:\Programacion\File Wizard\File Wizard\Form3.cs(322,37): warning CA1416: Se puede acceder a este sitio de llamada en todas las plataformas. "MessageBox.Show(IWin32Window?, string?)" solo se admite en "windows" 6.1 y versiones posteriores. (https://learn.microsoft.com/dotnet/fundamentals/code-analysis/quality-rules/ca1416) [D:\Programacion\File Wizard\File Wizard\File Wizard.csproj]
D:\Programacion\File Wizard\File Wizard\Form3.cs(563,17): warning CA1416: Se puede acceder a este sitio de llamada en todas las plataformas. "Control.Invoke(Delegate)" solo se admite en "windows" 6.1 y versiones posteriores. (https://learn.microsoft.com/dotnet/fundamentals/code-analysis/quality-rules/ca1416) [D:\Programacion\File Wizard\File Wizard\File Wizard.csproj]
D:\Programacion\File Wizard\File Wizard\Form3.cs(356,37): warning CA1416: Se puede acceder a este sitio de llamada en todas las plataformas. "Label.Text" solo se admite en "windows" 6.1 y versiones posteriores. (https://learn.microsoft.com/dotnet/fundamentals/code-analysis/quality-rules/ca1416) [D:\Programacion\File Wizard\File Wizard\File Wizard.csproj]
D:\Programacion\File Wizard\File Wizard\Form3.cs(269,25): warning CA1416: Se puede acceder a este sitio de llamada en todas las plataformas. "RadioButton.Checked" solo se admite en "windows" 6.1 y versiones posteriores. (https://learn.microsoft.com/dotnet/fundamentals/code-analysis/quality-rules/ca1416) [D:\Programacion\File Wizard\File Wizard\File Wizard.csproj]
D:\Programacion\File Wizard\File Wizard\Form3.cs(384,70): warning CA1416: Se puede acceder a este sitio de llamada en todas las plataformas. "ProgressBar.Maximum" solo se admite en "windows" 6.1 y versiones posteriores. (https://learn.microsoft.com/dotnet/fundamentals/code-analysis/quality-rules/ca1416) [D:\Programacion\File Wizard\File Wizard\File Wizard.csproj]
D:\Programacion\File Wizard\File Wizard\Form3.cs(522,33): warning CA1416: Se puede acceder a este sitio de llamada en todas las plataformas. "Control.Invoke(Delegate)" solo se admite en "windows" 6.1 y versiones posteriores. (https://learn.microsoft.com/dotnet/fundamentals/code-analysis/quality-rules/ca1416) [D:\Programacion\File Wizard\File Wizard\File Wizard.csproj]
D:\Programacion\File Wizard\File Wizard\Form3.cs(408,37): warning CA1416: Se puede acceder a este sitio de llamada en todas las plataformas. "Control.Visible" solo se admite en "windows" 6.1 y versiones posteriores. (https://learn.microsoft.com/dotnet/fundamentals/code-analysis/quality-rules/ca1416) [D:\Programacion\File Wizard\File Wizard\File Wizard.csproj]
D:\Programacion\File Wizard\File Wizard\Form3.cs(491,57): warning CA1416: Se puede acceder a este sitio de llamada en todas las plataformas. "ProgressBar.Value" solo se admite en "windows" 6.1 y versiones posteriores. (https://learn.microsoft.com/dotnet/fundamentals/code-analysis/quality-rules/ca1416) [D:\Programacion\File Wizard\File Wizard\File Wizard.csproj]
D:\Programacion\File Wizard\File Wizard\Form3.cs(445,45): warning CA1416: Se puede acceder a este sitio de llamada en todas las plataformas. "Control.Invoke(Action)" solo se admite en "windows" 6.1 y versiones posteriores. (https://learn.microsoft.com/dotnet/fundamentals/code-analysis/quality-rules/ca1416) [D:\Programacion\File Wizard\File Wizard\File Wizard.csproj]
D:\Programacion\File Wizard\File Wizard\Form3.cs(352,58): warning CA1416: Se puede acceder a este sitio de llamada en todas las plataformas. "ProgressBarStyle.Continuous" solo se admite en "windows" 6.1 y versiones posteriores. (https://learn.microsoft.com/dotnet/fundamentals/code-analysis/quality-rules/ca1416) [D:\Programacion\File Wizard\File Wizard\File Wizard.csproj]
D:\Programacion\File Wizard\File Wizard\Form3.cs(529,37): warning CA1416: Se puede acceder a este sitio de llamada en todas las plataformas. "Label.Text" solo se admite en "windows" 6.1 y versiones posteriores. (https://learn.microsoft.com/dotnet/fundamentals/code-analysis/quality-rules/ca1416) [D:\Programacion\File Wizard\File Wizard\File Wizard.csproj]
D:\Programacion\File Wizard\File Wizard\Form3.cs(382,79): warning CA1416: Se puede acceder a este sitio de llamada en todas las plataformas. "ProgressBar.Maximum" solo se admite en "windows" 6.1 y versiones posteriores. (https://learn.microsoft.com/dotnet/fundamentals/code-analysis/quality-rules/ca1416) [D:\Programacion\File Wizard\File Wizard\File Wizard.csproj]
D:\Programacion\File Wizard\File Wizard\Form3.cs(565,21): warning CA1416: Se puede acceder a este sitio de llamada en todas las plataformas. "MessageBox.Show(IWin32Window?, string?)" solo se admite en "windows" 6.1 y versiones posteriores. (https://learn.microsoft.com/dotnet/fundamentals/code-analysis/quality-rules/ca1416) [D:\Programacion\File Wizard\File Wizard\File Wizard.csproj]
D:\Programacion\File Wizard\File Wizard\Form3.cs(448,49): warning CA1416: Se puede acceder a este sitio de llamada en todas las plataformas. "Label.Text" solo se admite en "windows" 6.1 y versiones posteriores. (https://learn.microsoft.com/dotnet/fundamentals/code-analysis/quality-rules/ca1416) [D:\Programacion\File Wizard\File Wizard\File Wizard.csproj]
D:\Programacion\File Wizard\File Wizard\Form3.cs(421,37): warning CA1416: Se puede acceder a este sitio de llamada en todas las plataformas. "MessageBox.Show(IWin32Window?, string?)" solo se admite en "windows" 6.1 y versiones posteriores. (https://learn.microsoft.com/dotnet/fundamentals/code-analysis/quality-rules/ca1416) [D:\Programacion\File Wizard\File Wizard\File Wizard.csproj]
D:\Programacion\File Wizard\File Wizard\Form3.cs(349,62): warning CA1416: Se puede acceder a este sitio de llamada en todas las plataformas. "TextBox.Text" solo se admite en "windows" 6.1 y versiones posteriores. (https://learn.microsoft.com/dotnet/fundamentals/code-analysis/quality-rules/ca1416) [D:\Programacion\File Wizard\File Wizard\File Wizard.csproj]
D:\Programacion\File Wizard\File Wizard\Form3.cs(536,25): warning CA1416: Se puede acceder a este sitio de llamada en todas las plataformas. "Control.Invoke(Delegate)" solo se admite en "windows" 6.1 y versiones posteriores. (https://learn.microsoft.com/dotnet/fundamentals/code-analysis/quality-rules/ca1416) [D:\Programacion\File Wizard\File Wizard\File Wizard.csproj]
D:\Programacion\File Wizard\File Wizard\Form3.cs(441,45): warning CA1416: Se puede acceder a este sitio de llamada en todas las plataformas. "Control.Invoke(Delegate)" solo se admite en "windows" 6.1 y versiones posteriores. (https://learn.microsoft.com/dotnet/fundamentals/code-analysis/quality-rules/ca1416) [D:\Programacion\File Wizard\File Wizard\File Wizard.csproj]
D:\Programacion\File Wizard\File Wizard\Form3.cs(472,53): warning CA1416: Se puede acceder a este sitio de llamada en todas las plataformas. "Control.Invoke(Action)" solo se admite en "windows" 6.1 y versiones posteriores. (https://learn.microsoft.com/dotnet/fundamentals/code-analysis/quality-rules/ca1416) [D:\Programacion\File Wizard\File Wizard\File Wizard.csproj]
D:\Programacion\File Wizard\File Wizard\Form3.cs(447,49): warning CA1416: Se puede acceder a este sitio de llamada en todas las plataformas. "Control.Visible" solo se admite en "windows" 6.1 y versiones posteriores. (https://learn.microsoft.com/dotnet/fundamentals/code-analysis/quality-rules/ca1416) [D:\Programacion\File Wizard\File Wizard\File Wizard.csproj]
D:\Programacion\File Wizard\File Wizard\Form3.cs(499,45): warning CA1416: Se puede acceder a este sitio de llamada en todas las plataformas. "Label.Text" solo se admite en "windows" 6.1 y versiones posteriores. (https://learn.microsoft.com/dotnet/fundamentals/code-analysis/quality-rules/ca1416) [D:\Programacion\File Wizard\File Wizard\File Wizard.csproj]
D:\Programacion\File Wizard\File Wizard\Form3.cs(487,78): warning CA1416: Se puede acceder a este sitio de llamada en todas las plataformas. "ProgressBar.Maximum" solo se admite en "windows" 6.1 y versiones posteriores. (https://learn.microsoft.com/dotnet/fundamentals/code-analysis/quality-rules/ca1416) [D:\Programacion\File Wizard\File Wizard\File Wizard.csproj]
D:\Programacion\File Wizard\File Wizard\Form3.cs(298,25): warning CA1416: Se puede acceder a este sitio de llamada en todas las plataformas. "CheckBox.Checked" solo se admite en "windows" 6.1 y versiones posteriores. (https://learn.microsoft.com/dotnet/fundamentals/code-analysis/quality-rules/ca1416) [D:\Programacion\File Wizard\File Wizard\File Wizard.csproj]
D:\Programacion\File Wizard\File Wizard\Form3.cs(384,49): warning CA1416: Se puede acceder a este sitio de llamada en todas las plataformas. "ProgressBar.Value" solo se admite en "windows" 6.1 y versiones posteriores. (https://learn.microsoft.com/dotnet/fundamentals/code-analysis/quality-rules/ca1416) [D:\Programacion\File Wizard\File Wizard\File Wizard.csproj]
D:\Programacion\File Wizard\File Wizard\Form3.cs(496,41): warning CA1416: Se puede acceder a este sitio de llamada en todas las plataformas. "Control.Invoke(Action)" solo se admite en "windows" 6.1 y versiones posteriores. (https://learn.microsoft.com/dotnet/fundamentals/code-analysis/quality-rules/ca1416) [D:\Programacion\File Wizard\File Wizard\File Wizard.csproj]
D:\Programacion\File Wizard\File Wizard\Form3.cs(419,33): warning CA1416: Se puede acceder a este sitio de llamada en todas las plataformas. "Control.Invoke(Delegate)" solo se admite en "windows" 6.1 y versiones posteriores. (https://learn.microsoft.com/dotnet/fundamentals/code-analysis/quality-rules/ca1416) [D:\Programacion\File Wizard\File Wizard\File Wizard.csproj]
D:\Programacion\File Wizard\File Wizard\Form2.cs(342,33): warning CA1416: Se puede acceder a este sitio de llamada en todas las plataformas. "Control.Invoke(Action)" solo se admite en "windows" 6.1 y versiones posteriores. (https://learn.microsoft.com/dotnet/fundamentals/code-analysis/quality-rules/ca1416) [D:\Programacion\File Wizard\File Wizard\File Wizard.csproj]
D:\Programacion\File Wizard\File Wizard\Form2.cs(377,45): warning CA1416: Se puede acceder a este sitio de llamada en todas las plataformas. "Control.Invoke(Delegate)" solo se admite en "windows" 6.1 y versiones posteriores. (https://learn.microsoft.com/dotnet/fundamentals/code-analysis/quality-rules/ca1416) [D:\Programacion\File Wizard\File Wizard\File Wizard.csproj]
D:\Programacion\File Wizard\File Wizard\Form3.cs(313,29): warning CA1416: Se puede acceder a este sitio de llamada en todas las plataformas. "Control.Visible" solo se admite en "windows" 6.1 y versiones posteriores. (https://learn.microsoft.com/dotnet/fundamentals/code-analysis/quality-rules/ca1416) [D:\Programacion\File Wizard\File Wizard\File Wizard.csproj]
D:\Programacion\File Wizard\File Wizard\Form3.cs(393,33): warning CA1416: Se puede acceder a este sitio de llamada en todas las plataformas. "Control.Invoke(Action)" solo se admite en "windows" 6.1 y versiones posteriores. (https://learn.microsoft.com/dotnet/fundamentals/code-analysis/quality-rules/ca1416) [D:\Programacion\File Wizard\File Wizard\File Wizard.csproj]
D:\Programacion\File Wizard\File Wizard\Form2.cs(474,29): warning CA1416: Se puede acceder a este sitio de llamada en todas las plataformas. "MessageBox.Show(IWin32Window?, string?)" solo se admite en "windows" 6.1 y versiones posteriores. (https://learn.microsoft.com/dotnet/fundamentals/code-analysis/quality-rules/ca1416) [D:\Programacion\File Wizard\File Wizard\File Wizard.csproj]
D:\Programacion\File Wizard\File Wizard\Form3.cs(239,25): warning CA1416: Se puede acceder a este sitio de llamada en todas las plataformas. "RadioButton.Checked" solo se admite en "windows" 6.1 y versiones posteriores. (https://learn.microsoft.com/dotnet/fundamentals/code-analysis/quality-rules/ca1416) [D:\Programacion\File Wizard\File Wizard\File Wizard.csproj]
D:\Programacion\File Wizard\File Wizard\Form2.cs(447,41): warning CA1416: Se puede acceder a este sitio de llamada en todas las plataformas. "Control.Visible" solo se admite en "windows" 6.1 y versiones posteriores. (https://learn.microsoft.com/dotnet/fundamentals/code-analysis/quality-rules/ca1416) [D:\Programacion\File Wizard\File Wizard\File Wizard.csproj]
D:\Programacion\File Wizard\File Wizard\Form3.cs(169,38): warning CA1416: Se puede acceder a este sitio de llamada en todas las plataformas. "TextBoxBase.Lines" solo se admite en "windows" 6.1 y versiones posteriores. (https://learn.microsoft.com/dotnet/fundamentals/code-analysis/quality-rules/ca1416) [D:\Programacion\File Wizard\File Wizard\File Wizard.csproj]
D:\Programacion\File Wizard\File Wizard\Form2.cs(411,57): warning CA1416: Se puede acceder a este sitio de llamada en todas las plataformas. "Label.Text" solo se admite en "windows" 6.1 y versiones posteriores. (https://learn.microsoft.com/dotnet/fundamentals/code-analysis/quality-rules/ca1416) [D:\Programacion\File Wizard\File Wizard\File Wizard.csproj]
D:\Programacion\File Wizard\File Wizard\Form2.cs(505,17): warning CA1416: Se puede acceder a este sitio de llamada en todas las plataformas. "Control.Invoke(Delegate)" solo se admite en "windows" 6.1 y versiones posteriores. (https://learn.microsoft.com/dotnet/fundamentals/code-analysis/quality-rules/ca1416) [D:\Programacion\File Wizard\File Wizard\File Wizard.csproj]
D:\Programacion\File Wizard\File Wizard\Form3.cs(320,33): warning CA1416: Se puede acceder a este sitio de llamada en todas las plataformas. "Control.Invoke(Delegate)" solo se admite en "windows" 6.1 y versiones posteriores. (https://learn.microsoft.com/dotnet/fundamentals/code-analysis/quality-rules/ca1416) [D:\Programacion\File Wizard\File Wizard\File Wizard.csproj]
D:\Programacion\File Wizard\File Wizard\Form2.cs(320,70): warning CA1416: Se puede acceder a este sitio de llamada en todas las plataformas. "ProgressBar.Maximum" solo se admite en "windows" 6.1 y versiones posteriores. (https://learn.microsoft.com/dotnet/fundamentals/code-analysis/quality-rules/ca1416) [D:\Programacion\File Wizard\File Wizard\File Wizard.csproj]
D:\Programacion\File Wizard\File Wizard\Form2.cs(263,37): warning CA1416: Se puede acceder a este sitio de llamada en todas las plataformas. "Label.Text" solo se admite en "windows" 6.1 y versiones posteriores. (https://learn.microsoft.com/dotnet/fundamentals/code-analysis/quality-rules/ca1416) [D:\Programacion\File Wizard\File Wizard\File Wizard.csproj]
D:\Programacion\File Wizard\File Wizard\Form3.cs(455,66): warning CA1416: Se puede acceder a este sitio de llamada en todas las plataformas. "ProgressBarStyle.Continuous" solo se admite en "windows" 6.1 y versiones posteriores. (https://learn.microsoft.com/dotnet/fundamentals/code-analysis/quality-rules/ca1416) [D:\Programacion\File Wizard\File Wizard\File Wizard.csproj]
D:\Programacion\File Wizard\File Wizard\Form2.cs(290,37): warning CA1416: Se puede acceder a este sitio de llamada en todas las plataformas. "ProgressBar.Value" solo se admite en "windows" 6.1 y versiones posteriores. (https://learn.microsoft.com/dotnet/fundamentals/code-analysis/quality-rules/ca1416) [D:\Programacion\File Wizard\File Wizard\File Wizard.csproj]
D:\Programacion\File Wizard\File Wizard\Form2.cs(344,37): warning CA1416: Se puede acceder a este sitio de llamada en todas las plataformas. "Control.Visible" solo se admite en "windows" 6.1 y versiones posteriores. (https://learn.microsoft.com/dotnet/fundamentals/code-analysis/quality-rules/ca1416) [D:\Programacion\File Wizard\File Wizard\File Wizard.csproj]
D:\Programacion\File Wizard\File Wizard\Form3.cs(314,29): warning CA1416: Se puede acceder a este sitio de llamada en todas las plataformas. "Label.Text" solo se admite en "windows" 6.1 y versiones posteriores. (https://learn.microsoft.com/dotnet/fundamentals/code-analysis/quality-rules/ca1416) [D:\Programacion\File Wizard\File Wizard\File Wizard.csproj]
D:\Programacion\File Wizard\File Wizard\Form3.cs(350,33): warning CA1416: Se puede acceder a este sitio de llamada en todas las plataformas. "Control.Invoke(Action)" solo se admite en "windows" 6.1 y versiones posteriores. (https://learn.microsoft.com/dotnet/fundamentals/code-analysis/quality-rules/ca1416) [D:\Programacion\File Wizard\File Wizard\File Wizard.csproj]
D:\Programacion\File Wizard\File Wizard\Form2.cs(443,41): warning CA1416: Se puede acceder a este sitio de llamada en todas las plataformas. "MessageBox.Show(IWin32Window?, string?)" solo se admite en "windows" 6.1 y versiones posteriores. (https://learn.microsoft.com/dotnet/fundamentals/code-analysis/quality-rules/ca1416) [D:\Programacion\File Wizard\File Wizard\File Wizard.csproj]
D:\Programacion\File Wizard\File Wizard\Form2.cs(427,57): warning CA1416: Se puede acceder a este sitio de llamada en todas las plataformas. "ProgressBar.Value" solo se admite en "windows" 6.1 y versiones posteriores. (https://learn.microsoft.com/dotnet/fundamentals/code-analysis/quality-rules/ca1416) [D:\Programacion\File Wizard\File Wizard\File Wizard.csproj]
D:\Programacion\File Wizard\File Wizard\Form3.cs(371,49): warning CA1416: Se puede acceder a este sitio de llamada en todas las plataformas. "Control.Visible" solo se admite en "windows" 6.1 y versiones posteriores. (https://learn.microsoft.com/dotnet/fundamentals/code-analysis/quality-rules/ca1416) [D:\Programacion\File Wizard\File Wizard\File Wizard.csproj]
D:\Programacion\File Wizard\File Wizard\Form2.cs(445,37): warning CA1416: Se puede acceder a este sitio de llamada en todas las plataformas. "Control.Invoke(Action)" solo se admite en "windows" 6.1 y versiones posteriores. (https://learn.microsoft.com/dotnet/fundamentals/code-analysis/quality-rules/ca1416) [D:\Programacion\File Wizard\File Wizard\File Wizard.csproj]
D:\Programacion\File Wizard\File Wizard\Form2.cs(423,78): warning CA1416: Se puede acceder a este sitio de llamada en todas las plataformas. "ProgressBar.Maximum" solo se admite en "windows" 6.1 y versiones posteriores. (https://learn.microsoft.com/dotnet/fundamentals/code-analysis/quality-rules/ca1416) [D:\Programacion\File Wizard\File Wizard\File Wizard.csproj]
D:\Programacion\File Wizard\File Wizard\Form2.cs(277,37): warning CA1416: Se puede acceder a este sitio de llamada en todas las plataformas. "Control.Invoke(Action)" solo se admite en "windows" 6.1 y versiones posteriores. (https://learn.microsoft.com/dotnet/fundamentals/code-analysis/quality-rules/ca1416) [D:\Programacion\File Wizard\File Wizard\File Wizard.csproj]
D:\Programacion\File Wizard\File Wizard\Form3.cs(538,29): warning CA1416: Se puede acceder a este sitio de llamada en todas las plataformas. "MessageBox.Show(IWin32Window?, string?)" solo se admite en "windows" 6.1 y versiones posteriores. (https://learn.microsoft.com/dotnet/fundamentals/code-analysis/quality-rules/ca1416) [D:\Programacion\File Wizard\File Wizard\File Wizard.csproj]
D:\Programacion\File Wizard\File Wizard\Form2.cs(362,37): warning CA1416: Se puede acceder a este sitio de llamada en todas las plataformas. "Label.Text" solo se admite en "windows" 6.1 y versiones posteriores. (https://learn.microsoft.com/dotnet/fundamentals/code-analysis/quality-rules/ca1416) [D:\Programacion\File Wizard\File Wizard\File Wizard.csproj]
D:\Programacion\File Wizard\File Wizard\Form2.cs(273,37): warning CA1416: Se puede acceder a este sitio de llamada en todas las plataformas. "Control.Invoke(Delegate)" solo se admite en "windows" 6.1 y versiones posteriores. (https://learn.microsoft.com/dotnet/fundamentals/code-analysis/quality-rules/ca1416) [D:\Programacion\File Wizard\File Wizard\File Wizard.csproj]
D:\Programacion\File Wizard\File Wizard\Form3.cs(483,49): warning CA1416: Se puede acceder a este sitio de llamada en todas las plataformas. "Control.Invoke(Action)" solo se admite en "windows" 6.1 y versiones posteriores. (https://learn.microsoft.com/dotnet/fundamentals/code-analysis/quality-rules/ca1416) [D:\Programacion\File Wizard\File Wizard\File Wizard.csproj]
D:\Programacion\File Wizard\File Wizard\Form2.cs(479,29): warning CA1416: Se puede acceder a este sitio de llamada en todas las plataformas. "Label.Text" solo se admite en "windows" 6.1 y versiones posteriores. (https://learn.microsoft.com/dotnet/fundamentals/code-analysis/quality-rules/ca1416) [D:\Programacion\File Wizard\File Wizard\File Wizard.csproj]
D:\Programacion\File Wizard\File Wizard\Form3.cs(455,45): warning CA1416: Se puede acceder a este sitio de llamada en todas las plataformas. "ProgressBar.Style" solo se admite en "windows" 6.1 y versiones posteriores. (https://learn.microsoft.com/dotnet/fundamentals/code-analysis/quality-rules/ca1416) [D:\Programacion\File Wizard\File Wizard\File Wizard.csproj]
D:\Programacion\File Wizard\File Wizard\Form2.cs(285,62): warning CA1416: Se puede acceder a este sitio de llamada en todas las plataformas. "TextBox.Text" solo se admite en "windows" 6.1 y versiones posteriores. (https://learn.microsoft.com/dotnet/fundamentals/code-analysis/quality-rules/ca1416) [D:\Programacion\File Wizard\File Wizard\File Wizard.csproj]
D:\Programacion\File Wizard\File Wizard\Form2.cs(340,37): warning CA1416: Se puede acceder a este sitio de llamada en todas las plataformas. "MessageBox.Show(IWin32Window?, string?)" solo se admite en "windows" 6.1 y versiones posteriores. (https://learn.microsoft.com/dotnet/fundamentals/code-analysis/quality-rules/ca1416) [D:\Programacion\File Wizard\File Wizard\File Wizard.csproj]
D:\Programacion\File Wizard\File Wizard\Form3.cs(485,87): warning CA1416: Se puede acceder a este sitio de llamada en todas las plataformas. "ProgressBar.Maximum" solo se admite en "windows" 6.1 y versiones posteriores. (https://learn.microsoft.com/dotnet/fundamentals/code-analysis/quality-rules/ca1416) [D:\Programacion\File Wizard\File Wizard\File Wizard.csproj]
D:\Programacion\File Wizard\File Wizard\Form3.cs(555,21): warning CA1416: Se puede acceder a este sitio de llamada en todas las plataformas. "Control.Invoke(Delegate)" solo se admite en "windows" 6.1 y versiones posteriores. (https://learn.microsoft.com/dotnet/fundamentals/code-analysis/quality-rules/ca1416) [D:\Programacion\File Wizard\File Wizard\File Wizard.csproj]
D:\Programacion\File Wizard\File Wizard\Form2.cs(448,41): warning CA1416: Se puede acceder a este sitio de llamada en todas las plataformas. "Label.Text" solo se admite en "windows" 6.1 y versiones posteriores. (https://learn.microsoft.com/dotnet/fundamentals/code-analysis/quality-rules/ca1416) [D:\Programacion\File Wizard\File Wizard\File Wizard.csproj]
D:\Programacion\File Wizard\File Wizard\Form3.cs(511,41): warning CA1416: Se puede acceder a este sitio de llamada en todas las plataformas. "Control.Visible" solo se admite en "windows" 6.1 y versiones posteriores. (https://learn.microsoft.com/dotnet/fundamentals/code-analysis/quality-rules/ca1416) [D:\Programacion\File Wizard\File Wizard\File Wizard.csproj]
D:\Programacion\File Wizard\File Wizard\Form2.cs(462,33): warning CA1416: Se puede acceder a este sitio de llamada en todas las plataformas. "Control.Invoke(Action)" solo se admite en "windows" 6.1 y versiones posteriores. (https://learn.microsoft.com/dotnet/fundamentals/code-analysis/quality-rules/ca1416) [D:\Programacion\File Wizard\File Wizard\File Wizard.csproj]
D:\Programacion\File Wizard\File Wizard\Form2.cs(460,37): warning CA1416: Se puede acceder a este sitio de llamada en todas las plataformas. "MessageBox.Show(IWin32Window?, string?)" solo se admite en "windows" 6.1 y versiones posteriores. (https://learn.microsoft.com/dotnet/fundamentals/code-analysis/quality-rules/ca1416) [D:\Programacion\File Wizard\File Wizard\File Wizard.csproj]
D:\Programacion\File Wizard\File Wizard\Form3.cs(458,45): warning CA1416: Se puede acceder a este sitio de llamada en todas las plataformas. "Control.Visible" solo se admite en "windows" 6.1 y versiones posteriores. (https://learn.microsoft.com/dotnet/fundamentals/code-analysis/quality-rules/ca1416) [D:\Programacion\File Wizard\File Wizard\File Wizard.csproj]
D:\Programacion\File Wizard\File Wizard\Form3.cs(291,52): warning CA1416: Se puede acceder a este sitio de llamada en todas las plataformas. "TextBox.Text" solo se admite en "windows" 6.1 y versiones posteriores. (https://learn.microsoft.com/dotnet/fundamentals/code-analysis/quality-rules/ca1416) [D:\Programacion\File Wizard\File Wizard\File Wizard.csproj]
D:\Programacion\File Wizard\File Wizard\Form2.cs(406,57): warning CA1416: Se puede acceder a este sitio de llamada en todas las plataformas. "MessageBox.Show(IWin32Window?, string?)" solo se admite en "windows" 6.1 y versiones posteriores. (https://learn.microsoft.com/dotnet/fundamentals/code-analysis/quality-rules/ca1416) [D:\Programacion\File Wizard\File Wizard\File Wizard.csproj]
D:\Programacion\File Wizard\File Wizard\Form2.cs(465,37): warning CA1416: Se puede acceder a este sitio de llamada en todas las plataformas. "Label.Text" solo se admite en "windows" 6.1 y versiones posteriores. (https://learn.microsoft.com/dotnet/fundamentals/code-analysis/quality-rules/ca1416) [D:\Programacion\File Wizard\File Wizard\File Wizard.csproj]
D:\Programacion\File Wizard\File Wizard\Form3.cs(395,37): warning CA1416: Se puede acceder a este sitio de llamada en todas las plataformas. "Control.Visible" solo se admite en "windows" 6.1 y versiones posteriores. (https://learn.microsoft.com/dotnet/fundamentals/code-analysis/quality-rules/ca1416) [D:\Programacion\File Wizard\File Wizard\File Wizard.csproj]
D:\Programacion\File Wizard\File Wizard\Form2.cs(338,33): warning CA1416: Se puede acceder a este sitio de llamada en todas las plataformas. "Control.Invoke(Delegate)" solo se admite en "windows" 6.1 y versiones posteriores. (https://learn.microsoft.com/dotnet/fundamentals/code-analysis/quality-rules/ca1416) [D:\Programacion\File Wizard\File Wizard\File Wizard.csproj]
D:\Programacion\File Wizard\File Wizard\Form3.cs(308,25): warning CA1416: Se puede acceder a este sitio de llamada en todas las plataformas. "Control.Invoke(Action)" solo se admite en "windows" 6.1 y versiones posteriores. (https://learn.microsoft.com/dotnet/fundamentals/code-analysis/quality-rules/ca1416) [D:\Programacion\File Wizard\File Wizard\File Wizard.csproj]
D:\Programacion\File Wizard\File Wizard\Form2.cs(248,29): warning CA1416: Se puede acceder a este sitio de llamada en todas las plataformas. "ProgressBar.Value" solo se admite en "windows" 6.1 y versiones posteriores. (https://learn.microsoft.com/dotnet/fundamentals/code-analysis/quality-rules/ca1416) [D:\Programacion\File Wizard\File Wizard\File Wizard.csproj]
D:\Programacion\File Wizard\File Wizard\Form3.cs(369,45): warning CA1416: Se puede acceder a este sitio de llamada en todas las plataformas. "Control.Invoke(Action)" solo se admite en "windows" 6.1 y versiones posteriores. (https://learn.microsoft.com/dotnet/fundamentals/code-analysis/quality-rules/ca1416) [D:\Programacion\File Wizard\File Wizard\File Wizard.csproj]
D:\Programacion\File Wizard\File Wizard\Form2.cs(288,37): warning CA1416: Se puede acceder a este sitio de llamada en todas las plataformas. "ProgressBar.Style" solo se admite en "windows" 6.1 y versiones posteriores. (https://learn.microsoft.com/dotnet/fundamentals/code-analysis/quality-rules/ca1416) [D:\Programacion\File Wizard\File Wizard\File Wizard.csproj]
D:\Programacion\File Wizard\File Wizard\Form3.cs(354,37): warning CA1416: Se puede acceder a este sitio de llamada en todas las plataformas. "ProgressBar.Value" solo se admite en "windows" 6.1 y versiones posteriores. (https://learn.microsoft.com/dotnet/fundamentals/code-analysis/quality-rules/ca1416) [D:\Programacion\File Wizard\File Wizard\File Wizard.csproj]
D:\Programacion\File Wizard\File Wizard\Form2.cs(305,45): warning CA1416: Se puede acceder a este sitio de llamada en todas las plataformas. "Control.Invoke(Action)" solo se admite en "windows" 6.1 y versiones posteriores. (https://learn.microsoft.com/dotnet/fundamentals/code-analysis/quality-rules/ca1416) [D:\Programacion\File Wizard\File Wizard\File Wizard.csproj]
D:\Programacion\File Wizard\File Wizard\Form3.cs(526,33): warning CA1416: Se puede acceder a este sitio de llamada en todas las plataformas. "Control.Invoke(Action)" solo se admite en "windows" 6.1 y versiones posteriores. (https://learn.microsoft.com/dotnet/fundamentals/code-analysis/quality-rules/ca1416) [D:\Programacion\File Wizard\File Wizard\File Wizard.csproj]
D:\Programacion\File Wizard\File Wizard\Form2.cs(301,45): warning CA1416: Se puede acceder a este sitio de llamada en todas las plataformas. "Control.Invoke(Delegate)" solo se admite en "windows" 6.1 y versiones posteriores. (https://learn.microsoft.com/dotnet/fundamentals/code-analysis/quality-rules/ca1416) [D:\Programacion\File Wizard\File Wizard\File Wizard.csproj]
D:\Programacion\File Wizard\File Wizard\Form3.cs(452,70): warning CA1416: Se puede acceder a este sitio de llamada en todas las plataformas. "TextBox.Text" solo se admite en "windows" 6.1 y versiones posteriores. (https://learn.microsoft.com/dotnet/fundamentals/code-analysis/quality-rules/ca1416) [D:\Programacion\File Wizard\File Wizard\File Wizard.csproj]
D:\Programacion\File Wizard\File Wizard\Form2.cs(423,57): warning CA1416: Se puede acceder a este sitio de llamada en todas las plataformas. "ProgressBar.Value" solo se admite en "windows" 6.1 y versiones posteriores. (https://learn.microsoft.com/dotnet/fundamentals/code-analysis/quality-rules/ca1416) [D:\Programacion\File Wizard\File Wizard\File Wizard.csproj]
D:\Programacion\File Wizard\File Wizard\Form3.cs(524,37): warning CA1416: Se puede acceder a este sitio de llamada en todas las plataformas. "MessageBox.Show(IWin32Window?, string?)" solo se admite en "windows" 6.1 y versiones posteriores. (https://learn.microsoft.com/dotnet/fundamentals/code-analysis/quality-rules/ca1416) [D:\Programacion\File Wizard\File Wizard\File Wizard.csproj]
D:\Programacion\File Wizard\File Wizard\Form2.cs(391,66): warning CA1416: Se puede acceder a este sitio de llamada en todas las plataformas. "ProgressBarStyle.Continuous" solo se admite en "windows" 6.1 y versiones posteriores. (https://learn.microsoft.com/dotnet/fundamentals/code-analysis/quality-rules/ca1416) [D:\Programacion\File Wizard\File Wizard\File Wizard.csproj]
D:\Programacion\File Wizard\File Wizard\Form3.cs(310,50): warning CA1416: Se puede acceder a este sitio de llamada en todas las plataformas. "ProgressBarStyle.Continuous" solo se admite en "windows" 6.1 y versiones posteriores. (https://learn.microsoft.com/dotnet/fundamentals/code-analysis/quality-rules/ca1416) [D:\Programacion\File Wizard\File Wizard\File Wizard.csproj]
D:\Programacion\File Wizard\File Wizard\Form2.cs(458,33): warning CA1416: Se puede acceder a este sitio de llamada en todas las plataformas. "Control.Invoke(Delegate)" solo se admite en "windows" 6.1 y versiones posteriores. (https://learn.microsoft.com/dotnet/fundamentals/code-analysis/quality-rules/ca1416) [D:\Programacion\File Wizard\File Wizard\File Wizard.csproj]
D:\Programacion\File Wizard\File Wizard\Form2.cs(434,45): warning CA1416: Se puede acceder a este sitio de llamada en todas las plataformas. "Control.Visible" solo se admite en "windows" 6.1 y versiones posteriores. (https://learn.microsoft.com/dotnet/fundamentals/code-analysis/quality-rules/ca1416) [D:\Programacion\File Wizard\File Wizard\File Wizard.csproj]
D:\Programacion\File Wizard\File Wizard\Form3.cs(474,57): warning CA1416: Se puede acceder a este sitio de llamada en todas las plataformas. "Control.Visible" solo se admite en "windows" 6.1 y versiones posteriores. (https://learn.microsoft.com/dotnet/fundamentals/code-analysis/quality-rules/ca1416) [D:\Programacion\File Wizard\File Wizard\File Wizard.csproj]
D:\Programacion\File Wizard\File Wizard\Form3.cs(288,52): warning CA1416: Se puede acceder a este sitio de llamada en todas las plataformas. "TextBox.Text" solo se admite en "windows" 6.1 y versiones posteriores. (https://learn.microsoft.com/dotnet/fundamentals/code-analysis/quality-rules/ca1416) [D:\Programacion\File Wizard\File Wizard\File Wizard.csproj]
D:\Programacion\File Wizard\File Wizard\Form2.cs(357,37): warning CA1416: Se puede acceder a este sitio de llamada en todas las plataformas. "MessageBox.Show(IWin32Window?, string?)" solo se admite en "windows" 6.1 y versiones posteriores. (https://learn.microsoft.com/dotnet/fundamentals/code-analysis/quality-rules/ca1416) [D:\Programacion\File Wizard\File Wizard\File Wizard.csproj]
D:\Programacion\File Wizard\File Wizard\Form3.cs(426,37): warning CA1416: Se puede acceder a este sitio de llamada en todas las plataformas. "Label.Text" solo se admite en "windows" 6.1 y versiones posteriores. (https://learn.microsoft.com/dotnet/fundamentals/code-analysis/quality-rules/ca1416) [D:\Programacion\File Wizard\File Wizard\File Wizard.csproj]
D:\Programacion\File Wizard\File Wizard\Form2.cs(320,49): warning CA1416: Se puede acceder a este sitio de llamada en todas las plataformas. "ProgressBar.Value" solo se admite en "windows" 6.1 y versiones posteriores. (https://learn.microsoft.com/dotnet/fundamentals/code-analysis/quality-rules/ca1416) [D:\Programacion\File Wizard\File Wizard\File Wizard.csproj]
D:\Programacion\File Wizard\File Wizard\Form3.cs(548,21): warning CA1416: Se puede acceder a este sitio de llamada en todas las plataformas. "Control.Invoke(Delegate)" solo se admite en "windows" 6.1 y versiones posteriores. (https://learn.microsoft.com/dotnet/fundamentals/code-analysis/quality-rules/ca1416) [D:\Programacion\File Wizard\File Wizard\File Wizard.csproj]
D:\Programacion\File Wizard\File Wizard\Form2.cs(324,49): warning CA1416: Se puede acceder a este sitio de llamada en todas las plataformas. "ProgressBar.Value" solo se admite en "windows" 6.1 y versiones posteriores. (https://learn.microsoft.com/dotnet/fundamentals/code-analysis/quality-rules/ca1416) [D:\Programacion\File Wizard\File Wizard\File Wizard.csproj]
D:\Programacion\File Wizard\File Wizard\Form3.cs(367,49): warning CA1416: Se puede acceder a este sitio de llamada en todas las plataformas. "MessageBox.Show(IWin32Window?, string?)" solo se admite en "windows" 6.1 y versiones posteriores. (https://learn.microsoft.com/dotnet/fundamentals/code-analysis/quality-rules/ca1416) [D:\Programacion\File Wizard\File Wizard\File Wizard.csproj]
D:\Programacion\File Wizard\File Wizard\Form2.cs(464,37): warning CA1416: Se puede acceder a este sitio de llamada en todas las plataformas. "Control.Visible" solo se admite en "windows" 6.1 y versiones posteriores. (https://learn.microsoft.com/dotnet/fundamentals/code-analysis/quality-rules/ca1416) [D:\Programacion\File Wizard\File Wizard\File Wizard.csproj]
D:\Programacion\File Wizard\File Wizard\Form3.cs(341,37): warning CA1416: Se puede acceder a este sitio de llamada en todas las plataformas. "Control.Invoke(Action)" solo se admite en "windows" 6.1 y versiones posteriores. (https://learn.microsoft.com/dotnet/fundamentals/code-analysis/quality-rules/ca1416) [D:\Programacion\File Wizard\File Wizard\File Wizard.csproj]
D:\Programacion\File Wizard\File Wizard\Form3.cs(423,33): warning CA1416: Se puede acceder a este sitio de llamada en todas las plataformas. "Control.Invoke(Action)" solo se admite en "windows" 6.1 y versiones posteriores. (https://learn.microsoft.com/dotnet/fundamentals/code-analysis/quality-rules/ca1416) [D:\Programacion\File Wizard\File Wizard\File Wizard.csproj]
D:\Programacion\File Wizard\File Wizard\Form2.cs(421,87): warning CA1416: Se puede acceder a este sitio de llamada en todas las plataformas. "ProgressBar.Maximum" solo se admite en "windows" 6.1 y versiones posteriores. (https://learn.microsoft.com/dotnet/fundamentals/code-analysis/quality-rules/ca1416) [D:\Programacion\File Wizard\File Wizard\File Wizard.csproj]
D:\Programacion\File Wizard\File Wizard\Form3.cs(443,49): warning CA1416: Se puede acceder a este sitio de llamada en todas las plataformas. "MessageBox.Show(IWin32Window?, string?)" solo se admite en "windows" 6.1 y versiones posteriores. (https://learn.microsoft.com/dotnet/fundamentals/code-analysis/quality-rules/ca1416) [D:\Programacion\File Wizard\File Wizard\File Wizard.csproj]
D:\Programacion\File Wizard\File Wizard\Form2.cs(410,57): warning CA1416: Se puede acceder a este sitio de llamada en todas las plataformas. "Control.Visible" solo se admite en "windows" 6.1 y versiones posteriores. (https://learn.microsoft.com/dotnet/fundamentals/code-analysis/quality-rules/ca1416) [D:\Programacion\File Wizard\File Wizard\File Wizard.csproj]
D:\Programacion\File Wizard\File Wizard\Form2.cs(291,37): warning CA1416: Se puede acceder a este sitio de llamada en todas las plataformas. "Control.Visible" solo se admite en "windows" 6.1 y versiones posteriores. (https://learn.microsoft.com/dotnet/fundamentals/code-analysis/quality-rules/ca1416) [D:\Programacion\File Wizard\File Wizard\File Wizard.csproj]
D:\Programacion\File Wizard\File Wizard\Form2.cs(256,33): warning CA1416: Se puede acceder a este sitio de llamada en todas las plataformas. "Control.Invoke(Delegate)" solo se admite en "windows" 6.1 y versiones posteriores. (https://learn.microsoft.com/dotnet/fundamentals/code-analysis/quality-rules/ca1416) [D:\Programacion\File Wizard\File Wizard\File Wizard.csproj]
D:\Programacion\File Wizard\File Wizard\Form2.cs(393,45): warning CA1416: Se puede acceder a este sitio de llamada en todas las plataformas. "ProgressBar.Value" solo se admite en "windows" 6.1 y versiones posteriores. (https://learn.microsoft.com/dotnet/fundamentals/code-analysis/quality-rules/ca1416) [D:\Programacion\File Wizard\File Wizard\File Wizard.csproj]
D:\Programacion\File Wizard\File Wizard\Form2.cs(435,45): warning CA1416: Se puede acceder a este sitio de llamada en todas las plataformas. "Label.Text" solo se admite en "windows" 6.1 y versiones posteriores. (https://learn.microsoft.com/dotnet/fundamentals/code-analysis/quality-rules/ca1416) [D:\Programacion\File Wizard\File Wizard\File Wizard.csproj]
D:\Programacion\File Wizard\File Wizard\Form2.cs(331,37): warning CA1416: Se puede acceder a este sitio de llamada en todas las plataformas. "Control.Visible" solo se admite en "windows" 6.1 y versiones posteriores. (https://learn.microsoft.com/dotnet/fundamentals/code-analysis/quality-rules/ca1416) [D:\Programacion\File Wizard\File Wizard\File Wizard.csproj]
D:\Programacion\File Wizard\File Wizard\Form2.cs(260,33): warning CA1416: Se puede acceder a este sitio de llamada en todas las plataformas. "Control.Invoke(Action)" solo se admite en "windows" 6.1 y versiones posteriores. (https://learn.microsoft.com/dotnet/fundamentals/code-analysis/quality-rules/ca1416) [D:\Programacion\File Wizard\File Wizard\File Wizard.csproj]
D:\Programacion\File Wizard\File Wizard\Form2.cs(307,49): warning CA1416: Se puede acceder a este sitio de llamada en todas las plataformas. "Control.Visible" solo se admite en "windows" 6.1 y versiones posteriores. (https://learn.microsoft.com/dotnet/fundamentals/code-analysis/quality-rules/ca1416) [D:\Programacion\File Wizard\File Wizard\File Wizard.csproj]
D:\Programacion\File Wizard\File Wizard\Form2.cs(275,41): warning CA1416: Se puede acceder a este sitio de llamada en todas las plataformas. "MessageBox.Show(IWin32Window?, string?)" solo se admite en "windows" 6.1 y versiones posteriores. (https://learn.microsoft.com/dotnet/fundamentals/code-analysis/quality-rules/ca1416) [D:\Programacion\File Wizard\File Wizard\File Wizard.csproj]
D:\Programacion\File Wizard\File Wizard\Form2.cs(262,37): warning CA1416: Se puede acceder a este sitio de llamada en todas las plataformas. "Control.Visible" solo se admite en "windows" 6.1 y versiones posteriores. (https://learn.microsoft.com/dotnet/fundamentals/code-analysis/quality-rules/ca1416) [D:\Programacion\File Wizard\File Wizard\File Wizard.csproj]
D:\Programacion\File Wizard\File Wizard\Form2.cs(316,41): warning CA1416: Se puede acceder a este sitio de llamada en todas las plataformas. "Control.Invoke(Action)" solo se admite en "windows" 6.1 y versiones posteriores. (https://learn.microsoft.com/dotnet/fundamentals/code-analysis/quality-rules/ca1416) [D:\Programacion\File Wizard\File Wizard\File Wizard.csproj]
D:\Programacion\File Wizard\File Wizard\Form2.cs(404,53): warning CA1416: Se puede acceder a este sitio de llamada en todas las plataformas. "Control.Invoke(Delegate)" solo se admite en "windows" 6.1 y versiones posteriores. (https://learn.microsoft.com/dotnet/fundamentals/code-analysis/quality-rules/ca1416) [D:\Programacion\File Wizard\File Wizard\File Wizard.csproj]
D:\Programacion\File Wizard\File Wizard\Form2.cs(318,79): warning CA1416: Se puede acceder a este sitio de llamada en todas las plataformas. "ProgressBar.Maximum" solo se admite en "windows" 6.1 y versiones posteriores. (https://learn.microsoft.com/dotnet/fundamentals/code-analysis/quality-rules/ca1416) [D:\Programacion\File Wizard\File Wizard\File Wizard.csproj]
D:\Programacion\File Wizard\File Wizard\Form2.cs(389,41): warning CA1416: Se puede acceder a este sitio de llamada en todas las plataformas. "Control.Invoke(Action)" solo se admite en "windows" 6.1 y versiones posteriores. (https://learn.microsoft.com/dotnet/fundamentals/code-analysis/quality-rules/ca1416) [D:\Programacion\File Wizard\File Wizard\File Wizard.csproj]
D:\Programacion\File Wizard\File Wizard\Form2.cs(345,37): warning CA1416: Se puede acceder a este sitio de llamada en todas las plataformas. "Label.Text" solo se admite en "windows" 6.1 y versiones posteriores. (https://learn.microsoft.com/dotnet/fundamentals/code-analysis/quality-rules/ca1416) [D:\Programacion\File Wizard\File Wizard\File Wizard.csproj]
D:\Programacion\File Wizard\File Wizard\Form2.cs(279,41): warning CA1416: Se puede acceder a este sitio de llamada en todas las plataformas. "Control.Visible" solo se admite en "windows" 6.1 y versiones posteriores. (https://learn.microsoft.com/dotnet/fundamentals/code-analysis/quality-rules/ca1416) [D:\Programacion\File Wizard\File Wizard\File Wizard.csproj]
D:\Programacion\File Wizard\File Wizard\Form2.cs(175,25): warning CA1416: Se puede acceder a este sitio de llamada en todas las plataformas. "RadioButton.Checked" solo se admite en "windows" 6.1 y versiones posteriores. (https://learn.microsoft.com/dotnet/fundamentals/code-analysis/quality-rules/ca1416) [D:\Programacion\File Wizard\File Wizard\File Wizard.csproj]
D:\Programacion\File Wizard\File Wizard\Form2.cs(441,37): warning CA1416: Se puede acceder a este sitio de llamada en todas las plataformas. "Control.Invoke(Delegate)" solo se admite en "windows" 6.1 y versiones posteriores. (https://learn.microsoft.com/dotnet/fundamentals/code-analysis/quality-rules/ca1416) [D:\Programacion\File Wizard\File Wizard\File Wizard.csproj]
D:\Programacion\File Wizard\File Wizard\Form2.cs(379,49): warning CA1416: Se puede acceder a este sitio de llamada en todas las plataformas. "MessageBox.Show(IWin32Window?, string?)" solo se admite en "windows" 6.1 y versiones posteriores. (https://learn.microsoft.com/dotnet/fundamentals/code-analysis/quality-rules/ca1416) [D:\Programacion\File Wizard\File Wizard\File Wizard.csproj]
D:\Programacion\File Wizard\File Wizard\Form2.cs(234,25): warning CA1416: Se puede acceder a este sitio de llamada en todas las plataformas. "CheckBox.Checked" solo se admite en "windows" 6.1 y versiones posteriores. (https://learn.microsoft.com/dotnet/fundamentals/code-analysis/quality-rules/ca1416) [D:\Programacion\File Wizard\File Wizard\File Wizard.csproj]
D:\Programacion\File Wizard\File Wizard\Form2.cs(391,45): warning CA1416: Se puede acceder a este sitio de llamada en todas las plataformas. "ProgressBar.Style" solo se admite en "windows" 6.1 y versiones posteriores. (https://learn.microsoft.com/dotnet/fundamentals/code-analysis/quality-rules/ca1416) [D:\Programacion\File Wizard\File Wizard\File Wizard.csproj]
D:\Programacion\File Wizard\File Wizard\Form2.cs(359,33): warning CA1416: Se puede acceder a este sitio de llamada en todas las plataformas. "Control.Invoke(Action)" solo se admite en "windows" 6.1 y versiones posteriores. (https://learn.microsoft.com/dotnet/fundamentals/code-analysis/quality-rules/ca1416) [D:\Programacion\File Wizard\File Wizard\File Wizard.csproj]
D:\Programacion\File Wizard\File Wizard\Form2.cs(388,70): warning CA1416: Se puede acceder a este sitio de llamada en todas las plataformas. "TextBox.Text" solo se admite en "windows" 6.1 y versiones posteriores. (https://learn.microsoft.com/dotnet/fundamentals/code-analysis/quality-rules/ca1416) [D:\Programacion\File Wizard\File Wizard\File Wizard.csproj]
D:\Programacion\File Wizard\File Wizard\Form2.cs(355,33): warning CA1416: Se puede acceder a este sitio de llamada en todas las plataformas. "Control.Invoke(Delegate)" solo se admite en "windows" 6.1 y versiones posteriores. (https://learn.microsoft.com/dotnet/fundamentals/code-analysis/quality-rules/ca1416) [D:\Programacion\File Wizard\File Wizard\File Wizard.csproj]
D:\Programacion\File Wizard\File Wizard\Form2.cs(489,21): warning CA1416: Se puede acceder a este sitio de llamada en todas las plataformas. "Control.Invoke(Delegate)" solo se admite en "windows" 6.1 y versiones posteriores. (https://learn.microsoft.com/dotnet/fundamentals/code-analysis/quality-rules/ca1416) [D:\Programacion\File Wizard\File Wizard\File Wizard.csproj]
D:\Programacion\File Wizard\File Wizard\Form2.cs(478,29): warning CA1416: Se puede acceder a este sitio de llamada en todas las plataformas. "Control.Visible" solo se admite en "windows" 6.1 y versiones posteriores. (https://learn.microsoft.com/dotnet/fundamentals/code-analysis/quality-rules/ca1416) [D:\Programacion\File Wizard\File Wizard\File Wizard.csproj]
D:\Programacion\File Wizard\File Wizard\Form2.cs(250,29): warning CA1416: Se puede acceder a este sitio de llamada en todas las plataformas. "Label.Text" solo se admite en "windows" 6.1 y versiones posteriores. (https://learn.microsoft.com/dotnet/fundamentals/code-analysis/quality-rules/ca1416) [D:\Programacion\File Wizard\File Wizard\File Wizard.csproj]
D:\Programacion\File Wizard\File Wizard\Form2.cs(499,25): warning CA1416: Se puede acceder a este sitio de llamada en todas las plataformas. "MessageBox.Show(IWin32Window?, string?)" solo se admite en "windows" 6.1 y versiones posteriores. (https://learn.microsoft.com/dotnet/fundamentals/code-analysis/quality-rules/ca1416) [D:\Programacion\File Wizard\File Wizard\File Wizard.csproj]
D:\Programacion\File Wizard\File Wizard\Form2.cs(432,41): warning CA1416: Se puede acceder a este sitio de llamada en todas las plataformas. "Control.Invoke(Action)" solo se admite en "windows" 6.1 y versiones posteriores. (https://learn.microsoft.com/dotnet/fundamentals/code-analysis/quality-rules/ca1416) [D:\Programacion\File Wizard\File Wizard\File Wizard.csproj]
D:\Programacion\File Wizard\File Wizard\Form2.cs(392,45): warning CA1416: Se puede acceder a este sitio de llamada en todas las plataformas. "ProgressBar.Maximum" solo se admite en "windows" 6.1 y versiones posteriores. (https://learn.microsoft.com/dotnet/fundamentals/code-analysis/quality-rules/ca1416) [D:\Programacion\File Wizard\File Wizard\File Wizard.csproj]
D:\Programacion\File Wizard\File Wizard\Form2.cs(497,21): warning CA1416: Se puede acceder a este sitio de llamada en todas las plataformas. "Control.Invoke(Delegate)" solo se admite en "windows" 6.1 y versiones posteriores. (https://learn.microsoft.com/dotnet/fundamentals/code-analysis/quality-rules/ca1416) [D:\Programacion\File Wizard\File Wizard\File Wizard.csproj]
D:\Programacion\File Wizard\File Wizard\Form2.cs(292,37): warning CA1416: Se puede acceder a este sitio de llamada en todas las plataformas. "Label.Text" solo se admite en "windows" 6.1 y versiones posteriores. (https://learn.microsoft.com/dotnet/fundamentals/code-analysis/quality-rules/ca1416) [D:\Programacion\File Wizard\File Wizard\File Wizard.csproj]
D:\Programacion\File Wizard\File Wizard\Form2.cs(419,49): warning CA1416: Se puede acceder a este sitio de llamada en todas las plataformas. "Control.Invoke(Action)" solo se admite en "windows" 6.1 y versiones posteriores. (https://learn.microsoft.com/dotnet/fundamentals/code-analysis/quality-rules/ca1416) [D:\Programacion\File Wizard\File Wizard\File Wizard.csproj]
D:\Programacion\File Wizard\File Wizard\Form2.cs(165,38): warning CA1416: Se puede acceder a este sitio de llamada en todas las plataformas. "TextBoxBase.Lines" solo se admite en "windows" 6.1 y versiones posteriores. (https://learn.microsoft.com/dotnet/fundamentals/code-analysis/quality-rules/ca1416) [D:\Programacion\File Wizard\File Wizard\File Wizard.csproj]
D:\Programacion\File Wizard\File Wizard\Form2.cs(491,25): warning CA1416: Se puede acceder a este sitio de llamada en todas las plataformas. "MessageBox.Show(IWin32Window?, string?)" solo se admite en "windows" 6.1 y versiones posteriores. (https://learn.microsoft.com/dotnet/fundamentals/code-analysis/quality-rules/ca1416) [D:\Programacion\File Wizard\File Wizard\File Wizard.csproj]
D:\Programacion\File Wizard\File Wizard\Form2.cs(286,33): warning CA1416: Se puede acceder a este sitio de llamada en todas las plataformas. "Control.Invoke(Action)" solo se admite en "windows" 6.1 y versiones posteriores. (https://learn.microsoft.com/dotnet/fundamentals/code-analysis/quality-rules/ca1416) [D:\Programacion\File Wizard\File Wizard\File Wizard.csproj]
D:\Programacion\File Wizard\File Wizard\Form2.cs(308,49): warning CA1416: Se puede acceder a este sitio de llamada en todas las plataformas. "Label.Text" solo se admite en "windows" 6.1 y versiones posteriores. (https://learn.microsoft.com/dotnet/fundamentals/code-analysis/quality-rules/ca1416) [D:\Programacion\File Wizard\File Wizard\File Wizard.csproj]
D:\Programacion\File Wizard\File Wizard\Form2.cs(244,25): warning CA1416: Se puede acceder a este sitio de llamada en todas las plataformas. "Control.Invoke(Action)" solo se admite en "windows" 6.1 y versiones posteriores. (https://learn.microsoft.com/dotnet/fundamentals/code-analysis/quality-rules/ca1416) [D:\Programacion\File Wizard\File Wizard\File Wizard.csproj]
D:\Programacion\File Wizard\File Wizard\Form2.cs(381,45): warning CA1416: Se puede acceder a este sitio de llamada en todas las plataformas. "Control.Invoke(Action)" solo se admite en "windows" 6.1 y versiones posteriores. (https://learn.microsoft.com/dotnet/fundamentals/code-analysis/quality-rules/ca1416) [D:\Programacion\File Wizard\File Wizard\File Wizard.csproj]
D:\Programacion\File Wizard\File Wizard\Form2.cs(329,33): warning CA1416: Se puede acceder a este sitio de llamada en todas las plataformas. "Control.Invoke(Action)" solo se admite en "windows" 6.1 y versiones posteriores. (https://learn.microsoft.com/dotnet/fundamentals/code-analysis/quality-rules/ca1416) [D:\Programacion\File Wizard\File Wizard\File Wizard.csproj]
D:\Programacion\File Wizard\File Wizard\Form2.cs(394,45): warning CA1416: Se puede acceder a este sitio de llamada en todas las plataformas. "Control.Visible" solo se admite en "windows" 6.1 y versiones posteriores. (https://learn.microsoft.com/dotnet/fundamentals/code-analysis/quality-rules/ca1416) [D:\Programacion\File Wizard\File Wizard\File Wizard.csproj]
D:\Programacion\File Wizard\File Wizard\Form2.cs(246,50): warning CA1416: Se puede acceder a este sitio de llamada en todas las plataformas. "ProgressBarStyle.Continuous" solo se admite en "windows" 6.1 y versiones posteriores. (https://learn.microsoft.com/dotnet/fundamentals/code-analysis/quality-rules/ca1416) [D:\Programacion\File Wizard\File Wizard\File Wizard.csproj]
D:\Programacion\File Wizard\File Wizard\Form2.cs(249,29): warning CA1416: Se puede acceder a este sitio de llamada en todas las plataformas. "Control.Visible" solo se admite en "windows" 6.1 y versiones posteriores. (https://learn.microsoft.com/dotnet/fundamentals/code-analysis/quality-rules/ca1416) [D:\Programacion\File Wizard\File Wizard\File Wizard.csproj]
D:\Programacion\File Wizard\File Wizard\Form2.cs(476,25): warning CA1416: Se puede acceder a este sitio de llamada en todas las plataformas. "Control.Invoke(Action)" solo se admite en "windows" 6.1 y versiones posteriores. (https://learn.microsoft.com/dotnet/fundamentals/code-analysis/quality-rules/ca1416) [D:\Programacion\File Wizard\File Wizard\File Wizard.csproj]
D:\Programacion\File Wizard\File Wizard\Form2.cs(383,49): warning CA1416: Se puede acceder a este sitio de llamada en todas las plataformas. "Control.Visible" solo se admite en "windows" 6.1 y versiones posteriores. (https://learn.microsoft.com/dotnet/fundamentals/code-analysis/quality-rules/ca1416) [D:\Programacion\File Wizard\File Wizard\File Wizard.csproj]
D:\Programacion\File Wizard\File Wizard\Form2.cs(288,58): warning CA1416: Se puede acceder a este sitio de llamada en todas las plataformas. "ProgressBarStyle.Continuous" solo se admite en "windows" 6.1 y versiones posteriores. (https://learn.microsoft.com/dotnet/fundamentals/code-analysis/quality-rules/ca1416) [D:\Programacion\File Wizard\File Wizard\File Wizard.csproj]
D:\Programacion\File Wizard\File Wizard\Form2.cs(247,29): warning CA1416: Se puede acceder a este sitio de llamada en todas las plataformas. "ProgressBar.Maximum" solo se admite en "windows" 6.1 y versiones posteriores. (https://learn.microsoft.com/dotnet/fundamentals/code-analysis/quality-rules/ca1416) [D:\Programacion\File Wizard\File Wizard\File Wizard.csproj]
D:\Programacion\File Wizard\File Wizard\Form2.cs(258,37): warning CA1416: Se puede acceder a este sitio de llamada en todas las plataformas. "MessageBox.Show(IWin32Window?, string?)" solo se admite en "windows" 6.1 y versiones posteriores. (https://learn.microsoft.com/dotnet/fundamentals/code-analysis/quality-rules/ca1416) [D:\Programacion\File Wizard\File Wizard\File Wizard.csproj]
D:\Programacion\File Wizard\File Wizard\Form2.cs(384,49): warning CA1416: Se puede acceder a este sitio de llamada en todas las plataformas. "Label.Text" solo se admite en "windows" 6.1 y versiones posteriores. (https://learn.microsoft.com/dotnet/fundamentals/code-analysis/quality-rules/ca1416) [D:\Programacion\File Wizard\File Wizard\File Wizard.csproj]
D:\Programacion\File Wizard\File Wizard\Form2.cs(332,37): warning CA1416: Se puede acceder a este sitio de llamada en todas las plataformas. "Label.Text" solo se admite en "windows" 6.1 y versiones posteriores. (https://learn.microsoft.com/dotnet/fundamentals/code-analysis/quality-rules/ca1416) [D:\Programacion\File Wizard\File Wizard\File Wizard.csproj]
D:\Programacion\File Wizard\File Wizard\Form2.cs(303,49): warning CA1416: Se puede acceder a este sitio de llamada en todas las plataformas. "MessageBox.Show(IWin32Window?, string?)" solo se admite en "windows" 6.1 y versiones posteriores. (https://learn.microsoft.com/dotnet/fundamentals/code-analysis/quality-rules/ca1416) [D:\Programacion\File Wizard\File Wizard\File Wizard.csproj]
D:\Programacion\File Wizard\File Wizard\Form2.cs(408,53): warning CA1416: Se puede acceder a este sitio de llamada en todas las plataformas. "Control.Invoke(Action)" solo se admite en "windows" 6.1 y versiones posteriores. (https://learn.microsoft.com/dotnet/fundamentals/code-analysis/quality-rules/ca1416) [D:\Programacion\File Wizard\File Wizard\File Wizard.csproj]
D:\Programacion\File Wizard\File Wizard\Form2.cs(395,45): warning CA1416: Se puede acceder a este sitio de llamada en todas las plataformas. "Label.Text" solo se admite en "windows" 6.1 y versiones posteriores. (https://learn.microsoft.com/dotnet/fundamentals/code-analysis/quality-rules/ca1416) [D:\Programacion\File Wizard\File Wizard\File Wizard.csproj]
D:\Programacion\File Wizard\File Wizard\Form2.cs(507,21): warning CA1416: Se puede acceder a este sitio de llamada en todas las plataformas. "MessageBox.Show(IWin32Window?, string?)" solo se admite en "windows" 6.1 y versiones posteriores. (https://learn.microsoft.com/dotnet/fundamentals/code-analysis/quality-rules/ca1416) [D:\Programacion\File Wizard\File Wizard\File Wizard.csproj]
D:\Programacion\File Wizard\File Wizard\Form2.cs(246,29): warning CA1416: Se puede acceder a este sitio de llamada en todas las plataformas. "ProgressBar.Style" solo se admite en "windows" 6.1 y versiones posteriores. (https://learn.microsoft.com/dotnet/fundamentals/code-analysis/quality-rules/ca1416) [D:\Programacion\File Wizard\File Wizard\File Wizard.csproj]
D:\Programacion\File Wizard\File Wizard\Form2.cs(280,41): warning CA1416: Se puede acceder a este sitio de llamada en todas las plataformas. "Label.Text" solo se admite en "windows" 6.1 y versiones posteriores. (https://learn.microsoft.com/dotnet/fundamentals/code-analysis/quality-rules/ca1416) [D:\Programacion\File Wizard\File Wizard\File Wizard.csproj]
D:\Programacion\File Wizard\File Wizard\Form2.cs(472,25): warning CA1416: Se puede acceder a este sitio de llamada en todas las plataformas. "Control.Invoke(Delegate)" solo se admite en "windows" 6.1 y versiones posteriores. (https://learn.microsoft.com/dotnet/fundamentals/code-analysis/quality-rules/ca1416) [D:\Programacion\File Wizard\File Wizard\File Wizard.csproj]
D:\Programacion\File Wizard\File Wizard\Form2.cs(361,37): warning CA1416: Se puede acceder a este sitio de llamada en todas las plataformas. "Control.Visible" solo se admite en "windows" 6.1 y versiones posteriores. (https://learn.microsoft.com/dotnet/fundamentals/code-analysis/quality-rules/ca1416) [D:\Programacion\File Wizard\File Wizard\File Wizard.csproj]
D:\Programacion\File Wizard\File Wizard\Form2.cs(289,37): warning CA1416: Se puede acceder a este sitio de llamada en todas las plataformas. "ProgressBar.Maximum" solo se admite en "windows" 6.1 y versiones posteriores. (https://learn.microsoft.com/dotnet/fundamentals/code-analysis/quality-rules/ca1416) [D:\Programacion\File Wizard\File Wizard\File Wizard.csproj]
D:\Programacion\File Wizard\File Wizard\Form1.Designer.cs(31,130): error CS0246: El nombre del tipo o del espacio de nombres 'Form1' no se encontr├│ (┬┐falta una directiva using o una referencia de ensamblado?) [D:\Programacion\File Wizard\File Wizard\File Wizard.csproj]
    589 Advertencia(s)
    1 Errores

Tiempo transcurrido 00:00:02.31
